###############################################################################
#
# IAR ELF Linker V9.20.2.320/W64 for ARM                  12/Jul/2023  11:10:01
# Copyright 2007-2021 IAR Systems AB.
#
#    Output file  =
#        F:\PROJECTS\GANGES\2023\07.07.2023\PHASE 3\Track changer
#        Converted\CODE_G3_SCTC_CNV_08.06.2023\Track changer
#        converted\iar\buildoutput\Solar_Robot_Board_Test1.out
#    Map file     =
#        F:\PROJECTS\GANGES\2023\07.07.2023\PHASE 3\Track changer
#        Converted\CODE_G3_SCTC_CNV_08.06.2023\Track changer
#        converted\iar\release\list\Solar_Robot_Board_Test1.map
#    Command line =
#        -f "F:\PROJECTS\GANGES\2023\07.07.2023\PHASE 3\Track changer
#        Converted\CODE_G3_SCTC_CNV_08.06.2023\Track changer
#        converted\iar\buildoutput\Solar_Robot_Board_Test1.out.rsp"
#        ("F:\PROJECTS\GANGES\2023\07.07.2023\PHASE 3\Track changer
#        Converted\CODE_G3_SCTC_CNV_08.06.2023\Track changer
#        converted\iar\release\obj\source\ADC\adc.o"
#        "F:\PROJECTS\GANGES\2023\07.07.2023\PHASE 3\Track changer
#        Converted\CODE_G3_SCTC_CNV_08.06.2023\Track changer
#        converted\iar\release\obj\source\API Processing\APIProcessing.o"
#        "F:\PROJECTS\GANGES\2023\07.07.2023\PHASE 3\Track changer
#        Converted\CODE_G3_SCTC_CNV_08.06.2023\Track changer
#        converted\iar\release\obj\source\RobotOperation\AutoSchedule\AutoSchedule.o"
#        "F:\PROJECTS\GANGES\2023\07.07.2023\PHASE 3\Track changer
#        Converted\CODE_G3_SCTC_CNV_08.06.2023\Track changer
#        converted\iar\release\obj\source\LTC4015\bat_i2c.o"
#        "F:\PROJECTS\GANGES\2023\07.07.2023\PHASE 3\Track changer
#        Converted\CODE_G3_SCTC_CNV_08.06.2023\Track changer
#        converted\iar\release\obj\source\Communication\BmsUart\BmsUart.o"
#        "F:\PROJECTS\GANGES\2023\07.07.2023\PHASE 3\Track changer
#        Converted\CODE_G3_SCTC_CNV_08.06.2023\Track changer
#        converted\iar\release\obj\board\board.o"
#        "F:\PROJECTS\GANGES\2023\07.07.2023\PHASE 3\Track changer
#        Converted\CODE_G3_SCTC_CNV_08.06.2023\Track changer
#        converted\iar\release\obj\source\RobotControl\BrushControl\BrushControl.o"
#        "F:\PROJECTS\GANGES\2023\07.07.2023\PHASE 3\Track changer
#        Converted\CODE_G3_SCTC_CNV_08.06.2023\Track changer
#        converted\iar\release\obj\source\MotorControl\BrushMotor\BrushMotorControl.o"
#        "F:\PROJECTS\GANGES\2023\07.07.2023\PHASE 3\Track changer
#        Converted\CODE_G3_SCTC_CNV_08.06.2023\Track changer
#        converted\iar\release\obj\source\MotorControl\BrushMotor\BrushMotorControl_hal.o"
#        "F:\PROJECTS\GANGES\2023\07.07.2023\PHASE 3\Track changer
#        Converted\CODE_G3_SCTC_CNV_08.06.2023\Track changer
#        converted\iar\release\obj\source\MotorControl\BrushMotor\BrushPwm\BrushPwm.o"
#        "F:\PROJECTS\GANGES\2023\07.07.2023\PHASE 3\Track changer
#        Converted\CODE_G3_SCTC_CNV_08.06.2023\Track changer
#        converted\iar\release\obj\source\PROXIMITY\cleanerdetect1.o"
#        "F:\PROJECTS\GANGES\2023\07.07.2023\PHASE 3\Track changer
#        Converted\CODE_G3_SCTC_CNV_08.06.2023\Track changer
#        converted\iar\release\obj\source\PROXIMITY\cleanerdetect2.o"
#        "F:\PROJECTS\GANGES\2023\07.07.2023\PHASE 3\Track changer
#        Converted\CODE_G3_SCTC_CNV_08.06.2023\Track changer
#        converted\iar\release\obj\source\PROXIMITY\cleanerdetectcommon.o"
#        "F:\PROJECTS\GANGES\2023\07.07.2023\PHASE 3\Track changer
#        Converted\CODE_G3_SCTC_CNV_08.06.2023\Track changer
#        converted\iar\release\obj\board\clock_config.o"
#        "F:\PROJECTS\GANGES\2023\07.07.2023\PHASE 3\Track changer
#        Converted\CODE_G3_SCTC_CNV_08.06.2023\Track changer
#        converted\iar\release\obj\source\Communication\CommCommon.o"
#        "F:\PROJECTS\GANGES\2023\07.07.2023\PHASE 3\Track changer
#        Converted\CODE_G3_SCTC_CNV_08.06.2023\Track changer
#        converted\iar\release\obj\source\Communication\ConfigUart\ConfigUart
#        API Process\ConfigAPIProcess.o"
#        "F:\PROJECTS\GANGES\2023\07.07.2023\PHASE 3\Track changer
#        Converted\CODE_G3_SCTC_CNV_08.06.2023\Track changer
#        converted\iar\release\obj\source\Communication\ConfigUart\ConfigUart.o"
#        "F:\PROJECTS\GANGES\2023\07.07.2023\PHASE 3\Track changer
#        Converted\CODE_G3_SCTC_CNV_08.06.2023\Track changer
#        converted\iar\release\obj\source\RobotOperation\CycleMode\CycleMode.o"
#        "F:\PROJECTS\GANGES\2023\07.07.2023\PHASE 3\Track changer
#        Converted\CODE_G3_SCTC_CNV_08.06.2023\Track changer
#        converted\iar\release\obj\source\Communication\DebugUart\DebugUart.o"
#        "F:\PROJECTS\GANGES\2023\07.07.2023\PHASE 3\Track changer
#        Converted\CODE_G3_SCTC_CNV_08.06.2023\Track changer
#        converted\iar\release\obj\source\DefaultValues\DefaultValues.o"
#        "F:\PROJECTS\GANGES\2023\07.07.2023\PHASE 3\Track changer
#        Converted\CODE_G3_SCTC_CNV_08.06.2023\Track changer
#        converted\iar\release\obj\source\DELAY\delay.o"
#        "F:\PROJECTS\GANGES\2023\07.07.2023\PHASE 3\Track changer
#        Converted\CODE_G3_SCTC_CNV_08.06.2023\Track changer
#        converted\iar\release\obj\source\SDFAT\diskio.o"
#        "F:\PROJECTS\GANGES\2023\07.07.2023\PHASE 3\Track changer
#        Converted\CODE_G3_SCTC_CNV_08.06.2023\Track changer
#        converted\iar\release\obj\source\EdgeSensor\EdgeSense1.o"
#        "F:\PROJECTS\GANGES\2023\07.07.2023\PHASE 3\Track changer
#        Converted\CODE_G3_SCTC_CNV_08.06.2023\Track changer
#        converted\iar\release\obj\source\EdgeSensor\EdgeSense2.o"
#        "F:\PROJECTS\GANGES\2023\07.07.2023\PHASE 3\Track changer
#        Converted\CODE_G3_SCTC_CNV_08.06.2023\Track changer
#        converted\iar\release\obj\source\EdgeSensor\EdgeSenseCommon.o"
#        "F:\PROJECTS\GANGES\2023\07.07.2023\PHASE 3\Track changer
#        Converted\CODE_G3_SCTC_CNV_08.06.2023\Track changer
#        converted\iar\release\obj\source\EEPROM\eeprom.o"
#        "F:\PROJECTS\GANGES\2023\07.07.2023\PHASE 3\Track changer
#        Converted\CODE_G3_SCTC_CNV_08.06.2023\Track changer
#        converted\iar\release\obj\source\EEPROM\EepromMain.o"
#        "F:\PROJECTS\GANGES\2023\07.07.2023\PHASE 3\Track changer
#        Converted\CODE_G3_SCTC_CNV_08.06.2023\Track changer
#        converted\iar\release\obj\source\EEPROM\eepromStdtoHalDriver.o"
#        "F:\PROJECTS\GANGES\2023\07.07.2023\PHASE 3\Track changer
#        Converted\CODE_G3_SCTC_CNV_08.06.2023\Track changer
#        converted\iar\release\obj\source\EEPROM\eepromStore.o"
#        "F:\PROJECTS\GANGES\2023\07.07.2023\PHASE 3\Track changer
#        Converted\CODE_G3_SCTC_CNV_08.06.2023\Track changer
#        converted\iar\release\obj\source\EventLogger\EventLogger.o"
#        "F:\PROJECTS\GANGES\2023\07.07.2023\PHASE 3\Track changer
#        Converted\CODE_G3_SCTC_CNV_08.06.2023\Track changer
#        converted\iar\release\obj\source\EventLogger\EventLoggerFlash.o"
#        "F:\PROJECTS\GANGES\2023\07.07.2023\PHASE 3\Track changer
#        Converted\CODE_G3_SCTC_CNV_08.06.2023\Track changer
#        converted\iar\release\obj\source\RobotOperation\FaultProcess\FaultProcess.o"
#        "F:\PROJECTS\GANGES\2023\07.07.2023\PHASE 3\Track changer
#        Converted\CODE_G3_SCTC_CNV_08.06.2023\Track changer
#        converted\iar\release\obj\source\SDFAT\ff.o"
#        "F:\PROJECTS\GANGES\2023\07.07.2023\PHASE 3\Track changer
#        Converted\CODE_G3_SCTC_CNV_08.06.2023\Track changer
#        converted\iar\release\obj\drivers\fsl_adc16.o"
#        "F:\PROJECTS\GANGES\2023\07.07.2023\PHASE 3\Track changer
#        Converted\CODE_G3_SCTC_CNV_08.06.2023\Track changer
#        converted\iar\release\obj\utilities\fsl_assert.o"
#        "F:\PROJECTS\GANGES\2023\07.07.2023\PHASE 3\Track changer
#        Converted\CODE_G3_SCTC_CNV_08.06.2023\Track changer
#        converted\iar\release\obj\drivers\fsl_clock.o"
#        "F:\PROJECTS\GANGES\2023\07.07.2023\PHASE 3\Track changer
#        Converted\CODE_G3_SCTC_CNV_08.06.2023\Track changer
#        converted\iar\release\obj\drivers\fsl_common.o"
#        "F:\PROJECTS\GANGES\2023\07.07.2023\PHASE 3\Track changer
#        Converted\CODE_G3_SCTC_CNV_08.06.2023\Track changer
#        converted\iar\release\obj\utilities\fsl_debug_console.o"
#        "F:\PROJECTS\GANGES\2023\07.07.2023\PHASE 3\Track changer
#        Converted\CODE_G3_SCTC_CNV_08.06.2023\Track changer
#        converted\iar\release\obj\drivers\fsl_dspi.o"
#        "F:\PROJECTS\GANGES\2023\07.07.2023\PHASE 3\Track changer
#        Converted\CODE_G3_SCTC_CNV_08.06.2023\Track changer
#        converted\iar\release\obj\drivers\fsl_flash.o"
#        "F:\PROJECTS\GANGES\2023\07.07.2023\PHASE 3\Track changer
#        Converted\CODE_G3_SCTC_CNV_08.06.2023\Track changer
#        converted\iar\release\obj\drivers\fsl_ftm.o"
#        "F:\PROJECTS\GANGES\2023\07.07.2023\PHASE 3\Track changer
#        Converted\CODE_G3_SCTC_CNV_08.06.2023\Track changer
#        converted\iar\release\obj\drivers\fsl_gpio.o"
#        "F:\PROJECTS\GANGES\2023\07.07.2023\PHASE 3\Track changer
#        Converted\CODE_G3_SCTC_CNV_08.06.2023\Track changer
#        converted\iar\release\obj\drivers\fsl_i2c.o"
#        "F:\PROJECTS\GANGES\2023\07.07.2023\PHASE 3\Track changer
#        Converted\CODE_G3_SCTC_CNV_08.06.2023\Track changer
#        converted\iar\release\obj\utilities\fsl_io.o"
#        "F:\PROJECTS\GANGES\2023\07.07.2023\PHASE 3\Track changer
#        Converted\CODE_G3_SCTC_CNV_08.06.2023\Track changer
#        converted\iar\release\obj\utilities\fsl_log.o"
#        "F:\PROJECTS\GANGES\2023\07.07.2023\PHASE 3\Track changer
#        Converted\CODE_G3_SCTC_CNV_08.06.2023\Track changer
#        converted\iar\release\obj\drivers\fsl_lptmr.o"
#        "F:\PROJECTS\GANGES\2023\07.07.2023\PHASE 3\Track changer
#        Converted\CODE_G3_SCTC_CNV_08.06.2023\Track changer
#        converted\iar\release\obj\drivers\fsl_rcm.o"
#        "F:\PROJECTS\GANGES\2023\07.07.2023\PHASE 3\Track changer
#        Converted\CODE_G3_SCTC_CNV_08.06.2023\Track changer
#        converted\iar\release\obj\drivers\fsl_rtc.o"
#        "F:\PROJECTS\GANGES\2023\07.07.2023\PHASE 3\Track changer
#        Converted\CODE_G3_SCTC_CNV_08.06.2023\Track changer
#        converted\iar\release\obj\drivers\fsl_smc.o"
#        "F:\PROJECTS\GANGES\2023\07.07.2023\PHASE 3\Track changer
#        Converted\CODE_G3_SCTC_CNV_08.06.2023\Track changer
#        converted\iar\release\obj\utilities\fsl_str.o"
#        "F:\PROJECTS\GANGES\2023\07.07.2023\PHASE 3\Track changer
#        Converted\CODE_G3_SCTC_CNV_08.06.2023\Track changer
#        converted\iar\release\obj\drivers\fsl_uart.o"
#        "F:\PROJECTS\GANGES\2023\07.07.2023\PHASE 3\Track changer
#        Converted\CODE_G3_SCTC_CNV_08.06.2023\Track changer
#        converted\iar\release\obj\drivers\fsl_vref.o"
#        "F:\PROJECTS\GANGES\2023\07.07.2023\PHASE 3\Track changer
#        Converted\CODE_G3_SCTC_CNV_08.06.2023\Track changer
#        converted\iar\release\obj\drivers\fsl_wdog.o"
#        "F:\PROJECTS\GANGES\2023\07.07.2023\PHASE 3\Track changer
#        Converted\CODE_G3_SCTC_CNV_08.06.2023\Track changer
#        converted\iar\release\obj\source\Communication\ConfigUart\ConfigUart
#        API Process\JSON Parser\fun_json.o"
#        "F:\PROJECTS\GANGES\2023\07.07.2023\PHASE 3\Track changer
#        Converted\CODE_G3_SCTC_CNV_08.06.2023\Track changer
#        converted\iar\release\obj\source\I2C\i2c_init.o"
#        "F:\PROJECTS\GANGES\2023\07.07.2023\PHASE 3\Track changer
#        Converted\CODE_G3_SCTC_CNV_08.06.2023\Track changer
#        converted\iar\release\obj\source\Communication\ConfigUart\ConfigUart
#        API Process\JSON Parser\json.o"
#        "F:\PROJECTS\GANGES\2023\07.07.2023\PHASE 3\Track changer
#        Converted\CODE_G3_SCTC_CNV_08.06.2023\Track changer
#        converted\iar\release\obj\source\LED\LED1\Led1.o"
#        "F:\PROJECTS\GANGES\2023\07.07.2023\PHASE 3\Track changer
#        Converted\CODE_G3_SCTC_CNV_08.06.2023\Track changer
#        converted\iar\release\obj\source\LED\LED2\Led2.o"
#        "F:\PROJECTS\GANGES\2023\07.07.2023\PHASE 3\Track changer
#        Converted\CODE_G3_SCTC_CNV_08.06.2023\Track changer
#        converted\iar\release\obj\source\LED\LED3\Led3.o"
#        "F:\PROJECTS\GANGES\2023\07.07.2023\PHASE 3\Track changer
#        Converted\CODE_G3_SCTC_CNV_08.06.2023\Track changer
#        converted\iar\release\obj\source\LED\LedCommon.o"
#        "F:\PROJECTS\GANGES\2023\07.07.2023\PHASE 3\Track changer
#        Converted\CODE_G3_SCTC_CNV_08.06.2023\Track changer
#        converted\iar\release\obj\source\OTHER\LPTimer\LPTimer.o"
#        "F:\PROJECTS\GANGES\2023\07.07.2023\PHASE 3\Track changer
#        Converted\CODE_G3_SCTC_CNV_08.06.2023\Track changer
#        converted\iar\release\obj\source\LTC4015\LTC4015.o"
#        "F:\PROJECTS\GANGES\2023\07.07.2023\PHASE 3\Track changer
#        Converted\CODE_G3_SCTC_CNV_08.06.2023\Track changer
#        converted\iar\release\obj\source\LTC4015\LTC4015_main.o"
#        "F:\PROJECTS\GANGES\2023\07.07.2023\PHASE 3\Track changer
#        Converted\CODE_G3_SCTC_CNV_08.06.2023\Track changer
#        converted\iar\release\obj\source\RobotOperation\FaultProcess\OverCurrentFault\Mot1CurrentFault.o"
#        "F:\PROJECTS\GANGES\2023\07.07.2023\PHASE 3\Track changer
#        Converted\CODE_G3_SCTC_CNV_08.06.2023\Track changer
#        converted\iar\release\obj\source\RobotOperation\FaultProcess\OverCurrentFault\Mot2CurrentFault.o"
#        "F:\PROJECTS\GANGES\2023\07.07.2023\PHASE 3\Track changer
#        Converted\CODE_G3_SCTC_CNV_08.06.2023\Track changer
#        converted\iar\release\obj\source\RobotOperation\FaultProcess\OverCurrentFault\Mot3CurrentFault.o"
#        "F:\PROJECTS\GANGES\2023\07.07.2023\PHASE 3\Track changer
#        Converted\CODE_G3_SCTC_CNV_08.06.2023\Track changer
#        converted\iar\release\obj\source\RobotOperation\FaultProcess\OverCurrentFault\MotCurrentFaultCommon.o"
#        "F:\PROJECTS\GANGES\2023\07.07.2023\PHASE 3\Track changer
#        Converted\CODE_G3_SCTC_CNV_08.06.2023\Track changer
#        converted\iar\release\obj\source\MotorControl\Motor1\Motor1Control.o"
#        "F:\PROJECTS\GANGES\2023\07.07.2023\PHASE 3\Track changer
#        Converted\CODE_G3_SCTC_CNV_08.06.2023\Track changer
#        converted\iar\release\obj\source\MotorControl\Motor1\Motor1Control_hal.o"
#        "F:\PROJECTS\GANGES\2023\07.07.2023\PHASE 3\Track changer
#        Converted\CODE_G3_SCTC_CNV_08.06.2023\Track changer
#        converted\iar\release\obj\source\MotorControl\Motor2\Motor2Control.o"
#        "F:\PROJECTS\GANGES\2023\07.07.2023\PHASE 3\Track changer
#        Converted\CODE_G3_SCTC_CNV_08.06.2023\Track changer
#        converted\iar\release\obj\source\MotorControl\Motor2\Motor2Control_hal.o"
#        "F:\PROJECTS\GANGES\2023\07.07.2023\PHASE 3\Track changer
#        Converted\CODE_G3_SCTC_CNV_08.06.2023\Track changer
#        converted\iar\release\obj\source\OTHER\NumStrConversion.o"
#        "F:\PROJECTS\GANGES\2023\07.07.2023\PHASE 3\Track changer
#        Converted\CODE_G3_SCTC_CNV_08.06.2023\Track changer
#        converted\iar\release\obj\board\pin_mux.o"
#        "F:\PROJECTS\GANGES\2023\07.07.2023\PHASE 3\Track changer
#        Converted\CODE_G3_SCTC_CNV_08.06.2023\Track changer
#        converted\iar\release\obj\source\PortInterrupt\PortInterrupt.o"
#        "F:\PROJECTS\GANGES\2023\07.07.2023\PHASE 3\Track changer
#        Converted\CODE_G3_SCTC_CNV_08.06.2023\Track changer
#        converted\iar\release\obj\source\PROXIMITY\proximity.o"
#        "F:\PROJECTS\GANGES\2023\07.07.2023\PHASE 3\Track changer
#        Converted\CODE_G3_SCTC_CNV_08.06.2023\Track changer
#        converted\iar\release\obj\source\MotorControl\Motor1\Pwm1\Pwm1.o"
#        "F:\PROJECTS\GANGES\2023\07.07.2023\PHASE 3\Track changer
#        Converted\CODE_G3_SCTC_CNV_08.06.2023\Track changer
#        converted\iar\release\obj\source\MotorControl\Motor2\Pwm2\Pwm2.o"
#        "F:\PROJECTS\GANGES\2023\07.07.2023\PHASE 3\Track changer
#        Converted\CODE_G3_SCTC_CNV_08.06.2023\Track changer
#        converted\iar\release\obj\source\SPI\PwmDriveSpi.o"
#        "F:\PROJECTS\GANGES\2023\07.07.2023\PHASE 3\Track changer
#        Converted\CODE_G3_SCTC_CNV_08.06.2023\Track changer
#        converted\iar\release\obj\source\RotateSense\QuadDecoder.o"
#        "F:\PROJECTS\GANGES\2023\07.07.2023\PHASE 3\Track changer
#        Converted\CODE_G3_SCTC_CNV_08.06.2023\Track changer
#        converted\iar\release\obj\source\Relay\Relay.o"
#        "F:\PROJECTS\GANGES\2023\07.07.2023\PHASE 3\Track changer
#        Converted\CODE_G3_SCTC_CNV_08.06.2023\Track changer
#        converted\iar\release\obj\source\API Processing\ResponseAPIProcess.o"
#        "F:\PROJECTS\GANGES\2023\07.07.2023\PHASE 3\Track changer
#        Converted\CODE_G3_SCTC_CNV_08.06.2023\Track changer
#        converted\iar\release\obj\source\RFID\rfid.o"
#        "F:\PROJECTS\GANGES\2023\07.07.2023\PHASE 3\Track changer
#        Converted\CODE_G3_SCTC_CNV_08.06.2023\Track changer
#        converted\iar\release\obj\source\RobotControl\RobotControl.o"
#        "F:\PROJECTS\GANGES\2023\07.07.2023\PHASE 3\Track changer
#        Converted\CODE_G3_SCTC_CNV_08.06.2023\Track changer
#        converted\iar\release\obj\source\RobotMain.o"
#        "F:\PROJECTS\GANGES\2023\07.07.2023\PHASE 3\Track changer
#        Converted\CODE_G3_SCTC_CNV_08.06.2023\Track changer
#        converted\iar\release\obj\source\RobotOperation\RobotOperation.o"
#        "F:\PROJECTS\GANGES\2023\07.07.2023\PHASE 3\Track changer
#        Converted\CODE_G3_SCTC_CNV_08.06.2023\Track changer
#        converted\iar\release\obj\source\RotateSense\RotateSense1.o"
#        "F:\PROJECTS\GANGES\2023\07.07.2023\PHASE 3\Track changer
#        Converted\CODE_G3_SCTC_CNV_08.06.2023\Track changer
#        converted\iar\release\obj\source\RotateSense\RotateSense2.o"
#        "F:\PROJECTS\GANGES\2023\07.07.2023\PHASE 3\Track changer
#        Converted\CODE_G3_SCTC_CNV_08.06.2023\Track changer
#        converted\iar\release\obj\source\RotateSense\RotateSenseCommon.o"
#        "F:\PROJECTS\GANGES\2023\07.07.2023\PHASE 3\Track changer
#        Converted\CODE_G3_SCTC_CNV_08.06.2023\Track changer
#        converted\iar\release\obj\source\RTC\Rtc.o"
#        "F:\PROJECTS\GANGES\2023\07.07.2023\PHASE 3\Track changer
#        Converted\CODE_G3_SCTC_CNV_08.06.2023\Track changer
#        converted\iar\release\obj\source\SDFAT\SDcardoperation.o"
#        "F:\PROJECTS\GANGES\2023\07.07.2023\PHASE 3\Track changer
#        Converted\CODE_G3_SCTC_CNV_08.06.2023\Track changer
#        converted\iar\release\obj\source\DEBUG\serial_debug.o"
#        "F:\PROJECTS\GANGES\2023\07.07.2023\PHASE 3\Track changer
#        Converted\CODE_G3_SCTC_CNV_08.06.2023\Track changer
#        converted\iar\release\obj\source\SPI\spi.o"
#        "F:\PROJECTS\GANGES\2023\07.07.2023\PHASE 3\Track changer
#        Converted\CODE_G3_SCTC_CNV_08.06.2023\Track changer
#        converted\iar\release\obj\startup\startup_MK22FA12.o"
#        "F:\PROJECTS\GANGES\2023\07.07.2023\PHASE 3\Track changer
#        Converted\CODE_G3_SCTC_CNV_08.06.2023\Track changer
#        converted\iar\release\obj\source\LTC4015\store_soc.o"
#        "F:\PROJECTS\GANGES\2023\07.07.2023\PHASE 3\Track changer
#        Converted\CODE_G3_SCTC_CNV_08.06.2023\Track changer
#        converted\iar\release\obj\source\SWITCH\switch.o"
#        "F:\PROJECTS\GANGES\2023\07.07.2023\PHASE 3\Track changer
#        Converted\CODE_G3_SCTC_CNV_08.06.2023\Track changer
#        converted\iar\release\obj\startup\system_MK22FA12.o"
#        "F:\PROJECTS\GANGES\2023\07.07.2023\PHASE 3\Track changer
#        Converted\CODE_G3_SCTC_CNV_08.06.2023\Track changer
#        converted\iar\release\obj\source\TEMP SENSOR\temp_sensors.o"
#        "F:\PROJECTS\GANGES\2023\07.07.2023\PHASE 3\Track changer
#        Converted\CODE_G3_SCTC_CNV_08.06.2023\Track changer
#        converted\iar\release\obj\source\TempVariables.o"
#        "F:\PROJECTS\GANGES\2023\07.07.2023\PHASE 3\Track changer
#        Converted\CODE_G3_SCTC_CNV_08.06.2023\Track changer
#        converted\iar\release\obj\source\EEPROM\usr_flash.o"
#        "F:\PROJECTS\GANGES\2023\07.07.2023\PHASE 3\Track changer
#        Converted\CODE_G3_SCTC_CNV_08.06.2023\Track changer
#        converted\iar\release\obj\source\API Processing\ValuesValidate.o"
#        "F:\PROJECTS\GANGES\2023\07.07.2023\PHASE 3\Track changer
#        Converted\CODE_G3_SCTC_CNV_08.06.2023\Track changer
#        converted\iar\release\obj\source\OTHER\VBatREG\VBatReg.o"
#        "F:\PROJECTS\GANGES\2023\07.07.2023\PHASE 3\Track changer
#        Converted\CODE_G3_SCTC_CNV_08.06.2023\Track changer
#        converted\iar\release\obj\source\OTHER\WDTimer\WDTimer.o"
#        "F:\PROJECTS\GANGES\2023\07.07.2023\PHASE 3\Track changer
#        Converted\CODE_G3_SCTC_CNV_08.06.2023\Track changer
#        converted\ZigbeeAPILibrary\XbeeZigbeeAPI.a"
#        "F:\PROJECTS\GANGES\2023\07.07.2023\PHASE 3\Track changer
#        Converted\CODE_G3_SCTC_CNV_08.06.2023\Track changer
#        converted\iar\release\obj\source\Communication\ZigbeeAPIMode\ZigbeeAPIMode.o"
#        "F:\PROJECTS\GANGES\2023\07.07.2023\PHASE 3\Track changer
#        Converted\CODE_G3_SCTC_CNV_08.06.2023\Track changer
#        converted\iar\release\obj\source\Communication\ZigbeeUart\ZigbeeUart.o"
#        --redirect _Printf=_PrintfSmallNoMb --redirect _Scanf=_ScanfSmallNoMb
#        --no_out_extension -o "F:\PROJECTS\GANGES\2023\07.07.2023\PHASE
#        3\Track changer Converted\CODE_G3_SCTC_CNV_08.06.2023\Track changer
#        converted\iar\buildoutput\Solar_Robot_Board_Test1.out" --map
#        "F:\PROJECTS\GANGES\2023\07.07.2023\PHASE 3\Track changer
#        Converted\CODE_G3_SCTC_CNV_08.06.2023\Track changer
#        converted\iar\release\list\Solar_Robot_Board_Test1.map" --config
#        "C:\Program Files\IAR Systems\Embedded Workbench
#        9.0\arm\config\linker\NXP\MK22xN1M_12.icf" --entry __iar_program_start
#        --inline --vfe --text_out locale)
#
###############################################################################

*******************************************************************************
*** RUNTIME MODEL ATTRIBUTES
***

CppFlavor                     = *
__CPP_Exceptions              = Disabled
__CPP_Language                = C++14
__CPP_Library                 = *
__CPP_Runtime                 = 1
__Heap_Handler                = DLMalloc
__SystemLibrary               = DLib
__dlib_dynamic_initialization = normal
__dlib_version                = 6


*******************************************************************************
*** HEAP SELECTION
***

The advanced heap was selected because the application calls memory
allocation functions outside of system library functions, and there
are calls to deallocation functions in the application.


*******************************************************************************
*** PLACEMENT SUMMARY
***

"A0":  place at address 0x0 { ro section .intvec };
"P1":  place in [from 0x400 to 0x40f] { section FlashConfig };
"P2":  place in [from 0x0 to 0x3ff] |
                [from 0x410 to 0xf'ffff] { ro };
define block CSTACK with size = 8K, alignment = 8 { };
define block HEAP with size = 16K, alignment = 8 { };
"P3":  place in [from 0x1fff'0000 to 0x1fff'ffff repeat 2] {
          rw, block CSTACK, block HEAP };
initialize by copy { rw };

  Section                Kind         Address      Size  Object
  -------                ----         -------      ----  ------
"A0":                                             0x400
  .intvec                ro code          0x0     0x400  startup_MK22FA12.o [53]
                                      - 0x400     0x400

"P1":                                              0x10
  FlashConfig            ro code        0x400      0x10  startup_MK22FA12.o [53]
                                      - 0x410      0x10

"P2":                                          0x2'0874
  .text                  ro code        0x410    0x74e8  APIProcessing.o [5]
  .text                  ro code       0x78f8     0x330  NumStrConversion.o [32]
  .text                  ro code       0x7c28      0x90  iar_Stolx.o [56]
  .text                  ro code       0x7cb8      0xe0  ValuesValidate.o [5]
  .text                  ro code       0x7d98    0x1c84  RobotOperation.o [43]
  .text                  ro code       0x9a1c      0x36  strlen.o [59]
  .text                  ro code       0x9a52      0x1a  xsnprout.o [56]
  .text                  ro code       0x9a6c      0x90  MotCurrentFaultCommon.o [47]
  .text                  ro code       0x9afc     0x178  CycleMode.o [45]
  .text                  ro code       0x9c74      0x44  snprintf.o [56]
  .text                  ro code       0x9cb8      0x9c  AutoSchedule.o [44]
  .text                  ro code       0x9d54      0x72  EdgeSenseCommon.o [18]
  .rodata                const         0x9dc6       0x2  xlocale_c.o [56]
  .text                  ro code       0x9dc8     0x156  iar_Stoulx.o [56]
  .rodata                const         0x9f1e       0x2  xlocale_c.o [56]
  .text                  ro code       0x9f20     0x33c  Rtc.o [39]
  .text                  ro code       0xa25c     0x5ac  FaultProcess.o [46]
  .text                  ro code       0xa808     0x32c  DefaultValues.o [16]
  .text                  ro code       0xab34     0xb7c  RobotControl.o [41]
  .text                  ro code       0xb6b0     0x658  ZigbeeAPIMode.o [12]
  .text                  ro code       0xbd08     0x6bc  LTC4015_main.o [25]
  .text                  ro code       0xc3c4      0x8c  CommCommon.o [6]
  .text                  ro code       0xc450      0x1e  strcat.o [56]
  .text                  ro code       0xc46e     0x10c  RotateSenseCommon.o [48]
  .text                  ro code       0xc57a       0x2  startup_MK22FA12.o [53]
  .text                  ro code       0xc57c    0x1988  eepromStore.o [17]
  .text                  ro code       0xdf04     0x288  ResponseAPIProcess.o [5]
  .text                  ro code       0xe18c      0x46  switch.o [51]
  .text                  ro code       0xe1d2       0x2  startup_MK22FA12.o [53]
  .text                  ro code       0xe1d4      0xac  temp_sensors.o [52]
  .text                  ro code       0xe280       0x6  ABImemclr4.o [59]
  .text                  ro code       0xe286       0x6  serial_debug.o [14]
  .text                  ro code       0xe28c       0xa  EventLogger.o [19]
  .text                  ro code       0xe296       0x2  startup_MK22FA12.o [53]
  .text                  ro code       0xe298     0x2c0  ConfigAPIProcess.o [9]
  .text                  ro code       0xe558      0xa6  ABImemcpy.o [59]
  .text                  ro code       0xe5fe       0x2  startup_MK22FA12.o [53]
  .text                  ro code       0xe600      0x42  cleanerdetect2.o [36]
  .text                  ro code       0xe642       0x2  startup_MK22FA12.o [53]
  .text                  ro code       0xe644      0x42  cleanerdetect1.o [36]
  .text                  ro code       0xe686       0x2  startup_MK22FA12.o [53]
  .text                  ro code       0xe688      0xd6  proximity.o [36]
  .text                  ro code       0xe75e       0x2  startup_MK22FA12.o [53]
  .text                  ro code       0xe760     0x57c  rfid.o [38]
  .text                  ro code       0xecdc     0x1b2  iar_Stoullx.o [56]
  .text                  ro code       0xee8e       0x2  startup_MK22FA12.o [53]
  .text                  ro code       0xee90     0x274  strto32.o [58]
  .text                  ro code       0xf104       0x6  ABImemclr.o [59]
  .text                  ro code       0xf10a       0x2  startup_MK22FA12.o [53]
  .text                  ro code       0xf10c     0xc0c  SDcardoperation.o [49]
  .text                  ro code       0xfd18    0x11a8  ff.o [49]
  .text                  ro code     0x1'0ec0     0x14c  adc.o [4]
  .text                  ro code     0x1'100c      0x2c  strstr.o [56]
  .text                  ro code     0x1'1038      0x70  strncpy.o [59]
  .text                  ro code     0x1'10a8      0x12  strcmp.o [59]
  .rodata                const       0x1'10ba       0x1  xlocale_c.o [56]
  .text                  ro code     0x1'10bc     0x41c  RobotMain.o [3]
  .text                  ro code     0x1'14d8      0x1c  U32ToDbl.o [58]
  .text                  ro code     0x1'14f4     0x1aa  DblMul.o [58]
  .text                  ro code     0x1'16a0      0x68  DblToFlt.o [58]
  .text                  ro code     0x1'1708      0x28  printf.o [56]
  .text                  ro code     0x1'1730      0x66  ABImemset.o [59]
  .text                  ro code     0x1'1798      0x22  S32ToDbl.o [58]
  .text                  ro code     0x1'17bc      0x16  math_wrappers64.o [58]
  .text                  ro code     0x1'17d4      0x48  FltToDbl.o [58]
  .text                  ro code     0x1'181c      0x14  isspace.o [56]
  .text                  ro code     0x1'1830      0x34  cleanerdetectcommon.o [36]
  .text                  ro code     0x1'1864      0xf4  LPTimer.o [33]
  .text                  ro code     0x1'1958     0x106  Relay.o [40]
  .text                  ro code     0x1'1a60      0x22  DblToU32.o [58]
  .text                  ro code     0x1'1a84      0x68  Mot1CurrentFault.o [47]
  .text                  ro code     0x1'1aec      0x68  Mot2CurrentFault.o [47]
  .text                  ro code     0x1'1b54      0x68  Mot3CurrentFault.o [47]
  .text                  ro code     0x1'1bbc     0x501  xprintfsmall_nomb.o [56]
  .text                  ro code     0x1'20c0      0xaa  EdgeSense1.o [18]
  .text                  ro code     0x1'216c      0xaa  EdgeSense2.o [18]
  .text                  ro code     0x1'2216      0x14  tolower.o [56]
  .text                  ro code     0x1'222c      0x58  memchr.o [59]
  .text                  ro code     0x1'2284     0x3a8  fsl_rtc.o [2]
  .text                  ro code     0x1'262c      0x10  VBatReg.o [34]
  .text                  ro code     0x1'263c     0x4ac  BrushControl.o [42]
  .text                  ro code     0x1'2ae8      0xce  Motor1Control_hal.o [28]
  .text                  ro code     0x1'2bb8      0xb0  Motor2Control_hal.o [30]
  .text                  ro code     0x1'2c68      0x9c  BrushMotorControl_hal.o [26]
  .text                  ro code     0x1'2d04     0x128  Motor1Control.o [28]
  .text                  ro code     0x1'2e2c     0x134  Motor2Control.o [30]
  .text                  ro code     0x1'2f60     0x308  ZigbeeAPI.o [55]
  .text                  ro code     0x1'3268     0x266  ZigbeeUart.o [13]
  .text                  ro code     0x1'34d0     0x2c2  bat_i2c.o [25]
  .text                  ro code     0x1'3794      0xcc  LTC4015.o [25]
  .text                  ro code     0x1'3860      0x40  delay.o [15]
  .text                  ro code     0x1'38a0     0x100  store_soc.o [25]
  .text                  ro code     0x1'39a0      0xc4  fsl_gpio.o [2]
  .text                  ro code     0x1'3a64      0x90  PortInterrupt.o [37]
  .text                  ro code     0x1'3af4     0x246  DblDiv.o [58]
  .text                  ro code     0x1'3d3c     0x1e4  DebugUart.o [11]
  .text                  ro code     0x1'3f20     0x20c  ConfigUart.o [8]
  .text                  ro code     0x1'412c      0xf2  RotateSense1.o [48]
  .text                  ro code     0x1'4220      0xe6  RotateSense2.o [48]
  .text                  ro code     0x1'4308     0x13c  QuadDecoder.o [48]
  .text                  ro code     0x1'4444     0x1e8  EepromMain.o [17]
  .text                  ro code     0x1'462c     0x1bc  i2c_init.o [20]
  .text                  ro code     0x1'47e8      0x32  ABImemset48.o [59]
  .text                  ro code     0x1'481c     0x1d8  EventLoggerFlash.o [19]
  .text                  ro code     0x1'49f4     0x220  json.o [10]
  .text                  ro code     0x1'4c14     0x3f4  fsl_uart.o [2]
  .text                  ro code     0x1'5008     0x5a0  fsl_clock.o [2]
  .text                  ro code     0x1'55a8     0x230  I64DivMod.o [59]
  .text                  ro code     0x1'57d8      0x48  frexpf.o [58]
  .text                  ro code     0x1'5820      0xc4  ldexpf.o [58]
  .text                  ro code     0x1'58e4     0x122  iar_Stopfx.o [56]
  .text                  ro code     0x1'5a08     0x1b8  iar_Stoflt.o [56]
  .text                  ro code     0x1'5bc0     0x208  iar_Stoxflt.o [56]
  .text                  ro code     0x1'5dc8     0x14a  spi.o [50]
  .text                  ro code     0x1'5f14      0x18  strcpy.o [59]
  .text                  ro code     0x1'5f2c      0xa4  WDTimer.o [35]
  .text                  ro code     0x1'5fd0     0x688  diskio.o [49]
  .text                  ro code     0x1'6658      0x18  fsl_assert.o [54]
  .text                  ro code     0x1'6670     0x25e  DblAddSub.o [58]
  .text                  ro code     0x1'68d0      0x16  strchr.o [59]
  .text                  ro code     0x1'68e8     0x212  pin_mux.o [1]
  .text                  ro code     0x1'6afc      0x7c  clock_config.o [1]
  .text                  ro code     0x1'6b78      0x36  LedCommon.o [21]
  .text                  ro code     0x1'6bb0     0x150  BmsUart.o [7]
  .text                  ro code     0x1'6d00     0x1de  Led3.o [24]
  .text                  ro code     0x1'6ee0     0x644  pow64.o [58]
  .text                  ro code     0x1'7524      0x4c  xlocale_c.o [56]
  .text                  ro code     0x1'7570      0xdc  fsl_lptmr.o [2]
  .text                  ro code     0x1'764c      0x40  xfail_s.o [56]
  .text                  ro code     0x1'768c     0x12c  BrushMotorControl.o [26]
  .text                  ro code     0x1'77b8     0x1c4  Pwm1.o [29]
  .text                  ro code     0x1'797c      0x70  Pwm2.o [31]
  .text                  ro code     0x1'79ec      0x78  BrushPwm.o [27]
  .text                  ro code     0x1'7a64     0x4d8  XBeeZB.o [55]
  .text                  ro code     0x1'7f3c       0xa  cxxabi.o [57]
  .text                  ro code     0x1'7f48     0x910  XBee.o [55]
  .text                  ro code     0x1'8858      0x26  RemoteXBee.o [55]
  .text                  ro code     0x1'8880      0x4e  DigiLogger.o [55]
  .text                  ro code     0x1'88d0      0x8c  ZigbeeAPIHAL.o [55]
  .text                  ro code     0x1'895c      0x64  Timer.o [55]
  .text                  ro code     0x1'89c0      0x24  newop_0.o [57]
  .text                  ro code     0x1'89e4      0x2e  DigiLoggerSerial.o [55]
  .text                  ro code     0x1'8a14      0xc8  RadioConfig.o [55]
  .text                  ro code     0x1'8adc     0x61c  fsl_i2c.o [2]
  .text                  ro code     0x1'90f8     0x738  fsl_ftm.o [2]
  .text                  ro code     0x1'9830      0x40  eepromStdtoHalDriver.o [17]
  .text                  ro code     0x1'9870     0x35c  eeprom.o [17]
  .text                  ro code     0x1'9bcc     0x2bc  usr_flash.o [17]
  .text                  ro code     0x1'9e88     0x364  fun_json.o [10]
  .text                  ro code     0x1'a1ec      0x28  strncmp.o [56]
  .text                  ro code     0x1'a214       0x2  I64DivZer.o [59]
  .text                  ro code     0x1'a216      0x14  isalpha.o [56]
  .text                  ro code     0x1'a22c      0xe4  fsl_wdog.o [2]
  .text                  ro code     0x1'a310      0x8a  fsl_debug_console.o [54]
  .text                  ro code     0x1'a39c     0x1b6  Led1.o [22]
  .text                  ro code     0x1'a554     0x1c2  Led2.o [23]
  .text                  ro code     0x1'a718      0x20  DblCmpEq.o [58]
  .text                  ro code     0x1'a738      0x70  frexp.o [58]
  .text                  ro code     0x1'a7a8      0x34  DblCmpLe.o [58]
  .text                  ro code     0x1'a7dc      0x36  DblToS32.o [58]
  .text                  ro code     0x1'a814      0x34  DblCmpGe.o [58]
  .text                  ro code     0x1'a848     0x2d4  iar_Exp64.o [58]
  .text                  ro code     0x1'ab1c       0x6  abort.o [56]
  .text                  ro code     0x1'ab24      0x62  round.o [58]
  .text                  ro code     0x1'ab88     0x18e  AtCommands.o [55]
  .text                  ro code     0x1'ad16      0x48  Utils.o [55]
  .text                  ro code     0x1'ad5e      0x6a  ZigbeeFrames.o [55]
  .text                  ro code     0x1'adc8     0x11c  ApiFrame.o [55]
  .text                  ro code     0x1'aee4      0x8a  FH_RxPacketZB.o [55]
  .text                  ro code     0x1'af70       0x6  FH_IoDataSampleZB.o [55]
  .text                  ro code     0x1'af78      0xa0  cppinit.o [56]
  .text                  ro code     0x1'b018     0x1ac  FrameBuffer.o [55]
  .text                  ro code     0x1'b1c4       0xe  RawSerial.o [55]
  .text                  ro code     0x1'b1d4      0x3c  vsnprint.o [56]
  .text                  ro code     0x1'b210       0x4  nomemory.o [57]
  .text                  ro code     0x1'b214    0x14d4  dlmalloc.o [56]
  .text                  ro code     0x1'c6e8      0x16  ZigbeeApi_serial_debug.o [55]
  .text                  ro code     0x1'c700     0x5bc  fsl_flash.o [2]
  .text                  ro code     0x1'ccbc     0x254  fsl_str.o [54]
  .text                  ro code     0x1'cf10      0x4c  fsl_log.o [54]
  .text                  ro code     0x1'cf5c     0x13a  ldexp.o [58]
  .text                  ro code     0x1'd098       0xc  XXexit.o [59]
  .text                  ro code     0x1'd0a4     0x168  AtCmdFrame.o [55]
  .text                  ro code     0x1'd20c       0x4  delaop_0.o [57]
  .text                  ro code     0x1'd210       0x4  newaop_0.o [57]
  .text                  ro code     0x1'd214       0x4  delop4_0.o [57]
  .text                  ro code     0x1'd218       0x4  FrameHandler.o [55]
  .text                  ro code     0x1'd21c      0x2c  xgetmemchunk.o [56]
  .text                  ro code     0x1'd248      0x38  fsl_io.o [54]
  .text                  ro code     0x1'd280       0xa  delop_0.o [57]
  .text                  ro code     0x1'd28a       0x4  heaptramp0.o [56]
  .rodata                const       0x1'd290     0x420  pow64.o [58]
  .rodata                const       0x1'd6b0     0x31c  fsl_uart.o [2]
  .rodata                const       0x1'd9cc     0x210  RobotOperation.o [43]
  .rodata                const       0x1'dbdc     0x20c  RobotOperation.o [43]
  .text                  ro code     0x1'dde8     0x1f0  lz77_init.o [59]
  .rodata                const       0x1'dfd8     0x180  fsl_i2c.o [2]
  .rodata                const       0x1'e158     0x128  usr_flash.o [17]
  .rodata                const       0x1'e280     0x10c  APIProcessing.o [5]
  .rodata                const       0x1'e38c     0x108  APIProcessing.o [5]
  .rodata                const       0x1'e494      0xec  ZigbeeAPIMode.o [12]
  .rodata                const       0x1'e580      0xd8  APIProcessing.o [5]
  .rodata                const       0x1'e658      0xd4  XBeeZB.o [55]
  .rodata                const       0x1'e72c      0xcc  fsl_lptmr.o [2]
  .rodata                const       0x1'e7f8      0xc8  fsl_dspi.o [2]
  .rodata                const       0x1'e8c0      0xc8  fsl_gpio.o [2]
  .text                  ro code     0x1'e988      0xc8  fsl_dspi.o [2]
  .rodata                const       0x1'ea50      0xb4  APIProcessing.o [5]
  .rodata                const       0x1'eb04      0xa8  FrameBuffer.o [55]
  .rodata                const       0x1'ebac      0xa0  ApiFrame.o [55]
  .rodata                const       0x1'ec4c      0xa0  AtCmdFrame.o [55]
  .rodata                const       0x1'ecec      0x9c  APIProcessing.o [5]
  .rodata                const       0x1'ed88      0x9c  ZigbeeAPI.o [55]
  .rodata                const       0x1'ee24      0x98  APIProcessing.o [5]
  .rodata                const       0x1'eebc      0x98  XBee.o [55]
  .rodata                const       0x1'ef54      0x94  adc.o [4]
  .rodata                const       0x1'efe8      0x94  APIProcessing.o [5]
  .rodata                const       0x1'f07c      0x94  LPTimer.o [33]
  .rodata                const       0x1'f110      0x94  pin_mux.o [1]
  .rodata                const       0x1'f1a4      0x90  fsl_log.o [54]
  .rodata                const       0x1'f234      0x8c  fsl_clock.o [2]
  .rodata                const       0x1'f2c0      0x8c  fsl_ftm.o [2]
  .rodata                const       0x1'f34c      0x8c  fsl_rtc.o [2]
  .rodata                const       0x1'f3d8      0x8c  fsl_wdog.o [2]
  .rodata                const       0x1'f464      0x88  APIProcessing.o [5]
  .rodata                const       0x1'f4ec      0x80  APIProcessing.o [5]
  .rodata                const       0x1'f56c      0x74  RobotOperation.o [43]
  .rodata                const       0x1'f5e0      0x70  APIProcessing.o [5]
  .rodata                const       0x1'f650      0x70  APIProcessing.o [5]
  .rodata                const       0x1'f6c0      0x70  APIProcessing.o [5]
  .rodata                const       0x1'f730      0x70  APIProcessing.o [5]
  .rodata                const       0x1'f7a0      0x70  APIProcessing.o [5]
  .rodata                const       0x1'f810      0x6c  APIProcessing.o [5]
  .rodata                const       0x1'f87c      0x64  XBeeZB.o [55]
  .rodata                const       0x1'f8e0      0x60  ZigbeeAPI.o [55]
  .rodata                const       0x1'f940      0x60  ZigbeeAPI.o [55]
  .rodata                const       0x1'f9a0      0x58  APIProcessing.o [5]
  .rodata                const       0x1'f9f8      0x58  APIProcessing.o [5]
  .rodata                const       0x1'fa50      0x58  APIProcessing.o [5]
  .rodata                const       0x1'faa8      0x58  RobotControl.o [41]
  .rodata                const       0x1'fb00      0x50  iar_Stoulx.o [56]
  .rodata                const       0x1'fb50      0x50  iar_Stoullx.o [56]
  .rodata                const       0x1'fba0      0x4c  APIProcessing.o [5]
  .rodata                const       0x1'fbec      0x4c  APIProcessing.o [5]
  .rodata                const       0x1'fc38      0x48  APIProcessing.o [5]
  .rodata                const       0x1'fc80      0x48  ZigbeeAPIMode.o [12]
  .rodata                const       0x1'fcc8      0x48  XBee.o [55]
  .rodata                const       0x1'fd10      0x48  XBeeZB.o [55]
  .rodata                const       0x1'fd58      0x44  APIProcessing.o [5]
  .rodata                const       0x1'fd9c      0x44  RobotOperation.o [43]
  .rodata                const       0x1'fde0      0x44  XBeeZB.o [55]
  .text                  ro code     0x1'fe24      0x44  putchar.o [56]
  .rodata                const       0x1'fe68      0x3c  APIProcessing.o [5]
  .rodata                const       0x1'fea4      0x3c  RobotOperation.o [43]
  .rodata                const       0x1'fee0      0x3c  ZigbeeAPIMode.o [12]
  .rodata                const       0x1'ff1c      0x38  APIProcessing.o [5]
  .rodata                const       0x1'ff54      0x38  RobotMain.o [3]
  .rodata                const       0x1'ff8c      0x38  ZigbeeAPI.o [55]
  .text                  ro code     0x1'ffc4      0x38  zero_init3.o [59]
  .rodata                const       0x1'fffc      0x30  json.o [10]
  .rodata                const       0x2'002c      0x30  SDcardoperation.o [49]
  .rodata                const       0x2'005c      0x30  XBee.o [55]
  .rodata                const       0x2'008c      0x30  XBee.o [55]
  .rodata                const       0x2'00bc      0x30  XBeeZB.o [55]
  .rodata                const       0x2'00ec      0x30  XBeeZB.o [55]
  .rodata                const       0x2'011c      0x2c  fsl_assert.o [54]
  .rodata                const       0x2'0148      0x2c  LTC4015_main.o [25]
  .rodata                const       0x2'0174      0x2c  XBee.o [55]
  .rodata                const       0x2'01a0      0x28  EventLoggerFlash.o [19]
  .rodata                const       0x2'01c8      0x28  RobotMain.o [3]
  .rodata                const       0x2'01f0      0x28  XBee.o [55]
  .rodata                const       0x2'0218      0x28  XBeeZB.o [55]
  .text                  ro code     0x2'0240      0x28  startup_MK22FA12.o [53]
  .text                  ro code     0x2'0268      0x28  system_MK22FA12.o [53]
  .text                  ro code     0x2'0290      0x28  data_init.o [59]
  .rodata                const       0x2'02b8      0x24  APIProcessing.o [5]
  .rodata                const       0x2'02dc      0x24  APIProcessing.o [5]
  .rodata                const       0x2'0300      0x24  APIProcessing.o [5]
  .rodata                const       0x2'0324      0x24  APIProcessing.o [5]
  .rodata                const       0x2'0348      0x24  APIProcessing.o [5]
  .rodata                const       0x2'036c      0x24  APIProcessing.o [5]
  .rodata                const       0x2'0390      0x24  BrushControl.o [42]
  .rodata                const       0x2'03b4      0x24  FaultProcess.o [46]
  .rodata                const       0x2'03d8      0x24  ResponseAPIProcess.o [5]
  .rodata                const       0x2'03fc      0x24  XBeeZB.o [55]
  .rodata                const       0x2'0420      0x24  AtCommands.o [55]
  .text                  ro code     0x2'0444      0x22  fpinit_M.o [58]
  .iar.init_table        const       0x2'0468      0x30  - Linker created -
  .text                  ro code     0x2'0498      0x20  cmain_call_ctors.o [59]
  .text                  ro code     0x2'04b8      0x1e  cmain.o [59]
  .text                  ro code     0x2'04d6       0x4  exit.o [56]
  .text                  ro code     0x2'04dc       0xe  cexit.o [59]
  .text                  ro code     0x2'04ec      0x1c  cstartup_M.o [59]
  .text                  ro code     0x2'0508      0x16  xprout.o [56]
  .rodata                const       0x2'0520      0x14  DigiLogger.o [55]
  .rodata                const       0x2'0534      0x14  DigiLoggerSerial.o [55]
  .rodata                const       0x2'0548      0x14  FH_RxPacketZB.o [55]
  .text                  ro code     0x2'055c       0x8  startup_MK22FA12.o [53]
  .text                  ro code     0x2'0564       0x8  startup_MK22FA12.o [53]
  .text                  ro code     0x2'056c       0x8  startup_MK22FA12.o [53]
  .text                  ro code     0x2'0574       0x8  startup_MK22FA12.o [53]
  .text                  ro code     0x2'057c       0x8  startup_MK22FA12.o [53]
  .text                  ro code     0x2'0584       0x8  startup_MK22FA12.o [53]
  .text                  ro code     0x2'058c       0x8  startup_MK22FA12.o [53]
  .text                  ro code     0x2'0594       0x8  startup_MK22FA12.o [53]
  .text                  ro code     0x2'059c       0x8  startup_MK22FA12.o [53]
  .text                  ro code     0x2'05a4       0x8  startup_MK22FA12.o [53]
  .text                  ro code     0x2'05ac       0x8  startup_MK22FA12.o [53]
  .text                  ro code     0x2'05b4       0x8  startup_MK22FA12.o [53]
  .text                  ro code     0x2'05bc       0x8  startup_MK22FA12.o [53]
  .text                  ro code     0x2'05c4       0x8  startup_MK22FA12.o [53]
  .text                  ro code     0x2'05cc       0x8  startup_MK22FA12.o [53]
  .text                  ro code     0x2'05d4       0x8  startup_MK22FA12.o [53]
  .text                  ro code     0x2'05dc       0x8  startup_MK22FA12.o [53]
  .text                  ro code     0x2'05e4       0x8  startup_MK22FA12.o [53]
  .text                  ro code     0x2'05ec       0x8  startup_MK22FA12.o [53]
  .text                  ro code     0x2'05f4       0x8  startup_MK22FA12.o [53]
  .text                  ro code     0x2'05fc       0x8  startup_MK22FA12.o [53]
  .text                  ro code     0x2'0604       0x8  startup_MK22FA12.o [53]
  .text                  ro code     0x2'060c       0x8  startup_MK22FA12.o [53]
  .text                  ro code     0x2'0614       0x8  startup_MK22FA12.o [53]
  .text                  ro code     0x2'061c       0x8  startup_MK22FA12.o [53]
  .text                  ro code     0x2'0624       0x8  startup_MK22FA12.o [53]
  .text                  ro code     0x2'062c       0x8  startup_MK22FA12.o [53]
  .text                  ro code     0x2'0634       0x8  startup_MK22FA12.o [53]
  .text                  ro code     0x2'063c       0x8  startup_MK22FA12.o [53]
  .text                  ro code     0x2'0644       0x8  startup_MK22FA12.o [53]
  .text                  ro code     0x2'064c       0x8  startup_MK22FA12.o [53]
  .text                  ro code     0x2'0654       0x8  startup_MK22FA12.o [53]
  .text                  ro code     0x2'065c       0x8  startup_MK22FA12.o [53]
  .text                  ro code     0x2'0664       0x8  startup_MK22FA12.o [53]
  .text                  ro code     0x2'066c       0x8  startup_MK22FA12.o [53]
  .text                  ro code     0x2'0674       0x8  startup_MK22FA12.o [53]
  .text                  ro code     0x2'067c       0x8  startup_MK22FA12.o [53]
  .text                  ro code     0x2'0684       0x8  startup_MK22FA12.o [53]
  .text                  ro code     0x2'068c       0x8  startup_MK22FA12.o [53]
  SHT$$PREINIT_ARRAY                 0x2'0694       0x0  <Block>
  SHT$$INIT_ARRAY                    0x2'0694       0x8  <Block>
    .init_array          const       0x2'0694       0x4  ZigbeeAPI.o [55]
    .init_array          const       0x2'0698       0x4  XBee.o [55]
  __iar_tls$$INIT_ARRAY              0x2'069c       0x0  <Block>
  .text                  ro code     0x2'069c       0x4  startup_MK22FA12.o [53]
  .text                  ro code     0x2'06a0       0x0  cstart_call_dtors.o [59]
  .rodata                const       0x2'06a0       0x0  zero_init3.o [59]
  .rodata                const       0x2'06a0       0x0  lz77_init.o [59]
  Initializer bytes      const       0x2'06a0     0x5e4  <for P3 s0>
                                   - 0x2'0c84  0x2'0874

"P3", part 1 of 4:                               0x5a94
  P3 s0                           0x1fff'0000    0x5a94  <Init block>
    .data                inited   0x1fff'0000    0x5090  SDcardoperation.o [49]
    .data                inited   0x1fff'5090     0x620  APIProcessing.o [5]
    .data                inited   0x1fff'56b0      0x5c  RobotOperation.o [43]
    .data                inited   0x1fff'570c      0x5c  usr_flash.o [17]
    .data                inited   0x1fff'5768      0x54  Led1.o [22]
    .data                inited   0x1fff'57bc      0x54  Led3.o [24]
    .data                inited   0x1fff'5810      0x50  rfid.o [38]
    .data                inited   0x1fff'5860      0x48  xlocale_c.o [56]
    .data                inited   0x1fff'58a8      0x48  xfiles.o [56]
    .data                inited   0x1fff'58f0      0x44  Led2.o [23]
    .data                inited   0x1fff'5934      0x38  xlocale_c.o [56]
    .data                inited   0x1fff'596c      0x28  Pwm1.o [29]
    .data                inited   0x1fff'5994      0x24  BrushControl.o [42]
    .data                inited   0x1fff'59b8      0x24  ZigbeeAPIMode.o [12]
    .data                inited   0x1fff'59dc      0x20  RobotControl.o [41]
    .data                inited   0x1fff'59fc      0x14  ResponseAPIProcess.o [5]
    .data                inited   0x1fff'5a10      0x18  ZigbeeUart.o [13]
    .data                inited   0x1fff'5a28      0x10  EventLoggerFlash.o [19]
    .data                inited   0x1fff'5a38      0x10  fsl_clock.o [2]
    .data                inited   0x1fff'5a48       0xc  BrushMotorControl.o [26]
    .data                inited   0x1fff'5a54       0xc  Motor1Control.o [28]
    .data                inited   0x1fff'5a60       0xc  Motor2Control.o [30]
    .data                inited   0x1fff'5a6c       0xc  RobotMain.o [3]
    .data                inited   0x1fff'5a78       0x8  Led2.o [23]
    .data                inited   0x1fff'5a80       0x8  Relay.o [40]
    .data                inited   0x1fff'5a88       0x4  system_MK22FA12.o [53]
    .data                inited   0x1fff'5a8c       0x2  diskio.o [49]
    .data                inited   0x1fff'5a8e       0x2  Rtc.o [39]
    .data                inited   0x1fff'5a90       0x1  CommCommon.o [6]
    .data                inited   0x1fff'5a91       0x1  EdgeSenseCommon.o [18]
    .data                inited   0x1fff'5a92       0x1  Pwm1.o [29]
    .data                inited   0x1fff'5a93       0x1  rfid.o [38]
                                - 0x1fff'5a94    0x5a94

"P3", part 2 of 4:                               0x4cb4
  .bss                   zero     0x1fff'5a94     0x89c  APIProcessing.o [5]
  .bss                   zero     0x1fff'6330     0x7e0  BmsUart.o [7]
  .bss                   zero     0x1fff'6b10     0x7e0  ConfigUart.o [8]
  .bss                   zero     0x1fff'72f0     0x7e0  DebugUart.o [11]
  .bss                   zero     0x1fff'7ad0      0x6c  APIProcessing.o [5]
  .bss                   zero     0x1fff'7b40     0x6f8  RobotOperation.o [43]
  .bss                   zero     0x1fff'8238     0x670  APIProcessing.o [5]
  .bss                   zero     0x1fff'88a8     0x5dc  ConfigAPIProcess.o [9]
  .bss                   zero     0x1fff'8e84     0x5a0  RobotOperation.o [43]
  .bss                   zero     0x1fff'9424     0x3f8  ZigbeeUart.o [13]
  .bss                   zero     0x1fff'981c     0x204  RobotMain.o [3]
  .bss                   zero     0x1fff'9a20     0x1d8  dlmalloc.o [56]
  .bss                   zero     0x1fff'9bf8      0xf0  RobotOperation.o [43]
  .bss                   zero     0x1fff'9ce8      0xd0  DigiLogger.o [55]
  .bss                   zero     0x1fff'9db8      0xc8  APIProcessing.o [5]
  .bss                   zero     0x1fff'9e80      0xc8  RobotOperation.o [43]
  .bss                   zero     0x1fff'9f48      0x8c  fsl_flash.o [2]
  .bss                   zero     0x1fff'9fd4      0x64  APIProcessing.o [5]
  .bss                   zero     0x1fff'a038      0x60  ZigbeeAPI.o [55]
  .bss                   zero     0x1fff'a098      0x58  FaultProcess.o [46]
  .bss                   zero     0x1fff'a0f0      0x58  ZigbeeAPIMode.o [12]
  .bss                   zero     0x1fff'a148      0x50  xfiles.o [56]
  .bss                   zero     0x1fff'a198      0x48  APIProcessing.o [5]
  .bss                   zero     0x1fff'a1e0      0x40  FaultProcess.o [46]
  .bss                   zero     0x1fff'a220      0x38  bat_i2c.o [25]
  .bss                   zero     0x1fff'a258      0x38  MotCurrentFaultCommon.o [47]
  .bss                   zero     0x1fff'a290      0x2c  adc.o [4]
  .bss                   zero     0x1fff'a2bc      0x2c  i2c_init.o [20]
  .bss                   zero     0x1fff'a2e8      0x2c  XBee.o [55]
  .bss                   zero     0x1fff'a314      0x28  RobotOperation.o [43]
  .bss                   zero     0x1fff'a33c      0x24  APIProcessing.o [5]
  .bss                   zero     0x1fff'a360      0x24  APIProcessing.o [5]
  .bss                   zero     0x1fff'a384      0x24  DefaultValues.o [16]
  .bss                   zero     0x1fff'a3a8      0x24  RobotControl.o [41]
  .bss                   zero     0x1fff'a3cc      0x24  RobotControl.o [41]
  .bss                   zero     0x1fff'a3f0      0x20  MotCurrentFaultCommon.o [47]
  .bss                   zero     0x1fff'a410      0x1d  CycleMode.o [45]
  .bss                   zero     0x1fff'a42d       0x6  spi.o [50]
  .bss                   zero     0x1fff'a433       0x1  BrushMotorControl_hal.o [26]
  .bss                   zero     0x1fff'a434      0x1c  CycleMode.o [45]
  .bss                   zero     0x1fff'a450      0x1c  fsl_uart.o [2]
  .bss                   zero     0x1fff'a46c      0x1c  RobotControl.o [41]
  .bss                   zero     0x1fff'a488      0x1c  RobotControl.o [41]
  .bss                   zero     0x1fff'a4a4      0x1c  RobotOperation.o [43]
  .bss                   zero     0x1fff'a4c0      0x1c  RobotOperation.o [43]
  .bss                   zero     0x1fff'a4dc      0x1c  ZigbeeAPIHAL.o [55]
  .bss                   zero     0x1fff'a4f8      0x18  LTC4015_main.o [25]
  .bss                   zero     0x1fff'a510      0x18  RobotOperation.o [43]
  .bss                   zero     0x1fff'a528      0x18  dlmalloc.o [56]
  .bss                   zero     0x1fff'a540      0x14  fsl_i2c.o [2]
  .bss                   zero     0x1fff'a554      0x14  LTC4015.o [25]
  .bss                   zero     0x1fff'a568      0x10  BrushControl.o [42]
  .bss                   zero     0x1fff'a578      0x10  Mot1CurrentFault.o [47]
  .bss                   zero     0x1fff'a588      0x10  Mot2CurrentFault.o [47]
  .bss                   zero     0x1fff'a598      0x10  Mot3CurrentFault.o [47]
  .bss                   zero     0x1fff'a5a8      0x10  MotCurrentFaultCommon.o [47]
  .bss                   zero     0x1fff'a5b8      0x10  temp_sensors.o [52]
  .bss                   zero     0x1fff'a5c8       0xc  BrushControl.o [42]
  .bss                   zero     0x1fff'a5d4       0xc  BrushControl.o [42]
  .bss                   zero     0x1fff'a5e0       0xc  fsl_dspi.o [2]
  .bss                   zero     0x1fff'a5ec       0xc  fsl_dspi.o [2]
  .bss                   zero     0x1fff'a5f8       0xc  MotCurrentFaultCommon.o [47]
  .bss                   zero     0x1fff'a604       0xc  proximity.o [36]
  .bss                   zero     0x1fff'a610       0xc  QuadDecoder.o [48]
  .bss                   zero     0x1fff'a61c       0xc  ResponseAPIProcess.o [5]
  .bss                   zero     0x1fff'a628       0xc  RotateSense1.o [48]
  .bss                   zero     0x1fff'a634       0xc  RotateSense2.o [48]
  .bss                   zero     0x1fff'a640       0xc  SDcardoperation.o [49]
  .bss                   zero     0x1fff'a64c       0xc  SDcardoperation.o [49]
  .bss                   zero     0x1fff'a658       0x8  AutoSchedule.o [44]
  .bss                   zero     0x1fff'a660       0x8  CommCommon.o [6]
  .bss                   zero     0x1fff'a668       0x8  delay.o [15]
  .bss                   zero     0x1fff'a670       0x8  EdgeSense1.o [18]
  .bss                   zero     0x1fff'a678       0x8  EdgeSense2.o [18]
  .bss                   zero     0x1fff'a680       0x8  ff.o [49]
  .bss                   zero     0x1fff'a688       0x8  fsl_flash.o [2]
  .bss                   zero     0x1fff'a690       0x8  fsl_io.o [54]
  .bss                   zero     0x1fff'a698       0x8  Led1.o [22]
  .bss                   zero     0x1fff'a6a0       0x8  Led3.o [24]
  .bss                   zero     0x1fff'a6a8       0x8  LPTimer.o [33]
  .bss                   zero     0x1fff'a6b0       0x8  MotCurrentFaultCommon.o [47]
  .bss                   zero     0x1fff'a6b8       0x8  MotCurrentFaultCommon.o [47]
  .bss                   zero     0x1fff'a6c0       0x8  rfid.o [38]
  .bss                   zero     0x1fff'a6c8       0x8  RobotControl.o [41]
  .bss                   zero     0x1fff'a6d0       0x8  RobotOperation.o [43]
  .bss                   zero     0x1fff'a6d8       0x8  SDcardoperation.o [49]
  .bss                   zero     0x1fff'a6e0       0x8  temp_sensors.o [52]
  .bss                   zero     0x1fff'a6e8       0x4  APIProcessing.o [5]
  .bss                   zero     0x1fff'a6ec       0x4  APIProcessing.o [5]
  .bss                   zero     0x1fff'a6f0       0x4  APIProcessing.o [5]
  .bss                   zero     0x1fff'a6f4       0x4  APIProcessing.o [5]
  .bss                   zero     0x1fff'a6f8       0x4  eeprom.o [17]
  .bss                   zero     0x1fff'a6fc       0x4  eepromStore.o [17]
  .bss                   zero     0x1fff'a700       0x4  i2c_init.o [20]
  .bss                   zero     0x1fff'a704       0x4  MotCurrentFaultCommon.o [47]
  .bss                   zero     0x1fff'a708       0x4  MotCurrentFaultCommon.o [47]
  .bss                   zero     0x1fff'a70c       0x4  MotCurrentFaultCommon.o [47]
  .bss                   zero     0x1fff'a710       0x4  QuadDecoder.o [48]
  .bss                   zero     0x1fff'a714       0x4  RobotMain.o [3]
  .bss                   zero     0x1fff'a718       0x4  store_soc.o [25]
  .bss                   zero     0x1fff'a71c       0x4  WDTimer.o [35]
  .bss                   zero     0x1fff'a720       0x4  Timer.o [55]
  .bss                   zero     0x1fff'a724       0x4  cppinit.o [56]
  .bss                   zero     0x1fff'a728       0x4  cppinit.o [56]
  .bss                   zero     0x1fff'a72c       0x4  new.o [57]
  .bss                   zero     0x1fff'a730       0x4  xfail_s.o [56]
  .bss                   zero     0x1fff'a734       0x4  xgetmemchunk.o [56]
  .bss                   zero     0x1fff'a738       0x2  APIProcessing.o [5]
  .bss                   zero     0x1fff'a73a       0x1  BrushPwm.o [27]
  .bss                   zero     0x1fff'a73b       0x1  BrushPwm.o [27]
  .bss                   zero     0x1fff'a73c       0x1  Motor1Control_hal.o [28]
  .bss                   zero     0x1fff'a73d       0x1  Motor2Control_hal.o [30]
  .bss                   zero     0x1fff'a73e       0x1  Pwm2.o [31]
  .bss                   zero     0x1fff'a73f       0x1  Pwm2.o [31]
  .bss                   zero     0x1fff'a740       0x1  QuadDecoder.o [48]
  .bss                   zero     0x1fff'a741       0x1  ResponseAPIProcess.o [5]
  .bss                   zero     0x1fff'a742       0x1  rfid.o [38]
  .bss                   zero     0x1fff'a743       0x1  Rtc.o [39]
  .bss                   zero     0x1fff'a744       0x1  SDcardoperation.o [49]
  .bss                   zero     0x1fff'a745       0x1  switch.o [51]
  .bss                   zero     0x1fff'a746       0x1  ApiFrame.o [55]
                                - 0x1fff'a747    0x4cb3

"P3", part 3 of 4:                               0x21a8
  .iar.dynexit                    0x1fff'a748     0x1a4  <Block>
    .iar.dynexit         uninit   0x1fff'a748       0xc  cppinit.o [56]
    .iar.dynexit         uninit   0x1fff'a754     0x198  <Block tail>
  CSTACK                          0x1fff'a8f0    0x2000  <Block>
    CSTACK               uninit   0x1fff'a8f0    0x2000  <Block tail>
                                - 0x1fff'c8f0    0x21a8

"P3", part 4 of 4:                               0x4000
  HEAP                            0x2000'0000    0x4000  <Block>
    HEAP                 uninit   0x2000'0000    0x4000  <Block tail>
                                - 0x2000'4000    0x4000

Unused ranges:

         From           To      Size
         ----           --      ----
     0x2'0c84     0xf'ffff  0xd'f37c
  0x1fff'c8f0  0x1fff'ffff    0x3710
  0x2000'4000  0x2000'ffff    0xc000


*******************************************************************************
*** INIT TABLE
***

          Address      Size
          -------      ----
Zero (__iar_zero_init3)
    1 destination range, total size 0x4cb3:
          0x1fff'5a94  0x4cb3

Copy/lz77 (__iar_lz77_init3)
    1 source range, total size 0x5e4 (6% of destination):
             0x2'06a0   0x5e4
    1 destination range, total size 0x5a94:
          0x1fff'0000  0x5a94

Extra (__iar_cstart_call_ctors)



*******************************************************************************
*** MODULE SUMMARY
***

    Module                    ro code  ro data  rw data
    ------                    -------  -------  -------
command line/config:
    ---------------------------------------------------
    Total:

F:\PROJECTS\GANGES\2023\07.07.2023\PHASE 3\Track changer Converted\CODE_G3_SCTC_CNV_08.06.2023\Track changer converted\iar\release\obj\board: [1]
    clock_config.o                124
    pin_mux.o                     530      148
    ---------------------------------------------------
    Total:                        654      148

F:\PROJECTS\GANGES\2023\07.07.2023\PHASE 3\Track changer Converted\CODE_G3_SCTC_CNV_08.06.2023\Track changer converted\iar\release\obj\drivers: [2]
    fsl_clock.o                 1'440      141       16
    fsl_dspi.o                    200      200       24
    fsl_flash.o                 1'468               148
    fsl_ftm.o                   1'848      140
    fsl_gpio.o                    196      200
    fsl_i2c.o                   1'564      384       20
    fsl_lptmr.o                   220      204
    fsl_rtc.o                     936      140
    fsl_uart.o                  1'012      796       28
    fsl_wdog.o                    228      140
    ---------------------------------------------------
    Total:                      9'112    2'345      236

F:\PROJECTS\GANGES\2023\07.07.2023\PHASE 3\Track changer Converted\CODE_G3_SCTC_CNV_08.06.2023\Track changer converted\iar\release\obj\source: [3]
    RobotMain.o                 1'052       97      532
    ---------------------------------------------------
    Total:                      1'052       97      532

F:\PROJECTS\GANGES\2023\07.07.2023\PHASE 3\Track changer Converted\CODE_G3_SCTC_CNV_08.06.2023\Track changer converted\iar\release\obj\source\ADC: [4]
    adc.o                         332      148       44
    ---------------------------------------------------
    Total:                        332      148       44

F:\PROJECTS\GANGES\2023\07.07.2023\PHASE 3\Track changer Converted\CODE_G3_SCTC_CNV_08.06.2023\Track changer converted\iar\release\obj\source\API Processing: [5]
    APIProcessing.o            29'928    3'306    5'990
    ResponseAPIProcess.o          648       37       33
    ValuesValidate.o              224
    ---------------------------------------------------
    Total:                     30'800    3'343    6'023

F:\PROJECTS\GANGES\2023\07.07.2023\PHASE 3\Track changer Converted\CODE_G3_SCTC_CNV_08.06.2023\Track changer converted\iar\release\obj\source\Communication: [6]
    CommCommon.o                  140                 9
    ---------------------------------------------------
    Total:                        140                 9

F:\PROJECTS\GANGES\2023\07.07.2023\PHASE 3\Track changer Converted\CODE_G3_SCTC_CNV_08.06.2023\Track changer converted\iar\release\obj\source\Communication\BmsUart: [7]
    BmsUart.o                     336             2'016
    ---------------------------------------------------
    Total:                        336             2'016

F:\PROJECTS\GANGES\2023\07.07.2023\PHASE 3\Track changer Converted\CODE_G3_SCTC_CNV_08.06.2023\Track changer converted\iar\release\obj\source\Communication\ConfigUart: [8]
    ConfigUart.o                  524             2'016
    ---------------------------------------------------
    Total:                        524             2'016

F:\PROJECTS\GANGES\2023\07.07.2023\PHASE 3\Track changer Converted\CODE_G3_SCTC_CNV_08.06.2023\Track changer converted\iar\release\obj\source\Communication\ConfigUart\ConfigUart API Process: [9]
    ConfigAPIProcess.o            704             1'500
    ---------------------------------------------------
    Total:                        704             1'500

F:\PROJECTS\GANGES\2023\07.07.2023\PHASE 3\Track changer Converted\CODE_G3_SCTC_CNV_08.06.2023\Track changer converted\iar\release\obj\source\Communication\ConfigUart\ConfigUart API Process\JSON Parser: [10]
    fun_json.o                    868
    json.o                        544       48
    ---------------------------------------------------
    Total:                      1'412       48

F:\PROJECTS\GANGES\2023\07.07.2023\PHASE 3\Track changer Converted\CODE_G3_SCTC_CNV_08.06.2023\Track changer converted\iar\release\obj\source\Communication\DebugUart: [11]
    DebugUart.o                   484             2'016
    ---------------------------------------------------
    Total:                        484             2'016

F:\PROJECTS\GANGES\2023\07.07.2023\PHASE 3\Track changer Converted\CODE_G3_SCTC_CNV_08.06.2023\Track changer converted\iar\release\obj\source\Communication\ZigbeeAPIMode: [12]
    ZigbeeAPIMode.o             1'624      371      124
    ---------------------------------------------------
    Total:                      1'624      371      124

F:\PROJECTS\GANGES\2023\07.07.2023\PHASE 3\Track changer Converted\CODE_G3_SCTC_CNV_08.06.2023\Track changer converted\iar\release\obj\source\Communication\ZigbeeUart: [13]
    ZigbeeUart.o                  614        1    1'040
    ---------------------------------------------------
    Total:                        614        1    1'040

F:\PROJECTS\GANGES\2023\07.07.2023\PHASE 3\Track changer Converted\CODE_G3_SCTC_CNV_08.06.2023\Track changer converted\iar\release\obj\source\DEBUG: [14]
    serial_debug.o                  6
    ---------------------------------------------------
    Total:                          6

F:\PROJECTS\GANGES\2023\07.07.2023\PHASE 3\Track changer Converted\CODE_G3_SCTC_CNV_08.06.2023\Track changer converted\iar\release\obj\source\DELAY: [15]
    delay.o                        64                 8
    ---------------------------------------------------
    Total:                         64                 8

F:\PROJECTS\GANGES\2023\07.07.2023\PHASE 3\Track changer Converted\CODE_G3_SCTC_CNV_08.06.2023\Track changer converted\iar\release\obj\source\DefaultValues: [16]
    DefaultValues.o               812                36
    ---------------------------------------------------
    Total:                        812                36

F:\PROJECTS\GANGES\2023\07.07.2023\PHASE 3\Track changer Converted\CODE_G3_SCTC_CNV_08.06.2023\Track changer converted\iar\release\obj\source\EEPROM: [17]
    EepromMain.o                  488
    eeprom.o                      860                 4
    eepromStdtoHalDriver.o         64
    eepromStore.o               6'536                 4
    usr_flash.o                   700      302       92
    ---------------------------------------------------
    Total:                      8'648      302      100

F:\PROJECTS\GANGES\2023\07.07.2023\PHASE 3\Track changer Converted\CODE_G3_SCTC_CNV_08.06.2023\Track changer converted\iar\release\obj\source\EdgeSensor: [18]
    EdgeSense1.o                  170                 8
    EdgeSense2.o                  170                 8
    EdgeSenseCommon.o             114                 1
    ---------------------------------------------------
    Total:                        454                17

F:\PROJECTS\GANGES\2023\07.07.2023\PHASE 3\Track changer Converted\CODE_G3_SCTC_CNV_08.06.2023\Track changer converted\iar\release\obj\source\EventLogger: [19]
    EventLogger.o                  10
    EventLoggerFlash.o            472       42       16
    ---------------------------------------------------
    Total:                        482       42       16

F:\PROJECTS\GANGES\2023\07.07.2023\PHASE 3\Track changer Converted\CODE_G3_SCTC_CNV_08.06.2023\Track changer converted\iar\release\obj\source\I2C: [20]
    i2c_init.o                    444                48
    ---------------------------------------------------
    Total:                        444                48

F:\PROJECTS\GANGES\2023\07.07.2023\PHASE 3\Track changer Converted\CODE_G3_SCTC_CNV_08.06.2023\Track changer converted\iar\release\obj\source\LED: [21]
    LedCommon.o                    54
    ---------------------------------------------------
    Total:                         54

F:\PROJECTS\GANGES\2023\07.07.2023\PHASE 3\Track changer Converted\CODE_G3_SCTC_CNV_08.06.2023\Track changer converted\iar\release\obj\source\LED\LED1: [22]
    Led1.o                        438        5       92
    ---------------------------------------------------
    Total:                        438        5       92

F:\PROJECTS\GANGES\2023\07.07.2023\PHASE 3\Track changer Converted\CODE_G3_SCTC_CNV_08.06.2023\Track changer converted\iar\release\obj\source\LED\LED2: [23]
    Led2.o                        450        5       76
    ---------------------------------------------------
    Total:                        450        5       76

F:\PROJECTS\GANGES\2023\07.07.2023\PHASE 3\Track changer Converted\CODE_G3_SCTC_CNV_08.06.2023\Track changer converted\iar\release\obj\source\LED\LED3: [24]
    Led3.o                        478        6       92
    ---------------------------------------------------
    Total:                        478        6       92

F:\PROJECTS\GANGES\2023\07.07.2023\PHASE 3\Track changer Converted\CODE_G3_SCTC_CNV_08.06.2023\Track changer converted\iar\release\obj\source\LTC4015: [25]
    LTC4015.o                     204                20
    LTC4015_main.o              1'724       44       24
    bat_i2c.o                     706                56
    store_soc.o                   256                 4
    ---------------------------------------------------
    Total:                      2'890       44      104

F:\PROJECTS\GANGES\2023\07.07.2023\PHASE 3\Track changer Converted\CODE_G3_SCTC_CNV_08.06.2023\Track changer converted\iar\release\obj\source\MotorControl\BrushMotor: [26]
    BrushMotorControl.o           300                12
    BrushMotorControl_hal.o       156                 1
    ---------------------------------------------------
    Total:                        456                13

F:\PROJECTS\GANGES\2023\07.07.2023\PHASE 3\Track changer Converted\CODE_G3_SCTC_CNV_08.06.2023\Track changer converted\iar\release\obj\source\MotorControl\BrushMotor\BrushPwm: [27]
    BrushPwm.o                    120                 2
    ---------------------------------------------------
    Total:                        120                 2

F:\PROJECTS\GANGES\2023\07.07.2023\PHASE 3\Track changer Converted\CODE_G3_SCTC_CNV_08.06.2023\Track changer converted\iar\release\obj\source\MotorControl\Motor1: [28]
    Motor1Control.o               296        1       12
    Motor1Control_hal.o           206                 1
    ---------------------------------------------------
    Total:                        502        1       13

F:\PROJECTS\GANGES\2023\07.07.2023\PHASE 3\Track changer Converted\CODE_G3_SCTC_CNV_08.06.2023\Track changer converted\iar\release\obj\source\MotorControl\Motor1\Pwm1: [29]
    Pwm1.o                        452        3       41
    ---------------------------------------------------
    Total:                        452        3       41

F:\PROJECTS\GANGES\2023\07.07.2023\PHASE 3\Track changer Converted\CODE_G3_SCTC_CNV_08.06.2023\Track changer converted\iar\release\obj\source\MotorControl\Motor2: [30]
    Motor2Control.o               308        1       12
    Motor2Control_hal.o           176                 1
    ---------------------------------------------------
    Total:                        484        1       13

F:\PROJECTS\GANGES\2023\07.07.2023\PHASE 3\Track changer Converted\CODE_G3_SCTC_CNV_08.06.2023\Track changer converted\iar\release\obj\source\MotorControl\Motor2\Pwm2: [31]
    Pwm2.o                        112                 2
    ---------------------------------------------------
    Total:                        112                 2

F:\PROJECTS\GANGES\2023\07.07.2023\PHASE 3\Track changer Converted\CODE_G3_SCTC_CNV_08.06.2023\Track changer converted\iar\release\obj\source\OTHER: [32]
    NumStrConversion.o            816
    ---------------------------------------------------
    Total:                        816

F:\PROJECTS\GANGES\2023\07.07.2023\PHASE 3\Track changer Converted\CODE_G3_SCTC_CNV_08.06.2023\Track changer converted\iar\release\obj\source\OTHER\LPTimer: [33]
    LPTimer.o                     244      148        8
    ---------------------------------------------------
    Total:                        244      148        8

F:\PROJECTS\GANGES\2023\07.07.2023\PHASE 3\Track changer Converted\CODE_G3_SCTC_CNV_08.06.2023\Track changer converted\iar\release\obj\source\OTHER\VBatREG: [34]
    VBatReg.o                      16
    ---------------------------------------------------
    Total:                         16

F:\PROJECTS\GANGES\2023\07.07.2023\PHASE 3\Track changer Converted\CODE_G3_SCTC_CNV_08.06.2023\Track changer converted\iar\release\obj\source\OTHER\WDTimer: [35]
    WDTimer.o                     164                 4
    ---------------------------------------------------
    Total:                        164                 4

F:\PROJECTS\GANGES\2023\07.07.2023\PHASE 3\Track changer Converted\CODE_G3_SCTC_CNV_08.06.2023\Track changer converted\iar\release\obj\source\PROXIMITY: [36]
    cleanerdetect1.o               66
    cleanerdetect2.o               66
    cleanerdetectcommon.o          52
    proximity.o                   214                12
    ---------------------------------------------------
    Total:                        398                12

F:\PROJECTS\GANGES\2023\07.07.2023\PHASE 3\Track changer Converted\CODE_G3_SCTC_CNV_08.06.2023\Track changer converted\iar\release\obj\source\PortInterrupt: [37]
    PortInterrupt.o               144
    ---------------------------------------------------
    Total:                        144

F:\PROJECTS\GANGES\2023\07.07.2023\PHASE 3\Track changer Converted\CODE_G3_SCTC_CNV_08.06.2023\Track changer converted\iar\release\obj\source\RFID: [38]
    rfid.o                      1'404        6       90
    ---------------------------------------------------
    Total:                      1'404        6       90

F:\PROJECTS\GANGES\2023\07.07.2023\PHASE 3\Track changer Converted\CODE_G3_SCTC_CNV_08.06.2023\Track changer converted\iar\release\obj\source\RTC: [39]
    Rtc.o                         828                 3
    ---------------------------------------------------
    Total:                        828                 3

F:\PROJECTS\GANGES\2023\07.07.2023\PHASE 3\Track changer Converted\CODE_G3_SCTC_CNV_08.06.2023\Track changer converted\iar\release\obj\source\Relay: [40]
    Relay.o                       262        1        8
    ---------------------------------------------------
    Total:                        262        1        8

F:\PROJECTS\GANGES\2023\07.07.2023\PHASE 3\Track changer Converted\CODE_G3_SCTC_CNV_08.06.2023\Track changer converted\iar\release\obj\source\RobotControl: [41]
    RobotControl.o              2'940       90      168
    ---------------------------------------------------
    Total:                      2'940       90      168

F:\PROJECTS\GANGES\2023\07.07.2023\PHASE 3\Track changer Converted\CODE_G3_SCTC_CNV_08.06.2023\Track changer converted\iar\release\obj\source\RobotControl\BrushControl: [42]
    BrushControl.o              1'196       38       76
    ---------------------------------------------------
    Total:                      1'196       38       76

F:\PROJECTS\GANGES\2023\07.07.2023\PHASE 3\Track changer Converted\CODE_G3_SCTC_CNV_08.06.2023\Track changer converted\iar\release\obj\source\RobotOperation: [43]
    RobotOperation.o            7'300    1'302    3'884
    ---------------------------------------------------
    Total:                      7'300    1'302    3'884

F:\PROJECTS\GANGES\2023\07.07.2023\PHASE 3\Track changer Converted\CODE_G3_SCTC_CNV_08.06.2023\Track changer converted\iar\release\obj\source\RobotOperation\AutoSchedule: [44]
    AutoSchedule.o                156                 8
    ---------------------------------------------------
    Total:                        156                 8

F:\PROJECTS\GANGES\2023\07.07.2023\PHASE 3\Track changer Converted\CODE_G3_SCTC_CNV_08.06.2023\Track changer converted\iar\release\obj\source\RobotOperation\CycleMode: [45]
    CycleMode.o                   376                57
    ---------------------------------------------------
    Total:                        376                57
[...]
pwm2ChangeValue         0x1fff'59e8     0x4  Data  Lc  RobotControl.o [41]
pwmChangeValue          0x1fff'59ac     0x4  Data  Lc  BrushControl.o [42]
pwm_ChangeTimeCount     0x1fff'59b4     0x4  Data  Lc  BrushControl.o [42]
pwm_ChangeTimeCount     0x1fff'59f4     0x4  Data  Lc  RobotControl.o [41]
pxFile                  0x1fff'508c     0x4  Data  Gb  SDcardoperation.o [49]
quadDecodeCount         0x1fff'a610     0x4  Data  Lc  QuadDecoder.o [48]
quadDecodeNegative      0x1fff'a618     0x4  Data  Lc  QuadDecoder.o [48]
quadDecodePositive      0x1fff'a614     0x4  Data  Lc  QuadDecoder.o [48]
quadDecodeTime          0x1fff'a710     0x4  Data  Lc  QuadDecoder.o [48]
rcvr_datablock             0x1'5ffd    0x4a  Code  Lc  diskio.o [49]
read_rfid               0x1fff'56c2     0x1  Data  Gb  RobotOperation.o [43]
read_rfid_Fail          0x1fff'56c3     0x1  Data  Gb  RobotOperation.o [43]
relayOpState            0x1fff'5a80     0x1  Data  Lc  Relay.o [40]
relayStatus             0x1fff'5a81     0x1  Data  Lc  Relay.o [40]
relayTargetStatus       0x1fff'5a82     0x1  Data  Lc  Relay.o [40]
relayTimeOver           0x1fff'5a83     0x1  Data  Lc  Relay.o [40]
relay_timecount         0x1fff'5a84     0x4  Data  Lc  Relay.o [40]
remove_chain               0x1'0009    0x5e  Code  Lc  ff.o [49]
reportState             0x1fff'56b9     0x1  Data  Gb  RobotOperation.o [43]
responseCommandParams   0x1fff'59fc    0x10  Data  Gb  ResponseAPIProcess.o [5]
rfidDataReceived        0x1fff'581c     0x1  Data  Gb  rfid.o [38]
rfidTime                0x1fff'5848     0x4  Data  Gb  rfid.o [38]
rfidTimer_ms            0x1fff'584c     0x4  Data  Gb  rfid.o [38]
rfidUartReceive         0x1fff'5820    0x10  Data  Gb  rfid.o [38]
rfid_sense_TimeOver     0x1fff'56c1     0x1  Data  Lc  RobotOperation.o [43]
rfid_sense_timecount    0x1fff'56fc     0x4  Data  Lc  RobotOperation.o [43]
rmemcpy(unsigned char *, unsigned char const *, unsigned short)
                           0x1'ad17    0x18  Code  Gb  Utils.o [55]
robotCommand            0x1fff'56b1     0x1  Data  Lc  RobotOperation.o [43]
robotState              0x1fff'59dc     0x1  Data  Lc  RobotControl.o [41]
rotateCount             0x1fff'a62c     0x4  Data  Lc  RotateSense1.o [48]
rotateCount             0x1fff'a638     0x4  Data  Lc  RotateSense2.o [48]
rotateSense1TimeOver    0x1fff'a628     0x1  Data  Lc  RotateSense1.o [48]
rotateSense1_timecount  0x1fff'a630     0x4  Data  Lc  RotateSense1.o [48]
rotateSense2TimeOver    0x1fff'a634     0x1  Data  Lc  RotateSense2.o [48]
rotateSense2_timecount  0x1fff'a63c     0x4  Data  Lc  RotateSense2.o [48]
round                      0x1'ab35          Code  Gb  round.o [58]
roundl                     0x1'ab35          Code  Gb  round.o [58]
rowLengthData           0x1fff'8e84   0x5a0  Data  Gb  RobotOperation.o [43]
row_detected            0x1fff'a606     0x2  Data  Gb  proximity.o [36]
rowdaycount             0x1fff'56f0     0x4  Data  Gb  RobotOperation.o [43]
rowsActuallyCleaned     0x1fff'56ec     0x4  Data  Gb  RobotOperation.o [43]
rtcSecondsUpdatedFlag   0x1fff'a743     0x1  Data  Lc  Rtc.o [39]
rxDataBuffer            0x1fff'982c   0x1f4  Data  Gb  RobotMain.o [3]
rxIndex                 0x1fff'583c     0x2  Data  Gb  rfid.o [38]
s_debugConsoleIO        0x1fff'a690     0x8  Data  Lc  fsl_io.o [54]
s_dspiMasterIsr         0x1fff'a5f0     0x4  Data  Lc  fsl_dspi.o [2]
s_dspiSlaveIsr          0x1fff'a5f4     0x4  Data  Lc  fsl_dspi.o [2]
s_dummyData             0x1fff'a5ec     0x4  Data  Gb  fsl_dspi.o [2]
s_fastIrcFreq           0x1fff'5a3c     0x4  Data  Lc  fsl_clock.o [2]
s_flashCommonBitOperation
                        0x1fff'9f94    0x40  Data  Lc  fsl_flash.o [2]
s_flashCommonBitOperationFunctionCode
                           0x1'cc80    0x1c  Data  Lc  fsl_flash.o [2]
s_flashDriver           0x1fff'572c    0x34  Data  Lc  usr_flash.o [17]
s_flashExecuteInRamFunctionInfo
                        0x1fff'9f48     0xc  Data  Lc  fsl_flash.o [2]
s_flashRunCommand       0x1fff'9f54    0x40  Data  Lc  fsl_flash.o [2]
s_flashRunCommandFunctionCode
                           0x1'cc74     0xc  Data  Lc  fsl_flash.o [2]
s_ftmClocks                0x1'9820    0x10  Data  Lc  fsl_ftm.o [2]
s_i2cClocks                0x1'9068     0xc  Data  Lc  fsl_i2c.o [2]
s_i2cDividerTable          0x1'dfd8    0x80  Data  Lc  fsl_i2c.o [2]
s_i2cHandle             0x1fff'a540     0xc  Data  Lc  fsl_i2c.o [2]
s_i2cIrqs                  0x1'90f4     0x4  Data  Lc  fsl_i2c.o [2]
s_i2cMasterIsr          0x1fff'a54c     0x4  Data  Lc  fsl_i2c.o [2]
s_i2cSlaveIsr           0x1fff'a550     0x4  Data  Lc  fsl_i2c.o [2]
s_lptmrClocks              0x1'7648     0x4  Data  Lc  fsl_lptmr.o [2]
s_portBases                0x1'3a50    0x14  Data  Lc  fsl_gpio.o [2]
s_slowIrcFreq           0x1fff'5a38     0x4  Data  Lc  fsl_clock.o [2]
s_uartClock                0x1'4e58    0x18  Data  Lc  fsl_uart.o [2]
s_uartHandle            0x1fff'a450    0x18  Data  Lc  fsl_uart.o [2]
s_uartIsr               0x1fff'a468     0x4  Data  Lc  fsl_uart.o [2]
scalbln                    0x1'cf5d          Code  Gb  ldexp.o [58]
scalblnf                   0x1'5821          Code  Gb  ldexpf.o [58]
scalblnl                   0x1'cf5d          Code  Gb  ldexp.o [58]
scalbn                     0x1'cf5d          Code  Gb  ldexp.o [58]
scalbnf                    0x1'5821          Code  Gb  ldexpf.o [58]
scalbnl                    0x1'cf5d          Code  Gb  ldexp.o [58]
scheduleTime            0x1fff'a658     0x2  Data  Lc  AutoSchedule.o [44]
schedule_log            0x1fff'9fd4    0x64  Data  Gb  APIProcessing.o [5]
sec_hand                0x1fff'a730     0x4  Data  Lc  xfail_s.o [56]
sectorErasing              0x1'9ceb    0x58  Code  Gb  usr_flash.o [17]
securityStatus          0x1fff'571c     0x4  Data  Gb  usr_flash.o [17]
segment_holding            0x1'b215    0x1c  Code  Lc  dlmalloc.o [56]
send_cmd                   0x1'608f    0xa4  Code  Lc  diskio.o [49]
setBatMinSOC            0x1fff'a1e1     0x1  Data  Lc  FaultProcess.o [46]
simConfig_BOARD_BootClockRUN
                           0x1'6b68     0x8  Data  Gb  clock_config.o [1]
size_pkt                0x1fff'5ae0     0x4  Data  Gb  APIProcessing.o [5]
slave_address_cmp       0x1fff'5ad8     0x4  Data  Gb  APIProcessing.o [5]
slave_arr               0x1fff'5f24     0xc  Data  Gb  APIProcessing.o [5]
smbalert                0x1fff'a4f8     0x1  Data  Gb  LTC4015_main.o [25]
snprintf                     0x9c75    0x44  Code  Gb  snprintf.o [56]
spidataread             0x1fff'a430     0x1  Data  Gb  spi.o [50]
spidataread1            0x1fff'a431     0x1  Data  Gb  spi.o [50]
st_clust                   0x1'0299     0x8  Code  Lc  ff.o [49]
startbms                0x1fff'5a98     0x4  Data  Gb  APIProcessing.o [5]
std::_NomemoryNothrow()
                           0x1'b211     0x4  Code  Gb  nomemory.o [57]
std::__iar_New_hand     0x1fff'a72c     0x4  Data  Gb  new.o [57]
storeRfidData           0x1fff'9bf8    0xf0  Data  Gb  RobotOperation.o [43]
storeTime               0x1fff'a718     0x4  Data  Gb  store_soc.o [25]
storedLastOpStatus      0x1fff'a488    0x1c  Data  Lc  RobotControl.o [41]
strcat                       0xc451    0x1e  Code  Gb  strcat.o [56]
strchr                     0x1'68d1          Code  Gb  strchr.o [59]
strcmp                     0x1'10a9          Code  Gb  strcmp.o [59]
strcpy                     0x1'5f15          Code  Gb  strcpy.o [59]
strlen                       0x9a1d          Code  Gb  strlen.o [59]
strncmp                    0x1'a1ed    0x28  Code  Gb  strncmp.o [56]
strncpy                    0x1'1039          Code  Gb  strncpy.o [59]
strstr                     0x1'100d    0x2c  Code  Gb  strstr.o [56]
strtof                       0xf0e5     0x6  Code  Gb  strto32.o [58]
strtol                       0x7cb5     0x4  Code  Gb  iar_Stolx.o [56]
strtoul                      0x9f19     0x2  Code  Gb  iar_Stoulx.o [56]
strtoull                     0xee89     0x2  Code  Gb  iar_Stoullx.o [56]
sum                     0x1fff'a6f4     0x4  Data  Gb  APIProcessing.o [5]
switchState             0x1fff'a745     0x1  Data  Gb  switch.o [51]
sync_fs                      0xfdbf    0x6a  Code  Lc  ff.o [49]
sync_window                  0xfd3d    0x4e  Code  Lc  ff.o [49]
tc_count                0x1fff'56e8     0x4  Data  Gb  RobotOperation.o [43]
tcendtime                    0x7287    0x1a  Code  Gb  APIProcessing.o [5]
tcstarttime                  0x7259    0x2e  Code  Gb  APIProcessing.o [5]
tempSense1_ptime        0x1fff'a5c0     0x4  Data  Lc  temp_sensors.o [52]
tempSense1_pvalue       0x1fff'a5b8     0x4  Data  Lc  temp_sensors.o [52]
tempSense2_ptime        0x1fff'a5c4     0x4  Data  Lc  temp_sensors.o [52]
tempSense2_pvalue       0x1fff'a5bc     0x4  Data  Lc  temp_sensors.o [52]
tempSetTrackOpData      0x1fff'7b40   0x6f8  Data  Gb  RobotOperation.o [43]
temp_arr1               0x1fff'5b3c   0x3e8  Data  Gb  APIProcessing.o [5]
tolower                    0x1'2217    0x14  Code  Gb  tolower.o [56]
trackChangerError       0x1fff'56b5     0x1  Data  Gb  RobotOperation.o [43]
trackChangerState       0x1fff'56b7     0x1  Data  Gb  RobotOperation.o [43]
trackData               0x1fff'9e80    0xc8  Data  Gb  RobotOperation.o [43]
trackchangercount       0x1fff'56e4     0x4  Data  Gb  RobotOperation.o [43]
txAckBuff               0x1fff'9db8    0xc8  Data  Lc  APIProcessing.o [5]
txBuff                  0x1fff'8238   0x5dc  Data  Lc  APIProcessing.o [5]
txBuff                  0x1fff'88a8   0x5dc  Data  Lc  ConfigAPIProcess.o [9]
uartType                0x1fff'5a90     0x1  Data  Lc  CommCommon.o [6]
uart_arr                0x1fff'5f48   0x3e8  Data  Gb  APIProcessing.o [5]
validate                   0x1'0889    0x2a  Code  Lc  ff.o [49]
value                   0x1fff'5840     0x8  Data  Gb  rfid.o [38]
vsnprintf                  0x1'b1d5    0x3c  Code  Gb  vsnprint.o [56]
wait_ready                 0x1'5fd1    0x2c  Code  Lc  diskio.o [49]
write_flash                0x1'9d61    0x82  Code  Gb  usr_flash.o [17]
xbee                    0x1fff'a038    0x60  Data  Gb  ZigbeeAPI.o [55]
xmit_datablock             0x1'6047    0x48  Code  Lc  diskio.o [49]
zigbeeConfigChangeFlag  0x1fff'59b9     0x1  Data  Lc  ZigbeeAPIMode.o [12]
zigbeeConfigValues      0x1fff'a0f0    0x58  Data  Lc  ZigbeeAPIMode.o [12]
zigbeeInitStatus        0x1fff'59bb     0x1  Data  Lc  ZigbeeAPIMode.o [12]
zigbeeNetworkResetFlag  0x1fff'59ba     0x1  Data  Lc  ZigbeeAPIMode.o [12]
zigbeeRxDataReadInProgress
                        0x1fff'5a10     0x1  Data  Lc  ZigbeeUart.o [13]
zigbeeUartRx            0x1fff'9424   0x1fc  Data  Lc  ZigbeeUart.o [13]
zigbeeUartRxMacAddress  0x1fff'5a18     0x8  Data  Lc  ZigbeeUart.o [13]
zigbeeUartTx            0x1fff'9620   0x1fc  Data  Lc  ZigbeeUart.o [13]


[1] = F:\PROJECTS\GANGES\2023\07.07.2023\PHASE 3\Track changer Converted\CODE_G3_SCTC_CNV_08.06.2023\Track changer converted\iar\release\obj\board
[2] = F:\PROJECTS\GANGES\2023\07.07.2023\PHASE 3\Track changer Converted\CODE_G3_SCTC_CNV_08.06.2023\Track changer converted\iar\release\obj\drivers
[3] = F:\PROJECTS\GANGES\2023\07.07.2023\PHASE 3\Track changer Converted\CODE_G3_SCTC_CNV_08.06.2023\Track changer converted\iar\release\obj\source
[4] = F:\PROJECTS\GANGES\2023\07.07.2023\PHASE 3\Track changer Converted\CODE_G3_SCTC_CNV_08.06.2023\Track changer converted\iar\release\obj\source\ADC
[5] = F:\PROJECTS\GANGES\2023\07.07.2023\PHASE 3\Track changer Converted\CODE_G3_SCTC_CNV_08.06.2023\Track changer converted\iar\release\obj\source\API Processing
[6] = F:\PROJECTS\GANGES\2023\07.07.2023\PHASE 3\Track changer Converted\CODE_G3_SCTC_CNV_08.06.2023\Track changer converted\iar\release\obj\source\Communication
[7] = F:\PROJECTS\GANGES\2023\07.07.2023\PHASE 3\Track changer Converted\CODE_G3_SCTC_CNV_08.06.2023\Track changer converted\iar\release\obj\source\Communication\BmsUart
[8] = F:\PROJECTS\GANGES\2023\07.07.2023\PHASE 3\Track changer Converted\CODE_G3_SCTC_CNV_08.06.2023\Track changer converted\iar\release\obj\source\Communication\ConfigUart
[9] = F:\PROJECTS\GANGES\2023\07.07.2023\PHASE 3\Track changer Converted\CODE_G3_SCTC_CNV_08.06.2023\Track changer converted\iar\release\obj\source\Communication\ConfigUart\ConfigUart API Process
[10] = F:\PROJECTS\GANGES\2023\07.07.2023\PHASE 3\Track changer Converted\CODE_G3_SCTC_CNV_08.06.2023\Track changer converted\iar\release\obj\source\Communication\ConfigUart\ConfigUart API Process\JSON Parser
[11] = F:\PROJECTS\GANGES\2023\07.07.2023\PHASE 3\Track changer Converted\CODE_G3_SCTC_CNV_08.06.2023\Track changer converted\iar\release\obj\source\Communication\DebugUart
[12] = F:\PROJECTS\GANGES\2023\07.07.2023\PHASE 3\Track changer Converted\CODE_G3_SCTC_CNV_08.06.2023\Track changer converted\iar\release\obj\source\Communication\ZigbeeAPIMode
[13] = F:\PROJECTS\GANGES\2023\07.07.2023\PHASE 3\Track changer Converted\CODE_G3_SCTC_CNV_08.06.2023\Track changer converted\iar\release\obj\source\Communication\ZigbeeUart
[14] = F:\PROJECTS\GANGES\2023\07.07.2023\PHASE 3\Track changer Converted\CODE_G3_SCTC_CNV_08.06.2023\Track changer converted\iar\release\obj\source\DEBUG
[15] = F:\PROJECTS\GANGES\2023\07.07.2023\PHASE 3\Track changer Converted\CODE_G3_SCTC_CNV_08.06.2023\Track changer converted\iar\release\obj\source\DELAY
[16] = F:\PROJECTS\GANGES\2023\07.07.2023\PHASE 3\Track changer Converted\CODE_G3_SCTC_CNV_08.06.2023\Track changer converted\iar\release\obj\source\DefaultValues
[17] = F:\PROJECTS\GANGES\2023\07.07.2023\PHASE 3\Track changer Converted\CODE_G3_SCTC_CNV_08.06.2023\Track changer converted\iar\release\obj\source\EEPROM
[18] = F:\PROJECTS\GANGES\2023\07.07.2023\PHASE 3\Track changer Converted\CODE_G3_SCTC_CNV_08.06.2023\Track changer converted\iar\release\obj\source\EdgeSensor
[19] = F:\PROJECTS\GANGES\2023\07.07.2023\PHASE 3\Track changer Converted\CODE_G3_SCTC_CNV_08.06.2023\Track changer converted\iar\release\obj\source\EventLogger
[20] = F:\PROJECTS\GANGES\2023\07.07.2023\PHASE 3\Track changer Converted\CODE_G3_SCTC_CNV_08.06.2023\Track changer converted\iar\release\obj\source\I2C
[21] = F:\PROJECTS\GANGES\2023\07.07.2023\PHASE 3\Track changer Converted\CODE_G3_SCTC_CNV_08.06.2023\Track changer converted\iar\release\obj\source\LED
[22] = F:\PROJECTS\GANGES\2023\07.07.2023\PHASE 3\Track changer Converted\CODE_G3_SCTC_CNV_08.06.2023\Track changer converted\iar\release\obj\source\LED\LED1
[23] = F:\PROJECTS\GANGES\2023\07.07.2023\PHASE 3\Track changer Converted\CODE_G3_SCTC_CNV_08.06.2023\Track changer converted\iar\release\obj\source\LED\LED2
[24] = F:\PROJECTS\GANGES\2023\07.07.2023\PHASE 3\Track changer Converted\CODE_G3_SCTC_CNV_08.06.2023\Track changer converted\iar\release\obj\source\LED\LED3
[25] = F:\PROJECTS\GANGES\2023\07.07.2023\PHASE 3\Track changer Converted\CODE_G3_SCTC_CNV_08.06.2023\Track changer converted\iar\release\obj\source\LTC4015
[26] = F:\PROJECTS\GANGES\2023\07.07.2023\PHASE 3\Track changer Converted\CODE_G3_SCTC_CNV_08.06.2023\Track changer converted\iar\release\obj\source\MotorControl\BrushMotor
[27] = F:\PROJECTS\GANGES\2023\07.07.2023\PHASE 3\Track changer Converted\CODE_G3_SCTC_CNV_08.06.2023\Track changer converted\iar\release\obj\source\MotorControl\BrushMotor\BrushPwm
[28] = F:\PROJECTS\GANGES\2023\07.07.2023\PHASE 3\Track changer Converted\CODE_G3_SCTC_CNV_08.06.2023\Track changer converted\iar\release\obj\source\MotorControl\Motor1
[29] = F:\PROJECTS\GANGES\2023\07.07.2023\PHASE 3\Track changer Converted\CODE_G3_SCTC_CNV_08.06.2023\Track changer converted\iar\release\obj\source\MotorControl\Motor1\Pwm1
[30] = F:\PROJECTS\GANGES\2023\07.07.2023\PHASE 3\Track changer Converted\CODE_G3_SCTC_CNV_08.06.2023\Track changer converted\iar\release\obj\source\MotorControl\Motor2
[31] = F:\PROJECTS\GANGES\2023\07.07.2023\PHASE 3\Track changer Converted\CODE_G3_SCTC_CNV_08.06.2023\Track changer converted\iar\release\obj\source\MotorControl\Motor2\Pwm2
[32] = F:\PROJECTS\GANGES\2023\07.07.2023\PHASE 3\Track changer Converted\CODE_G3_SCTC_CNV_08.06.2023\Track changer converted\iar\release\obj\source\OTHER
[33] = F:\PROJECTS\GANGES\2023\07.07.2023\PHASE 3\Track changer Converted\CODE_G3_SCTC_CNV_08.06.2023\Track changer converted\iar\release\obj\source\OTHER\LPTimer
[34] = F:\PROJECTS\GANGES\2023\07.07.2023\PHASE 3\Track changer Converted\CODE_G3_SCTC_CNV_08.06.2023\Track changer converted\iar\release\obj\source\OTHER\VBatREG
[35] = F:\PROJECTS\GANGES\2023\07.07.2023\PHASE 3\Track changer Converted\CODE_G3_SCTC_CNV_08.06.2023\Track changer converted\iar\release\obj\source\OTHER\WDTimer
[36] = F:\PROJECTS\GANGES\2023\07.07.2023\PHASE 3\Track changer Converted\CODE_G3_SCTC_CNV_08.06.2023\Track changer converted\iar\release\obj\source\PROXIMITY
[37] = F:\PROJECTS\GANGES\2023\07.07.2023\PHASE 3\Track changer Converted\CODE_G3_SCTC_CNV_08.06.2023\Track changer converted\iar\release\obj\source\PortInterrupt
[38] = F:\PROJECTS\GANGES\2023\07.07.2023\PHASE 3\Track changer Converted\CODE_G3_SCTC_CNV_08.06.2023\Track changer converted\iar\release\obj\source\RFID
[39] = F:\PROJECTS\GANGES\2023\07.07.2023\PHASE 3\Track changer Converted\CODE_G3_SCTC_CNV_08.06.2023\Track changer converted\iar\release\obj\source\RTC
[40] = F:\PROJECTS\GANGES\2023\07.07.2023\PHASE 3\Track changer Converted\CODE_G3_SCTC_CNV_08.06.2023\Track changer converted\iar\release\obj\source\Relay
[41] = F:\PROJECTS\GANGES\2023\07.07.2023\PHASE 3\Track changer Converted\CODE_G3_SCTC_CNV_08.06.2023\Track changer converted\iar\release\obj\source\RobotControl
[42] = F:\PROJECTS\GANGES\2023\07.07.2023\PHASE 3\Track changer Converted\CODE_G3_SCTC_CNV_08.06.2023\Track changer converted\iar\release\obj\source\RobotControl\BrushControl
[43] = F:\PROJECTS\GANGES\2023\07.07.2023\PHASE 3\Track changer Converted\CODE_G3_SCTC_CNV_08.06.2023\Track changer converted\iar\release\obj\source\RobotOperation
[44] = F:\PROJECTS\GANGES\2023\07.07.2023\PHASE 3\Track changer Converted\CODE_G3_SCTC_CNV_08.06.2023\Track changer converted\iar\release\obj\source\RobotOperation\AutoSchedule
[45] = F:\PROJECTS\GANGES\2023\07.07.2023\PHASE 3\Track changer Converted\CODE_G3_SCTC_CNV_08.06.2023\Track changer converted\iar\release\obj\source\RobotOperation\CycleMode
[46] = F:\PROJECTS\GANGES\2023\07.07.2023\PHASE 3\Track changer Converted\CODE_G3_SCTC_CNV_08.06.2023\Track changer converted\iar\release\obj\source\RobotOperation\FaultProcess
[47] = F:\PROJECTS\GANGES\2023\07.07.2023\PHASE 3\Track changer Converted\CODE_G3_SCTC_CNV_08.06.2023\Track changer converted\iar\release\obj\source\RobotOperation\FaultProcess\OverCurrentFault
[48] = F:\PROJECTS\GANGES\2023\07.07.2023\PHASE 3\Track changer Converted\CODE_G3_SCTC_CNV_08.06.2023\Track changer converted\iar\release\obj\source\RotateSense
[49] = F:\PROJECTS\GANGES\2023\07.07.2023\PHASE 3\Track changer Converted\CODE_G3_SCTC_CNV_08.06.2023\Track changer converted\iar\release\obj\source\SDFAT
[50] = F:\PROJECTS\GANGES\2023\07.07.2023\PHASE 3\Track changer Converted\CODE_G3_SCTC_CNV_08.06.2023\Track changer converted\iar\release\obj\source\SPI
[51] = F:\PROJECTS\GANGES\2023\07.07.2023\PHASE 3\Track changer Converted\CODE_G3_SCTC_CNV_08.06.2023\Track changer converted\iar\release\obj\source\SWITCH
[52] = F:\PROJECTS\GANGES\2023\07.07.2023\PHASE 3\Track changer Converted\CODE_G3_SCTC_CNV_08.06.2023\Track changer converted\iar\release\obj\source\TEMP SENSOR
[53] = F:\PROJECTS\GANGES\2023\07.07.2023\PHASE 3\Track changer Converted\CODE_G3_SCTC_CNV_08.06.2023\Track changer converted\iar\release\obj\startup
[54] = F:\PROJECTS\GANGES\2023\07.07.2023\PHASE 3\Track changer Converted\CODE_G3_SCTC_CNV_08.06.2023\Track changer converted\iar\release\obj\utilities
[55] = XbeeZigbeeAPI.a
[56] = dl7M_tlf.a
[57] = dlpprt7M_tl_fc.a
[58] = m7M_tls.a
[59] = rt7M_tl.a

  120'857 bytes of readonly  code memory
   13'419 bytes of readonly  data memory
   67'819 bytes of readwrite data memory

Errors: none
Warnings: none
