###############################################################################
#
# IAR ELF Linker V9.20.2.320/W64 for ARM                  27/Jul/2023  14:26:46
# Copyright 2007-2021 IAR Systems AB.
#
#    Output file  =
#        F:\PROJECTS\GANGES\2023\27.07.2023\PHASE 3\Solar Cleaner & Track
#        Changer\CODE_G3_TC_08.06.2023\TRACKCHANGER_G3\iar\buildoutput\Solar_Robot_Board_Test1.out
#    Map file     =
#        F:\PROJECTS\GANGES\2023\27.07.2023\PHASE 3\Solar Cleaner & Track
#        Changer\CODE_G3_TC_08.06.2023\TRACKCHANGER_G3\iar\release\list\Solar_Robot_Board_Test1.map
#    Command line =
#        -f "F:\PROJECTS\GANGES\2023\27.07.2023\PHASE 3\Solar Cleaner & Track
#        Changer\CODE_G3_TC_08.06.2023\TRACKCHANGER_G3\iar\buildoutput\Solar_Robot_Board_Test1.out.rsp"
#        ("F:\PROJECTS\GANGES\2023\27.07.2023\PHASE 3\Solar Cleaner & Track
#        Changer\CODE_G3_TC_08.06.2023\TRACKCHANGER_G3\iar\release\obj\source\ADC\adc.o"
#        "F:\PROJECTS\GANGES\2023\27.07.2023\PHASE 3\Solar Cleaner & Track
#        Changer\CODE_G3_TC_08.06.2023\TRACKCHANGER_G3\iar\release\obj\source\API
#        Processing\APIProcessing.o" "F:\PROJECTS\GANGES\2023\27.07.2023\PHASE
#        3\Solar Cleaner & Track
#        Changer\CODE_G3_TC_08.06.2023\TRACKCHANGER_G3\iar\release\obj\source\RobotOperation\AutoSchedule\AutoSchedule.o"
#        "F:\PROJECTS\GANGES\2023\27.07.2023\PHASE 3\Solar Cleaner & Track
#        Changer\CODE_G3_TC_08.06.2023\TRACKCHANGER_G3\iar\release\obj\source\LTC4015\bat_i2c.o"
#        "F:\PROJECTS\GANGES\2023\27.07.2023\PHASE 3\Solar Cleaner & Track
#        Changer\CODE_G3_TC_08.06.2023\TRACKCHANGER_G3\iar\release\obj\source\Communication\BmsUart\BmsUart.o"
#        "F:\PROJECTS\GANGES\2023\27.07.2023\PHASE 3\Solar Cleaner & Track
#        Changer\CODE_G3_TC_08.06.2023\TRACKCHANGER_G3\iar\release\obj\board\board.o"
#        "F:\PROJECTS\GANGES\2023\27.07.2023\PHASE 3\Solar Cleaner & Track
#        Changer\CODE_G3_TC_08.06.2023\TRACKCHANGER_G3\iar\release\obj\source\RobotControl\BrushControl\BrushControl.o"
#        "F:\PROJECTS\GANGES\2023\27.07.2023\PHASE 3\Solar Cleaner & Track
#        Changer\CODE_G3_TC_08.06.2023\TRACKCHANGER_G3\iar\release\obj\source\MotorControl\BrushMotor\BrushMotorControl.o"
#        "F:\PROJECTS\GANGES\2023\27.07.2023\PHASE 3\Solar Cleaner & Track
#        Changer\CODE_G3_TC_08.06.2023\TRACKCHANGER_G3\iar\release\obj\source\MotorControl\BrushMotor\BrushMotorControl_hal.o"
#        "F:\PROJECTS\GANGES\2023\27.07.2023\PHASE 3\Solar Cleaner & Track
#        Changer\CODE_G3_TC_08.06.2023\TRACKCHANGER_G3\iar\release\obj\source\MotorControl\BrushMotor\BrushPwm\BrushPwm.o"
#        "F:\PROJECTS\GANGES\2023\27.07.2023\PHASE 3\Solar Cleaner & Track
#        Changer\CODE_G3_TC_08.06.2023\TRACKCHANGER_G3\iar\release\obj\source\PROXIMITY\cleanerdetect1.o"
#        "F:\PROJECTS\GANGES\2023\27.07.2023\PHASE 3\Solar Cleaner & Track
#        Changer\CODE_G3_TC_08.06.2023\TRACKCHANGER_G3\iar\release\obj\source\PROXIMITY\cleanerdetect2.o"
#        "F:\PROJECTS\GANGES\2023\27.07.2023\PHASE 3\Solar Cleaner & Track
#        Changer\CODE_G3_TC_08.06.2023\TRACKCHANGER_G3\iar\release\obj\source\PROXIMITY\cleanerdetectcommon.o"
#        "F:\PROJECTS\GANGES\2023\27.07.2023\PHASE 3\Solar Cleaner & Track
#        Changer\CODE_G3_TC_08.06.2023\TRACKCHANGER_G3\iar\release\obj\board\clock_config.o"
#        "F:\PROJECTS\GANGES\2023\27.07.2023\PHASE 3\Solar Cleaner & Track
#        Changer\CODE_G3_TC_08.06.2023\TRACKCHANGER_G3\iar\release\obj\source\Communication\CommCommon.o"
#        "F:\PROJECTS\GANGES\2023\27.07.2023\PHASE 3\Solar Cleaner & Track
#        Changer\CODE_G3_TC_08.06.2023\TRACKCHANGER_G3\iar\release\obj\source\Communication\ConfigUart\ConfigUart
#        API Process\ConfigAPIProcess.o"
#        "F:\PROJECTS\GANGES\2023\27.07.2023\PHASE 3\Solar Cleaner & Track
#        Changer\CODE_G3_TC_08.06.2023\TRACKCHANGER_G3\iar\release\obj\source\Communication\ConfigUart\ConfigUart.o"
#        "F:\PROJECTS\GANGES\2023\27.07.2023\PHASE 3\Solar Cleaner & Track
#        Changer\CODE_G3_TC_08.06.2023\TRACKCHANGER_G3\iar\release\obj\source\RobotOperation\CycleMode\CycleMode.o"
#        "F:\PROJECTS\GANGES\2023\27.07.2023\PHASE 3\Solar Cleaner & Track
#        Changer\CODE_G3_TC_08.06.2023\TRACKCHANGER_G3\iar\release\obj\source\Communication\DebugUart\DebugUart.o"
#        "F:\PROJECTS\GANGES\2023\27.07.2023\PHASE 3\Solar Cleaner & Track
#        Changer\CODE_G3_TC_08.06.2023\TRACKCHANGER_G3\iar\release\obj\source\DefaultValues\DefaultValues.o"
#        "F:\PROJECTS\GANGES\2023\27.07.2023\PHASE 3\Solar Cleaner & Track
#        Changer\CODE_G3_TC_08.06.2023\TRACKCHANGER_G3\iar\release\obj\source\DELAY\delay.o"
#        "F:\PROJECTS\GANGES\2023\27.07.2023\PHASE 3\Solar Cleaner & Track
#        Changer\CODE_G3_TC_08.06.2023\TRACKCHANGER_G3\iar\release\obj\source\SDFAT\diskio.o"
#        "F:\PROJECTS\GANGES\2023\27.07.2023\PHASE 3\Solar Cleaner & Track
#        Changer\CODE_G3_TC_08.06.2023\TRACKCHANGER_G3\iar\release\obj\source\EdgeSensor\EdgeSense1.o"
#        "F:\PROJECTS\GANGES\2023\27.07.2023\PHASE 3\Solar Cleaner & Track
#        Changer\CODE_G3_TC_08.06.2023\TRACKCHANGER_G3\iar\release\obj\source\EdgeSensor\EdgeSense2.o"
#        "F:\PROJECTS\GANGES\2023\27.07.2023\PHASE 3\Solar Cleaner & Track
#        Changer\CODE_G3_TC_08.06.2023\TRACKCHANGER_G3\iar\release\obj\source\EdgeSensor\EdgeSenseCommon.o"
#        "F:\PROJECTS\GANGES\2023\27.07.2023\PHASE 3\Solar Cleaner & Track
#        Changer\CODE_G3_TC_08.06.2023\TRACKCHANGER_G3\iar\release\obj\source\EEPROM\eeprom.o"
#        "F:\PROJECTS\GANGES\2023\27.07.2023\PHASE 3\Solar Cleaner & Track
#        Changer\CODE_G3_TC_08.06.2023\TRACKCHANGER_G3\iar\release\obj\source\EEPROM\EepromMain.o"
#        "F:\PROJECTS\GANGES\2023\27.07.2023\PHASE 3\Solar Cleaner & Track
#        Changer\CODE_G3_TC_08.06.2023\TRACKCHANGER_G3\iar\release\obj\source\EEPROM\eepromStdtoHalDriver.o"
#        "F:\PROJECTS\GANGES\2023\27.07.2023\PHASE 3\Solar Cleaner & Track
#        Changer\CODE_G3_TC_08.06.2023\TRACKCHANGER_G3\iar\release\obj\source\EEPROM\eepromStore.o"
#        "F:\PROJECTS\GANGES\2023\27.07.2023\PHASE 3\Solar Cleaner & Track
#        Changer\CODE_G3_TC_08.06.2023\TRACKCHANGER_G3\iar\release\obj\source\EventLogger\EventLogger.o"
#        "F:\PROJECTS\GANGES\2023\27.07.2023\PHASE 3\Solar Cleaner & Track
#        Changer\CODE_G3_TC_08.06.2023\TRACKCHANGER_G3\iar\release\obj\source\EventLogger\EventLoggerFlash.o"
#        "F:\PROJECTS\GANGES\2023\27.07.2023\PHASE 3\Solar Cleaner & Track
#        Changer\CODE_G3_TC_08.06.2023\TRACKCHANGER_G3\iar\release\obj\source\RobotOperation\FaultProcess\FaultProcess.o"
#        "F:\PROJECTS\GANGES\2023\27.07.2023\PHASE 3\Solar Cleaner & Track
#        Changer\CODE_G3_TC_08.06.2023\TRACKCHANGER_G3\iar\release\obj\source\SDFAT\ff.o"
#        "F:\PROJECTS\GANGES\2023\27.07.2023\PHASE 3\Solar Cleaner & Track
#        Changer\CODE_G3_TC_08.06.2023\TRACKCHANGER_G3\iar\release\obj\drivers\fsl_adc16.o"
#        "F:\PROJECTS\GANGES\2023\27.07.2023\PHASE 3\Solar Cleaner & Track
#        Changer\CODE_G3_TC_08.06.2023\TRACKCHANGER_G3\iar\release\obj\utilities\fsl_assert.o"
#        "F:\PROJECTS\GANGES\2023\27.07.2023\PHASE 3\Solar Cleaner & Track
#        Changer\CODE_G3_TC_08.06.2023\TRACKCHANGER_G3\iar\release\obj\drivers\fsl_clock.o"
#        "F:\PROJECTS\GANGES\2023\27.07.2023\PHASE 3\Solar Cleaner & Track
#        Changer\CODE_G3_TC_08.06.2023\TRACKCHANGER_G3\iar\release\obj\drivers\fsl_common.o"
#        "F:\PROJECTS\GANGES\2023\27.07.2023\PHASE 3\Solar Cleaner & Track
#        Changer\CODE_G3_TC_08.06.2023\TRACKCHANGER_G3\iar\release\obj\utilities\fsl_debug_console.o"
#        "F:\PROJECTS\GANGES\2023\27.07.2023\PHASE 3\Solar Cleaner & Track
#        Changer\CODE_G3_TC_08.06.2023\TRACKCHANGER_G3\iar\release\obj\drivers\fsl_dspi.o"
#        "F:\PROJECTS\GANGES\2023\27.07.2023\PHASE 3\Solar Cleaner & Track
#        Changer\CODE_G3_TC_08.06.2023\TRACKCHANGER_G3\iar\release\obj\drivers\fsl_flash.o"
#        "F:\PROJECTS\GANGES\2023\27.07.2023\PHASE 3\Solar Cleaner & Track
#        Changer\CODE_G3_TC_08.06.2023\TRACKCHANGER_G3\iar\release\obj\drivers\fsl_ftm.o"
#        "F:\PROJECTS\GANGES\2023\27.07.2023\PHASE 3\Solar Cleaner & Track
#        Changer\CODE_G3_TC_08.06.2023\TRACKCHANGER_G3\iar\release\obj\drivers\fsl_gpio.o"
#        "F:\PROJECTS\GANGES\2023\27.07.2023\PHASE 3\Solar Cleaner & Track
#        Changer\CODE_G3_TC_08.06.2023\TRACKCHANGER_G3\iar\release\obj\drivers\fsl_i2c.o"
#        "F:\PROJECTS\GANGES\2023\27.07.2023\PHASE 3\Solar Cleaner & Track
#        Changer\CODE_G3_TC_08.06.2023\TRACKCHANGER_G3\iar\release\obj\utilities\fsl_io.o"
#        "F:\PROJECTS\GANGES\2023\27.07.2023\PHASE 3\Solar Cleaner & Track
#        Changer\CODE_G3_TC_08.06.2023\TRACKCHANGER_G3\iar\release\obj\utilities\fsl_log.o"
#        "F:\PROJECTS\GANGES\2023\27.07.2023\PHASE 3\Solar Cleaner & Track
#        Changer\CODE_G3_TC_08.06.2023\TRACKCHANGER_G3\iar\release\obj\drivers\fsl_lptmr.o"
#        "F:\PROJECTS\GANGES\2023\27.07.2023\PHASE 3\Solar Cleaner & Track
#        Changer\CODE_G3_TC_08.06.2023\TRACKCHANGER_G3\iar\release\obj\drivers\fsl_rcm.o"
#        "F:\PROJECTS\GANGES\2023\27.07.2023\PHASE 3\Solar Cleaner & Track
#        Changer\CODE_G3_TC_08.06.2023\TRACKCHANGER_G3\iar\release\obj\drivers\fsl_rtc.o"
#        "F:\PROJECTS\GANGES\2023\27.07.2023\PHASE 3\Solar Cleaner & Track
#        Changer\CODE_G3_TC_08.06.2023\TRACKCHANGER_G3\iar\release\obj\drivers\fsl_smc.o"
#        "F:\PROJECTS\GANGES\2023\27.07.2023\PHASE 3\Solar Cleaner & Track
#        Changer\CODE_G3_TC_08.06.2023\TRACKCHANGER_G3\iar\release\obj\utilities\fsl_str.o"
#        "F:\PROJECTS\GANGES\2023\27.07.2023\PHASE 3\Solar Cleaner & Track
#        Changer\CODE_G3_TC_08.06.2023\TRACKCHANGER_G3\iar\release\obj\drivers\fsl_uart.o"
#        "F:\PROJECTS\GANGES\2023\27.07.2023\PHASE 3\Solar Cleaner & Track
#        Changer\CODE_G3_TC_08.06.2023\TRACKCHANGER_G3\iar\release\obj\drivers\fsl_vref.o"
#        "F:\PROJECTS\GANGES\2023\27.07.2023\PHASE 3\Solar Cleaner & Track
#        Changer\CODE_G3_TC_08.06.2023\TRACKCHANGER_G3\iar\release\obj\drivers\fsl_wdog.o"
#        "F:\PROJECTS\GANGES\2023\27.07.2023\PHASE 3\Solar Cleaner & Track
#        Changer\CODE_G3_TC_08.06.2023\TRACKCHANGER_G3\iar\release\obj\source\Communication\ConfigUart\ConfigUart
#        API Process\JSON Parser\fun_json.o"
#        "F:\PROJECTS\GANGES\2023\27.07.2023\PHASE 3\Solar Cleaner & Track
#        Changer\CODE_G3_TC_08.06.2023\TRACKCHANGER_G3\iar\release\obj\source\I2C\i2c_init.o"
#        "F:\PROJECTS\GANGES\2023\27.07.2023\PHASE 3\Solar Cleaner & Track
#        Changer\CODE_G3_TC_08.06.2023\TRACKCHANGER_G3\iar\release\obj\source\Communication\ConfigUart\ConfigUart
#        API Process\JSON Parser\json.o"
#        "F:\PROJECTS\GANGES\2023\27.07.2023\PHASE 3\Solar Cleaner & Track
#        Changer\CODE_G3_TC_08.06.2023\TRACKCHANGER_G3\iar\release\obj\source\LED\LED1\Led1.o"
#        "F:\PROJECTS\GANGES\2023\27.07.2023\PHASE 3\Solar Cleaner & Track
#        Changer\CODE_G3_TC_08.06.2023\TRACKCHANGER_G3\iar\release\obj\source\LED\LED2\Led2.o"
#        "F:\PROJECTS\GANGES\2023\27.07.2023\PHASE 3\Solar Cleaner & Track
#        Changer\CODE_G3_TC_08.06.2023\TRACKCHANGER_G3\iar\release\obj\source\LED\LED3\Led3.o"
#        "F:\PROJECTS\GANGES\2023\27.07.2023\PHASE 3\Solar Cleaner & Track
#        Changer\CODE_G3_TC_08.06.2023\TRACKCHANGER_G3\iar\release\obj\source\LED\LedCommon.o"
#        "F:\PROJECTS\GANGES\2023\27.07.2023\PHASE 3\Solar Cleaner & Track
#        Changer\CODE_G3_TC_08.06.2023\TRACKCHANGER_G3\iar\release\obj\source\OTHER\LPTimer\LPTimer.o"
#        "F:\PROJECTS\GANGES\2023\27.07.2023\PHASE 3\Solar Cleaner & Track
#        Changer\CODE_G3_TC_08.06.2023\TRACKCHANGER_G3\iar\release\obj\source\LTC4015\LTC4015.o"
#        "F:\PROJECTS\GANGES\2023\27.07.2023\PHASE 3\Solar Cleaner & Track
#        Changer\CODE_G3_TC_08.06.2023\TRACKCHANGER_G3\iar\release\obj\source\LTC4015\LTC4015_main.o"
#        "F:\PROJECTS\GANGES\2023\27.07.2023\PHASE 3\Solar Cleaner & Track
#        Changer\CODE_G3_TC_08.06.2023\TRACKCHANGER_G3\iar\release\obj\source\RobotOperation\FaultProcess\OverCurrentFault\Mot1CurrentFault.o"
#        "F:\PROJECTS\GANGES\2023\27.07.2023\PHASE 3\Solar Cleaner & Track
#        Changer\CODE_G3_TC_08.06.2023\TRACKCHANGER_G3\iar\release\obj\source\RobotOperation\FaultProcess\OverCurrentFault\Mot2CurrentFault.o"
#        "F:\PROJECTS\GANGES\2023\27.07.2023\PHASE 3\Solar Cleaner & Track
#        Changer\CODE_G3_TC_08.06.2023\TRACKCHANGER_G3\iar\release\obj\source\RobotOperation\FaultProcess\OverCurrentFault\Mot3CurrentFault.o"
#        "F:\PROJECTS\GANGES\2023\27.07.2023\PHASE 3\Solar Cleaner & Track
#        Changer\CODE_G3_TC_08.06.2023\TRACKCHANGER_G3\iar\release\obj\source\RobotOperation\FaultProcess\OverCurrentFault\MotCurrentFaultCommon.o"
#        "F:\PROJECTS\GANGES\2023\27.07.2023\PHASE 3\Solar Cleaner & Track
#        Changer\CODE_G3_TC_08.06.2023\TRACKCHANGER_G3\iar\release\obj\source\MotorControl\Motor1\Motor1Control.o"
#        "F:\PROJECTS\GANGES\2023\27.07.2023\PHASE 3\Solar Cleaner & Track
#        Changer\CODE_G3_TC_08.06.2023\TRACKCHANGER_G3\iar\release\obj\source\MotorControl\Motor1\Motor1Control_hal.o"
#        "F:\PROJECTS\GANGES\2023\27.07.2023\PHASE 3\Solar Cleaner & Track
#        Changer\CODE_G3_TC_08.06.2023\TRACKCHANGER_G3\iar\release\obj\source\MotorControl\Motor2\Motor2Control.o"
#        "F:\PROJECTS\GANGES\2023\27.07.2023\PHASE 3\Solar Cleaner & Track
#        Changer\CODE_G3_TC_08.06.2023\TRACKCHANGER_G3\iar\release\obj\source\MotorControl\Motor2\Motor2Control_hal.o"
#        "F:\PROJECTS\GANGES\2023\27.07.2023\PHASE 3\Solar Cleaner & Track
#        Changer\CODE_G3_TC_08.06.2023\TRACKCHANGER_G3\iar\release\obj\source\OTHER\NumStrConversion.o"
#        "F:\PROJECTS\GANGES\2023\27.07.2023\PHASE 3\Solar Cleaner & Track
#        Changer\CODE_G3_TC_08.06.2023\TRACKCHANGER_G3\iar\release\obj\board\pin_mux.o"
#        "F:\PROJECTS\GANGES\2023\27.07.2023\PHASE 3\Solar Cleaner & Track
#        Changer\CODE_G3_TC_08.06.2023\TRACKCHANGER_G3\iar\release\obj\source\PortInterrupt\PortInterrupt.o"
#        "F:\PROJECTS\GANGES\2023\27.07.2023\PHASE 3\Solar Cleaner & Track
#        Changer\CODE_G3_TC_08.06.2023\TRACKCHANGER_G3\iar\release\obj\source\PROXIMITY\proximity.o"
#        "F:\PROJECTS\GANGES\2023\27.07.2023\PHASE 3\Solar Cleaner & Track
#        Changer\CODE_G3_TC_08.06.2023\TRACKCHANGER_G3\iar\release\obj\source\MotorControl\Motor1\Pwm1\Pwm1.o"
#        "F:\PROJECTS\GANGES\2023\27.07.2023\PHASE 3\Solar Cleaner & Track
#        Changer\CODE_G3_TC_08.06.2023\TRACKCHANGER_G3\iar\release\obj\source\MotorControl\Motor2\Pwm2\Pwm2.o"
#        "F:\PROJECTS\GANGES\2023\27.07.2023\PHASE 3\Solar Cleaner & Track
#        Changer\CODE_G3_TC_08.06.2023\TRACKCHANGER_G3\iar\release\obj\source\SPI\PwmDriveSpi.o"
#        "F:\PROJECTS\GANGES\2023\27.07.2023\PHASE 3\Solar Cleaner & Track
#        Changer\CODE_G3_TC_08.06.2023\TRACKCHANGER_G3\iar\release\obj\source\RotateSense\QuadDecoder.o"
#        "F:\PROJECTS\GANGES\2023\27.07.2023\PHASE 3\Solar Cleaner & Track
#        Changer\CODE_G3_TC_08.06.2023\TRACKCHANGER_G3\iar\release\obj\source\Relay\Relay.o"
#        "F:\PROJECTS\GANGES\2023\27.07.2023\PHASE 3\Solar Cleaner & Track
#        Changer\CODE_G3_TC_08.06.2023\TRACKCHANGER_G3\iar\release\obj\source\API
#        Processing\ResponseAPIProcess.o"
#        "F:\PROJECTS\GANGES\2023\27.07.2023\PHASE 3\Solar Cleaner & Track
#        Changer\CODE_G3_TC_08.06.2023\TRACKCHANGER_G3\iar\release\obj\source\RFID\rfid.o"
#        "F:\PROJECTS\GANGES\2023\27.07.2023\PHASE 3\Solar Cleaner & Track
#        Changer\CODE_G3_TC_08.06.2023\TRACKCHANGER_G3\iar\release\obj\source\RobotControl\RobotControl.o"
#        "F:\PROJECTS\GANGES\2023\27.07.2023\PHASE 3\Solar Cleaner & Track
#        Changer\CODE_G3_TC_08.06.2023\TRACKCHANGER_G3\iar\release\obj\source\RobotMain.o"
#        "F:\PROJECTS\GANGES\2023\27.07.2023\PHASE 3\Solar Cleaner & Track
#        Changer\CODE_G3_TC_08.06.2023\TRACKCHANGER_G3\iar\release\obj\source\RobotOperation\RobotOperation.o"
#        "F:\PROJECTS\GANGES\2023\27.07.2023\PHASE 3\Solar Cleaner & Track
#        Changer\CODE_G3_TC_08.06.2023\TRACKCHANGER_G3\iar\release\obj\source\RotateSense\RotateSense1.o"
#        "F:\PROJECTS\GANGES\2023\27.07.2023\PHASE 3\Solar Cleaner & Track
#        Changer\CODE_G3_TC_08.06.2023\TRACKCHANGER_G3\iar\release\obj\source\RotateSense\RotateSense2.o"
#        "F:\PROJECTS\GANGES\2023\27.07.2023\PHASE 3\Solar Cleaner & Track
#        Changer\CODE_G3_TC_08.06.2023\TRACKCHANGER_G3\iar\release\obj\source\RotateSense\RotateSenseCommon.o"
#        "F:\PROJECTS\GANGES\2023\27.07.2023\PHASE 3\Solar Cleaner & Track
#        Changer\CODE_G3_TC_08.06.2023\TRACKCHANGER_G3\iar\release\obj\source\RTC\Rtc.o"
#        "F:\PROJECTS\GANGES\2023\27.07.2023\PHASE 3\Solar Cleaner & Track
#        Changer\CODE_G3_TC_08.06.2023\TRACKCHANGER_G3\iar\release\obj\source\SDFAT\SDcardoperation.o"
#        "F:\PROJECTS\GANGES\2023\27.07.2023\PHASE 3\Solar Cleaner & Track
#        Changer\CODE_G3_TC_08.06.2023\TRACKCHANGER_G3\iar\release\obj\source\DEBUG\serial_debug.o"
#        "F:\PROJECTS\GANGES\2023\27.07.2023\PHASE 3\Solar Cleaner & Track
#        Changer\CODE_G3_TC_08.06.2023\TRACKCHANGER_G3\iar\release\obj\source\SPI\spi.o"
#        "F:\PROJECTS\GANGES\2023\27.07.2023\PHASE 3\Solar Cleaner & Track
#        Changer\CODE_G3_TC_08.06.2023\TRACKCHANGER_G3\iar\release\obj\startup\startup_MK22FA12.o"
#        "F:\PROJECTS\GANGES\2023\27.07.2023\PHASE 3\Solar Cleaner & Track
#        Changer\CODE_G3_TC_08.06.2023\TRACKCHANGER_G3\iar\release\obj\source\LTC4015\store_soc.o"
#        "F:\PROJECTS\GANGES\2023\27.07.2023\PHASE 3\Solar Cleaner & Track
#        Changer\CODE_G3_TC_08.06.2023\TRACKCHANGER_G3\iar\release\obj\source\SWITCH\switch.o"
#        "F:\PROJECTS\GANGES\2023\27.07.2023\PHASE 3\Solar Cleaner & Track
#        Changer\CODE_G3_TC_08.06.2023\TRACKCHANGER_G3\iar\release\obj\startup\system_MK22FA12.o"
#        "F:\PROJECTS\GANGES\2023\27.07.2023\PHASE 3\Solar Cleaner & Track
#        Changer\CODE_G3_TC_08.06.2023\TRACKCHANGER_G3\iar\release\obj\source\TEMP
#        SENSOR\temp_sensors.o" "F:\PROJECTS\GANGES\2023\27.07.2023\PHASE
#        3\Solar Cleaner & Track
#        Changer\CODE_G3_TC_08.06.2023\TRACKCHANGER_G3\iar\release\obj\source\TempVariables.o"
#        "F:\PROJECTS\GANGES\2023\27.07.2023\PHASE 3\Solar Cleaner & Track
#        Changer\CODE_G3_TC_08.06.2023\TRACKCHANGER_G3\iar\release\obj\source\EEPROM\usr_flash.o"
#        "F:\PROJECTS\GANGES\2023\27.07.2023\PHASE 3\Solar Cleaner & Track
#        Changer\CODE_G3_TC_08.06.2023\TRACKCHANGER_G3\iar\release\obj\source\API
#        Processing\ValuesValidate.o" "F:\PROJECTS\GANGES\2023\27.07.2023\PHASE
#        3\Solar Cleaner & Track
#        Changer\CODE_G3_TC_08.06.2023\TRACKCHANGER_G3\iar\release\obj\source\OTHER\VBatREG\VBatReg.o"
#        "F:\PROJECTS\GANGES\2023\27.07.2023\PHASE 3\Solar Cleaner & Track
#        Changer\CODE_G3_TC_08.06.2023\TRACKCHANGER_G3\iar\release\obj\source\OTHER\WDTimer\WDTimer.o"
#        "F:\PROJECTS\GANGES\2023\27.07.2023\PHASE 3\Solar Cleaner & Track
#        Changer\CODE_G3_TC_08.06.2023\TRACKCHANGER_G3\ZigbeeAPILibrary\XbeeZigbeeAPI.a"
#        "F:\PROJECTS\GANGES\2023\27.07.2023\PHASE 3\Solar Cleaner & Track
#        Changer\CODE_G3_TC_08.06.2023\TRACKCHANGER_G3\iar\release\obj\source\Communication\ZigbeeAPIMode\ZigbeeAPIMode.o"
#        "F:\PROJECTS\GANGES\2023\27.07.2023\PHASE 3\Solar Cleaner & Track
#        Changer\CODE_G3_TC_08.06.2023\TRACKCHANGER_G3\iar\release\obj\source\Communication\ZigbeeUart\ZigbeeUart.o"
#        --redirect _Printf=_PrintfSmallNoMb --redirect _Scanf=_ScanfSmallNoMb
#        --no_out_extension -o "F:\PROJECTS\GANGES\2023\27.07.2023\PHASE
#        3\Solar Cleaner & Track
#        Changer\CODE_G3_TC_08.06.2023\TRACKCHANGER_G3\iar\buildoutput\Solar_Robot_Board_Test1.out"
#        --map "F:\PROJECTS\GANGES\2023\27.07.2023\PHASE 3\Solar Cleaner &
#        Track
#        Changer\CODE_G3_TC_08.06.2023\TRACKCHANGER_G3\iar\release\list\Solar_Robot_Board_Test1.map"
#        --config "C:\Program Files\IAR Systems\Embedded Workbench
#        9.0\arm\config\linker\NXP\MK22xN1M_12.icf" --entry __iar_program_start
#        --inline --vfe --text_out locale)
#
###############################################################################

*******************************************************************************
*** RUNTIME MODEL ATTRIBUTES
***

CppFlavor                     = *
__CPP_Exceptions              = Disabled
__CPP_Language                = C++14
__CPP_Library                 = *
__CPP_Runtime                 = 1
__Heap_Handler                = DLMalloc
__SystemLibrary               = DLib
__dlib_dynamic_initialization = normal
__dlib_version                = 6


*******************************************************************************
*** HEAP SELECTION
***

The advanced heap was selected because the application calls memory
allocation functions outside of system library functions, and there
are calls to deallocation functions in the application.


*******************************************************************************
*** PLACEMENT SUMMARY
***

"A0":  place at address 0x0 { ro section .intvec };
"P1":  place in [from 0x400 to 0x40f] { section FlashConfig };
"P2":  place in [from 0x0 to 0x3ff] |
                [from 0x410 to 0xf'ffff] { ro };
define block CSTACK with size = 8K, alignment = 8 { };
define block HEAP with size = 16K, alignment = 8 { };
"P3":  place in [from 0x1fff'0000 to 0x1fff'ffff repeat 2] {
          rw, block CSTACK, block HEAP };
initialize by copy { rw };

  Section                Kind         Address      Size  Object
  -------                ----         -------      ----  ------
"A0":                                             0x400
  .intvec                ro code          0x0     0x400  startup_MK22FA12.o [53]
                                      - 0x400     0x400

"P1":                                              0x10
  FlashConfig            ro code        0x400      0x10  startup_MK22FA12.o [53]
                                      - 0x410      0x10

"P2":                                          0x2'0210
  .text                  ro code        0x410    0x6e38  APIProcessing.o [5]
  .text                  ro code       0x7248     0x330  NumStrConversion.o [32]
  .text                  ro code       0x7578      0x90  iar_Stolx.o [56]
  .text                  ro code       0x7608      0xe0  ValuesValidate.o [5]
  .text                  ro code       0x76e8    0x1c84  RobotOperation.o [43]
  .text                  ro code       0x936c      0x90  MotCurrentFaultCommon.o [47]
  .text                  ro code       0x93fc     0x156  iar_Stoulx.o [56]
  .text                  ro code       0x9552      0x1a  xsnprout.o [56]
  .text                  ro code       0x956c     0x178  CycleMode.o [45]
  .text                  ro code       0x96e4      0x44  snprintf.o [56]
  .text                  ro code       0x9728      0x36  strlen.o [59]
  .rodata                const         0x975e       0x2  xlocale_c.o [56]
  .text                  ro code       0x9760      0xa8  AutoSchedule.o [44]
  .text                  ro code       0x9808      0x72  EdgeSenseCommon.o [18]
  .rodata                const         0x987a       0x2  xlocale_c.o [56]
  .text                  ro code       0x987c     0x33c  Rtc.o [39]
  .text                  ro code       0x9bb8     0x498  FaultProcess.o [46]
  .text                  ro code       0xa050     0x328  DefaultValues.o [16]
  .text                  ro code       0xa378     0xb70  RobotControl.o [41]
  .text                  ro code       0xaee8     0x658  ZigbeeAPIMode.o [12]
  .text                  ro code       0xb540     0x4f8  LTC4015_main.o [25]
  .text                  ro code       0xba38      0xa0  CommCommon.o [6]
  .text                  ro code       0xbad8      0x1e  strcat.o [56]
  .text                  ro code       0xbaf6     0x10c  RotateSenseCommon.o [48]
  .text                  ro code       0xbc02       0x2  startup_MK22FA12.o [53]
  .text                  ro code       0xbc04    0x1988  eepromStore.o [17]
  .text                  ro code       0xd58c     0x290  ResponseAPIProcess.o [5]
  .text                  ro code       0xd81c      0x46  switch.o [51]
  .text                  ro code       0xd862       0x2  startup_MK22FA12.o [53]
  .text                  ro code       0xd864      0xac  temp_sensors.o [52]
  .text                  ro code       0xd910       0x6  ABImemclr4.o [59]
  .text                  ro code       0xd916       0x6  serial_debug.o [14]
  .text                  ro code       0xd91c       0xa  EventLogger.o [19]
  .text                  ro code       0xd926       0x2  startup_MK22FA12.o [53]
  .text                  ro code       0xd928     0x2c8  ConfigAPIProcess.o [9]
  .text                  ro code       0xdbf0      0xa6  ABImemcpy.o [59]
  .text                  ro code       0xdc96       0x2  startup_MK22FA12.o [53]
  .text                  ro code       0xdc98      0x42  cleanerdetect2.o [36]
  .text                  ro code       0xdcda       0x2  startup_MK22FA12.o [53]
  .text                  ro code       0xdcdc      0x42  cleanerdetect1.o [36]
  .text                  ro code       0xdd1e       0x2  startup_MK22FA12.o [53]
  .text                  ro code       0xdd20      0xd6  proximity.o [36]
  .text                  ro code       0xddf6       0x2  startup_MK22FA12.o [53]
  .text                  ro code       0xddf8     0x57c  rfid.o [38]
  .text                  ro code       0xe374     0x1b2  iar_Stoullx.o [56]
  .text                  ro code       0xe526       0x2  startup_MK22FA12.o [53]
  .text                  ro code       0xe528     0x274  strto32.o [58]
  .text                  ro code       0xe79c       0x6  ABImemclr.o [59]
  .text                  ro code       0xe7a2       0x2  startup_MK22FA12.o [53]
  .text                  ro code       0xe7a4     0xe74  SDcardoperation.o [49]
  .text                  ro code       0xf618    0x11d0  ff.o [49]
  .text                  ro code     0x1'07e8     0x14c  adc.o [4]
  .text                  ro code     0x1'0934      0x18  strcpy.o [59]
  .text                  ro code     0x1'094c      0x66  ABImemset.o [59]
  .rodata                const       0x1'09b2       0x1  xlocale_c.o [56]
  .text                  ro code     0x1'09b4      0x22  S32ToDbl.o [58]
  .text                  ro code     0x1'09d8      0x16  math_wrappers64.o [58]
  .text                  ro code     0x1'09f0      0x48  FltToDbl.o [58]
  .text                  ro code     0x1'0a38     0x1aa  DblMul.o [58]
  .text                  ro code     0x1'0be4      0x68  DblToFlt.o [58]
  .text                  ro code     0x1'0c4c      0x14  isspace.o [56]
  .text                  ro code     0x1'0c60      0x34  cleanerdetectcommon.o [36]
  .text                  ro code     0x1'0c94      0xf0  LPTimer.o [33]
  .text                  ro code     0x1'0d84      0xc4  Relay.o [40]
  .text                  ro code     0x1'0e48      0xfa  Motor1Control_hal.o [28]
  .text                  ro code     0x1'0f44      0x22  DblToU32.o [58]
  .text                  ro code     0x1'0f68      0x68  Mot1CurrentFault.o [47]
  .text                  ro code     0x1'0fd0      0x68  Mot2CurrentFault.o [47]
  .text                  ro code     0x1'1038      0x68  Mot3CurrentFault.o [47]
  .text                  ro code     0x1'10a0      0x14  tolower.o [56]
  .text                  ro code     0x1'10b4      0x58  memchr.o [59]
  .text                  ro code     0x1'110c     0x501  xprintfsmall_nomb.o [56]
  .text                  ro code     0x1'1610      0xaa  EdgeSense1.o [18]
  .text                  ro code     0x1'16bc      0xaa  EdgeSense2.o [18]
  .text                  ro code     0x1'1768     0x3a8  fsl_rtc.o [2]
  .text                  ro code     0x1'1b10      0x10  VBatReg.o [34]
  .text                  ro code     0x1'1b20     0x4ac  BrushControl.o [42]
  .text                  ro code     0x1'1fcc      0xb0  Motor2Control_hal.o [30]
  .text                  ro code     0x1'207c      0x9c  BrushMotorControl_hal.o [26]
  .text                  ro code     0x1'2118     0x128  Motor1Control.o [28]
  .text                  ro code     0x1'2240     0x134  Motor2Control.o [30]
  .text                  ro code     0x1'2374     0x308  ZigbeeAPI.o [55]
  .text                  ro code     0x1'267c     0x266  ZigbeeUart.o [13]
  .text                  ro code     0x1'28e4     0x2c2  bat_i2c.o [25]
  .text                  ro code     0x1'2ba8      0xcc  LTC4015.o [25]
  .text                  ro code     0x1'2c74      0x40  delay.o [15]
  .text                  ro code     0x1'2cb4      0xd4  store_soc.o [25]
  .text                  ro code     0x1'2d88      0xc4  fsl_gpio.o [2]
  .text                  ro code     0x1'2e4c      0x90  PortInterrupt.o [37]
  .text                  ro code     0x1'2edc      0x1c  U32ToDbl.o [58]
  .text                  ro code     0x1'2ef8     0x246  DblDiv.o [58]
  .text                  ro code     0x1'3140     0x1e4  DebugUart.o [11]
  .text                  ro code     0x1'3324     0x25c  ConfigUart.o [8]
  .text                  ro code     0x1'3580      0xf2  RotateSense1.o [48]
  .text                  ro code     0x1'3674      0xe6  RotateSense2.o [48]
  .text                  ro code     0x1'375c     0x13c  QuadDecoder.o [48]
  .text                  ro code     0x1'3898     0x1e8  EepromMain.o [17]
  .text                  ro code     0x1'3a80     0x1bc  i2c_init.o [20]
  .text                  ro code     0x1'3c3c      0x32  ABImemset48.o [59]
  .text                  ro code     0x1'3c70     0x1d8  EventLoggerFlash.o [19]
  .text                  ro code     0x1'3e48      0x70  strncpy.o [59]
  .text                  ro code     0x1'3eb8     0x220  json.o [10]
  .text                  ro code     0x1'40d8     0x3f4  fsl_uart.o [2]
  .text                  ro code     0x1'44cc     0x5a0  fsl_clock.o [2]
  .text                  ro code     0x1'4a6c     0x230  I64DivMod.o [59]
  .text                  ro code     0x1'4c9c      0x48  frexpf.o [58]
  .text                  ro code     0x1'4ce4      0xc4  ldexpf.o [58]
  .text                  ro code     0x1'4da8     0x122  iar_Stopfx.o [56]
  .text                  ro code     0x1'4ecc     0x1b8  iar_Stoflt.o [56]
  .text                  ro code     0x1'5084     0x208  iar_Stoxflt.o [56]
  .text                  ro code     0x1'528c     0x14a  spi.o [50]
  .text                  ro code     0x1'53d8      0xa4  WDTimer.o [35]
  .text                  ro code     0x1'547c      0x2c  strstr.o [56]
  .text                  ro code     0x1'54a8     0x688  diskio.o [49]
  .text                  ro code     0x1'5b30      0x18  fsl_assert.o [54]
  .text                  ro code     0x1'5b48     0x25e  DblAddSub.o [58]
  .text                  ro code     0x1'5da8     0x644  pow64.o [58]
  .text                  ro code     0x1'63ec      0x4c  xlocale_c.o [56]
  .text                  ro code     0x1'6438      0xdc  fsl_lptmr.o [2]
  .text                  ro code     0x1'6514      0x36  LedCommon.o [21]
  .text                  ro code     0x1'654c     0x1c4  Pwm1.o [29]
  .text                  ro code     0x1'6710      0x16  strchr.o [59]
  .text                  ro code     0x1'6728      0x40  xfail_s.o [56]
  .text                  ro code     0x1'6768     0x12c  BrushMotorControl.o [26]
  .text                  ro code     0x1'6894      0x70  Pwm2.o [31]
  .text                  ro code     0x1'6904      0x78  BrushPwm.o [27]
  .text                  ro code     0x1'697c     0x4d8  XBeeZB.o [55]
  .text                  ro code     0x1'6e54       0xa  cxxabi.o [57]
  .text                  ro code     0x1'6e60     0x910  XBee.o [55]
  .text                  ro code     0x1'7770      0x26  RemoteXBee.o [55]
  .text                  ro code     0x1'7798      0x4e  DigiLogger.o [55]
  .text                  ro code     0x1'77e8      0x8c  ZigbeeAPIHAL.o [55]
  .text                  ro code     0x1'7874      0x64  Timer.o [55]
  .text                  ro code     0x1'78d8      0x24  newop_0.o [57]
  .text                  ro code     0x1'78fc      0x2e  DigiLoggerSerial.o [55]
  .text                  ro code     0x1'792c      0xc8  RadioConfig.o [55]
  .text                  ro code     0x1'79f4     0x61c  fsl_i2c.o [2]
  .text                  ro code     0x1'8010     0x738  fsl_ftm.o [2]
  .text                  ro code     0x1'8748      0x40  eepromStdtoHalDriver.o [17]
  .text                  ro code     0x1'8788     0x35c  eeprom.o [17]
  .text                  ro code     0x1'8ae4     0x21a  pin_mux.o [1]
  .text                  ro code     0x1'8d00     0x2bc  usr_flash.o [17]
  .text                  ro code     0x1'8fbc     0x364  fun_json.o [10]
  .text                  ro code     0x1'9320      0x28  strncmp.o [56]
  .text                  ro code     0x1'9348       0x2  I64DivZer.o [59]
  .text                  ro code     0x1'934a      0x14  isalpha.o [56]
  .text                  ro code     0x1'9360      0xe4  fsl_wdog.o [2]
  .text                  ro code     0x1'9444      0x60  fsl_debug_console.o [54]
  .text                  ro code     0x1'94a4      0x20  DblCmpEq.o [58]
  .text                  ro code     0x1'94c4      0x70  frexp.o [58]
  .text                  ro code     0x1'9534      0x34  DblCmpLe.o [58]
  .text                  ro code     0x1'9568      0x36  DblToS32.o [58]
  .text                  ro code     0x1'95a0      0x34  DblCmpGe.o [58]
  .text                  ro code     0x1'95d4     0x2d4  iar_Exp64.o [58]
  .text                  ro code     0x1'98a8     0x1b6  Led1.o [22]
  .text                  ro code     0x1'9a60     0x1c2  Led2.o [23]
  .text                  ro code     0x1'9c24     0x1de  Led3.o [24]
  .text                  ro code     0x1'9e04      0x62  round.o [58]
  .text                  ro code     0x1'9e66       0x6  abort.o [56]
  .text                  ro code     0x1'9e6c     0x18e  AtCommands.o [55]
  .text                  ro code     0x1'9ffa      0x48  Utils.o [55]
  .text                  ro code     0x1'a042      0x6a  ZigbeeFrames.o [55]
  .text                  ro code     0x1'a0ac     0x11c  ApiFrame.o [55]
  .text                  ro code     0x1'a1c8      0x8a  FH_RxPacketZB.o [55]
  .text                  ro code     0x1'a254       0x6  FH_IoDataSampleZB.o [55]
  .text                  ro code     0x1'a25c      0xa0  cppinit.o [56]
  .text                  ro code     0x1'a2fc     0x1ac  FrameBuffer.o [55]
  .text                  ro code     0x1'a4a8       0xe  RawSerial.o [55]
  .text                  ro code     0x1'a4b8      0x3c  vsnprint.o [56]
  .text                  ro code     0x1'a4f4       0x4  nomemory.o [57]
  .text                  ro code     0x1'a4f8    0x14d4  dlmalloc.o [56]
  .text                  ro code     0x1'b9cc      0x16  ZigbeeApi_serial_debug.o [55]
  .text                  ro code     0x1'b9e4     0x5bc  fsl_flash.o [2]
  .text                  ro code     0x1'bfa0     0x254  fsl_str.o [54]
  .text                  ro code     0x1'c1f4      0x4c  fsl_log.o [54]
  .text                  ro code     0x1'c240     0x13a  ldexp.o [58]
  .text                  ro code     0x1'c37c       0xc  XXexit.o [59]
  .text                  ro code     0x1'c388     0x168  AtCmdFrame.o [55]
  .text                  ro code     0x1'c4f0       0x4  delaop_0.o [57]
  .text                  ro code     0x1'c4f4       0x4  newaop_0.o [57]
  .text                  ro code     0x1'c4f8       0x4  delop4_0.o [57]
  .text                  ro code     0x1'c4fc       0x4  FrameHandler.o [55]
  .text                  ro code     0x1'c500      0x2c  xgetmemchunk.o [56]
  .text                  ro code     0x1'c52c      0x38  fsl_io.o [54]
  .text                  ro code     0x1'c564       0xa  delop_0.o [57]
  .text                  ro code     0x1'c56e       0x4  heaptramp0.o [56]
  .text                  ro code     0x1'c574     0x688  RobotMain.o [3]
  .text                  ro code     0x1'cbfc      0x7c  clock_config.o [1]
  .text                  ro code     0x1'cc78     0x150  BmsUart.o [7]
  .rodata                const       0x1'cdc8     0x420  pow64.o [58]
  .rodata                const       0x1'd1e8     0x314  fsl_uart.o [2]
  .rodata                const       0x1'd4fc     0x210  RobotOperation.o [43]
  .rodata                const       0x1'd70c     0x20c  RobotOperation.o [43]
  .text                  ro code     0x1'd918     0x1f0  lz77_init.o [59]
  .rodata                const       0x1'db08     0x178  fsl_i2c.o [2]
  .rodata                const       0x1'dc80     0x128  usr_flash.o [17]
  .rodata                const       0x1'dda8     0x10c  APIProcessing.o [5]
  .rodata                const       0x1'deb4     0x108  APIProcessing.o [5]
  .rodata                const       0x1'dfbc      0xec  ZigbeeAPIMode.o [12]
  .rodata                const       0x1'e0a8      0xd8  APIProcessing.o [5]
  .rodata                const       0x1'e180      0xd4  XBeeZB.o [55]
  .text                  ro code     0x1'e254      0xc8  fsl_dspi.o [2]
  .rodata                const       0x1'e31c      0xc4  fsl_lptmr.o [2]
  .rodata                const       0x1'e3e0      0xc0  fsl_dspi.o [2]
  .rodata                const       0x1'e4a0      0xc0  fsl_gpio.o [2]
  .rodata                const       0x1'e560      0xb4  APIProcessing.o [5]
  .rodata                const       0x1'e614      0xa8  FrameBuffer.o [55]
  .rodata                const       0x1'e6bc      0xa0  ApiFrame.o [55]
  .rodata                const       0x1'e75c      0xa0  AtCmdFrame.o [55]
  .rodata                const       0x1'e7fc      0x9c  APIProcessing.o [5]
  .rodata                const       0x1'e898      0x9c  ZigbeeAPI.o [55]
  .rodata                const       0x1'e934      0x98  APIProcessing.o [5]
  .rodata                const       0x1'e9cc      0x98  XBee.o [55]
  .rodata                const       0x1'ea64      0x94  APIProcessing.o [5]
  .rodata                const       0x1'eaf8      0x8c  adc.o [4]
  .rodata                const       0x1'eb84      0x8c  LPTimer.o [33]
  .rodata                const       0x1'ec10      0x8c  pin_mux.o [1]
  .rodata                const       0x1'ec9c      0x88  APIProcessing.o [5]
  .rodata                const       0x1'ed24      0x88  fsl_log.o [54]
  .rodata                const       0x1'edac      0x84  fsl_clock.o [2]
  .rodata                const       0x1'ee30      0x84  fsl_ftm.o [2]
  .rodata                const       0x1'eeb4      0x84  fsl_rtc.o [2]
  .rodata                const       0x1'ef38      0x84  fsl_wdog.o [2]
  .rodata                const       0x1'efbc      0x80  APIProcessing.o [5]
  .rodata                const       0x1'f03c      0x74  RobotOperation.o [43]
  .rodata                const       0x1'f0b0      0x70  APIProcessing.o [5]
  .rodata                const       0x1'f120      0x70  APIProcessing.o [5]
  .rodata                const       0x1'f190      0x70  APIProcessing.o [5]
  .rodata                const       0x1'f200      0x70  APIProcessing.o [5]
  .rodata                const       0x1'f270      0x70  APIProcessing.o [5]
  .rodata                const       0x1'f2e0      0x6c  APIProcessing.o [5]
  .rodata                const       0x1'f34c      0x64  XBeeZB.o [55]
  .rodata                const       0x1'f3b0      0x60  ZigbeeAPI.o [55]
  .rodata                const       0x1'f410      0x60  ZigbeeAPI.o [55]
  .rodata                const       0x1'f470      0x58  APIProcessing.o [5]
  .rodata                const       0x1'f4c8      0x58  APIProcessing.o [5]
  .rodata                const       0x1'f520      0x58  APIProcessing.o [5]
  .rodata                const       0x1'f578      0x58  RobotControl.o [41]
  .rodata                const       0x1'f5d0      0x50  iar_Stoulx.o [56]
  .rodata                const       0x1'f620      0x50  iar_Stoullx.o [56]
  .rodata                const       0x1'f670      0x4c  APIProcessing.o [5]
  .rodata                const       0x1'f6bc      0x4c  APIProcessing.o [5]
  .rodata                const       0x1'f708      0x48  APIProcessing.o [5]
  .rodata                const       0x1'f750      0x48  ZigbeeAPIMode.o [12]
  .rodata                const       0x1'f798      0x48  XBee.o [55]
  .rodata                const       0x1'f7e0      0x48  XBeeZB.o [55]
  .rodata                const       0x1'f828      0x44  RobotOperation.o [43]
  .rodata                const       0x1'f86c      0x44  XBeeZB.o [55]
  .rodata                const       0x1'f8b0      0x3c  APIProcessing.o [5]
  .rodata                const       0x1'f8ec      0x3c  RobotOperation.o [43]
  .rodata                const       0x1'f928      0x3c  ZigbeeAPIMode.o [12]
  .rodata                const       0x1'f964      0x38  APIProcessing.o [5]
  .rodata                const       0x1'f99c      0x38  APIProcessing.o [5]
  .rodata                const       0x1'f9d4      0x38  RobotMain.o [3]
  .rodata                const       0x1'fa0c      0x38  ZigbeeAPI.o [55]
  .text                  ro code     0x1'fa44      0x38  zero_init3.o [59]
  .rodata                const       0x1'fa7c      0x30  json.o [10]
  .rodata                const       0x1'faac      0x30  XBee.o [55]
  .rodata                const       0x1'fadc      0x30  XBee.o [55]
  .rodata                const       0x1'fb0c      0x30  XBeeZB.o [55]
  .rodata                const       0x1'fb3c      0x30  XBeeZB.o [55]
  .rodata                const       0x1'fb6c      0x2c  fsl_assert.o [54]
  .rodata                const       0x1'fb98      0x2c  LTC4015_main.o [25]
  .rodata                const       0x1'fbc4      0x2c  XBee.o [55]
  .rodata                const       0x1'fbf0      0x28  EventLoggerFlash.o [19]
  .rodata                const       0x1'fc18      0x28  RobotMain.o [3]
  .rodata                const       0x1'fc40      0x28  XBee.o [55]
  .rodata                const       0x1'fc68      0x28  XBeeZB.o [55]
  .text                  ro code     0x1'fc90      0x28  startup_MK22FA12.o [53]
  .text                  ro code     0x1'fcb8      0x28  system_MK22FA12.o [53]
  .text                  ro code     0x1'fce0      0x28  data_init.o [59]
  .rodata                const       0x1'fd08      0x24  APIProcessing.o [5]
  .rodata                const       0x1'fd2c      0x24  APIProcessing.o [5]
  .rodata                const       0x1'fd50      0x24  APIProcessing.o [5]
  .rodata                const       0x1'fd74      0x24  APIProcessing.o [5]
  .rodata                const       0x1'fd98      0x24  APIProcessing.o [5]
  .rodata                const       0x1'fdbc      0x24  APIProcessing.o [5]
  .rodata                const       0x1'fde0      0x24  BrushControl.o [42]
  .rodata                const       0x1'fe04      0x24  FaultProcess.o [46]
  .rodata                const       0x1'fe28      0x24  ResponseAPIProcess.o [5]
  .rodata                const       0x1'fe4c      0x24  RobotMain.o [3]
  .rodata                const       0x1'fe70      0x24  SDcardoperation.o [49]
  .rodata                const       0x1'fe94      0x24  XBeeZB.o [55]
  .rodata                const       0x1'feb8      0x24  AtCommands.o [55]
  .text                  ro code     0x1'fedc      0x22  fpinit_M.o [58]
  .iar.init_table        const       0x1'ff00      0x38  - Linker created -
  .text                  ro code     0x1'ff38      0x20  cmain_call_ctors.o [59]
  .text                  ro code     0x1'ff58      0x1e  cmain.o [59]
  .text                  ro code     0x1'ff76       0x4  exit.o [56]
  .text                  ro code     0x1'ff7c       0xe  cexit.o [59]
  .text                  ro code     0x1'ff8c      0x1c  cstartup_M.o [59]
  .rodata                const       0x1'ffa8      0x14  DigiLogger.o [55]
  .rodata                const       0x1'ffbc      0x14  DigiLoggerSerial.o [55]
  .rodata                const       0x1'ffd0      0x14  FH_RxPacketZB.o [55]
  .text                  ro code     0x1'ffe4       0x8  startup_MK22FA12.o [53]
  .text                  ro code     0x1'ffec       0x8  startup_MK22FA12.o [53]
  .text                  ro code     0x1'fff4       0x8  startup_MK22FA12.o [53]
  .text                  ro code     0x1'fffc       0x8  startup_MK22FA12.o [53]
  .text                  ro code     0x2'0004       0x8  startup_MK22FA12.o [53]
  .text                  ro code     0x2'000c       0x8  startup_MK22FA12.o [53]
  .text                  ro code     0x2'0014       0x8  startup_MK22FA12.o [53]
  .text                  ro code     0x2'001c       0x8  startup_MK22FA12.o [53]
  .text                  ro code     0x2'0024       0x8  startup_MK22FA12.o [53]
  .text                  ro code     0x2'002c       0x8  startup_MK22FA12.o [53]
  .text                  ro code     0x2'0034       0x8  startup_MK22FA12.o [53]
  .text                  ro code     0x2'003c       0x8  startup_MK22FA12.o [53]
  .text                  ro code     0x2'0044       0x8  startup_MK22FA12.o [53]
  .text                  ro code     0x2'004c       0x8  startup_MK22FA12.o [53]
  .text                  ro code     0x2'0054       0x8  startup_MK22FA12.o [53]
  .text                  ro code     0x2'005c       0x8  startup_MK22FA12.o [53]
  .text                  ro code     0x2'0064       0x8  startup_MK22FA12.o [53]
  .text                  ro code     0x2'006c       0x8  startup_MK22FA12.o [53]
  .text                  ro code     0x2'0074       0x8  startup_MK22FA12.o [53]
  .text                  ro code     0x2'007c       0x8  startup_MK22FA12.o [53]
  .text                  ro code     0x2'0084       0x8  startup_MK22FA12.o [53]
  .text                  ro code     0x2'008c       0x8  startup_MK22FA12.o [53]
  .text                  ro code     0x2'0094       0x8  startup_MK22FA12.o [53]
  .text                  ro code     0x2'009c       0x8  startup_MK22FA12.o [53]
  .text                  ro code     0x2'00a4       0x8  startup_MK22FA12.o [53]
  .text                  ro code     0x2'00ac       0x8  startup_MK22FA12.o [53]
  .text                  ro code     0x2'00b4       0x8  startup_MK22FA12.o [53]
  .text                  ro code     0x2'00bc       0x8  startup_MK22FA12.o [53]
  .text                  ro code     0x2'00c4       0x8  startup_MK22FA12.o [53]
  .text                  ro code     0x2'00cc       0x8  startup_MK22FA12.o [53]
  .text                  ro code     0x2'00d4       0x8  startup_MK22FA12.o [53]
  .text                  ro code     0x2'00dc       0x8  startup_MK22FA12.o [53]
  .text                  ro code     0x2'00e4       0x8  startup_MK22FA12.o [53]
  .text                  ro code     0x2'00ec       0x8  startup_MK22FA12.o [53]
  .text                  ro code     0x2'00f4       0x8  startup_MK22FA12.o [53]
  .text                  ro code     0x2'00fc       0x8  startup_MK22FA12.o [53]
  .text                  ro code     0x2'0104       0x8  startup_MK22FA12.o [53]
  .text                  ro code     0x2'010c       0x8  startup_MK22FA12.o [53]
  .text                  ro code     0x2'0114       0x8  startup_MK22FA12.o [53]
  SHT$$PREINIT_ARRAY                 0x2'011c       0x0  <Block>
  SHT$$INIT_ARRAY                    0x2'011c       0x8  <Block>
    .init_array          const       0x2'011c       0x4  ZigbeeAPI.o [55]
    .init_array          const       0x2'0120       0x4  XBee.o [55]
  __iar_tls$$INIT_ARRAY              0x2'0124       0x0  <Block>
  .text                  ro code     0x2'0124       0x4  startup_MK22FA12.o [53]
  .text                  ro code     0x2'0128       0x0  cstart_call_dtors.o [59]
  .rodata                const       0x2'0128       0x0  zero_init3.o [59]
  .rodata                const       0x2'0128       0x0  lz77_init.o [59]
  Initializer bytes      const       0x2'0128     0x4f8  <for P3 s0>
                                   - 0x2'0620  0x2'0210

"P3", part 1 of 4:                                0xe08
  P3 s0                           0x1fff'0000     0xe08  <Init block>
    .data                inited   0x1fff'0000     0x620  APIProcessing.o [5]
    .data                inited   0x1fff'0620     0x268  SDcardoperation.o [49]
    .data                inited   0x1fff'0888     0x124  RobotMain.o [3]
    .data                inited   0x1fff'09ac      0xcc  APIProcessing.o [5]
    .data                inited   0x1fff'0a78      0x5c  RobotOperation.o [43]
    .data                inited   0x1fff'0ad4      0x5c  usr_flash.o [17]
    .data                inited   0x1fff'0b30      0x54  Led1.o [22]
    .data                inited   0x1fff'0b84      0x54  Led3.o [24]
    .data                inited   0x1fff'0bd8      0x50  rfid.o [38]
    .data                inited   0x1fff'0c28      0x48  xlocale_c.o [56]
    .data                inited   0x1fff'0c70      0x44  Led2.o [23]
    .data                inited   0x1fff'0cb4      0x38  xlocale_c.o [56]
    .data                inited   0x1fff'0cec      0x28  Pwm1.o [29]
    .data                inited   0x1fff'0d14      0x24  BrushControl.o [42]
    .data                inited   0x1fff'0d38      0x24  ZigbeeAPIMode.o [12]
    .data                inited   0x1fff'0d5c      0x20  RobotControl.o [41]
    .data                inited   0x1fff'0d7c      0x14  ResponseAPIProcess.o [5]
    .data                inited   0x1fff'0d90      0x18  ZigbeeUart.o [13]
    .data                inited   0x1fff'0da8      0x10  EventLoggerFlash.o [19]
    .data                inited   0x1fff'0db8      0x10  fsl_clock.o [2]
    .data                inited   0x1fff'0dc8       0xc  BrushMotorControl.o [26]
    .data                inited   0x1fff'0dd4       0xc  Motor1Control.o [28]
    .data                inited   0x1fff'0de0       0xc  Motor2Control.o [30]
    .data                inited   0x1fff'0dec       0x8  Led2.o [23]
    .data                inited   0x1fff'0df4       0x8  Relay.o [40]
    .data                inited   0x1fff'0dfc       0x4  system_MK22FA12.o [53]
    .data                inited   0x1fff'0e00       0x2  diskio.o [49]
    .data                inited   0x1fff'0e02       0x2  Rtc.o [39]
    .data                inited   0x1fff'0e04       0x1  CommCommon.o [6]
    .data                inited   0x1fff'0e05       0x1  EdgeSenseCommon.o [18]
    .data                inited   0x1fff'0e06       0x1  Pwm1.o [29]
    .data                inited   0x1fff'0e07       0x1  rfid.o [38]
                                - 0x1fff'0e08     0xe08

"P3", part 2 of 4:                               0x3938
  .bss                   zero     0x1fff'0e08    0x2914  ConfigUart.o [8]
  .bss                   zero     0x1fff'371c     0x7e0  BmsUart.o [7]
  .bss                   zero     0x1fff'3efc     0x7e0  DebugUart.o [11]
  .bss                   zero     0x1fff'46dc      0x64  APIProcessing.o [5]
                                - 0x1fff'4740    0x3938

"P3", part 3 of 4:                               0x61a8
  .iar.dynexit                    0x1fff'4740     0x1a4  <Block>
    .iar.dynexit         uninit   0x1fff'4740       0xc  cppinit.o [56]
    .iar.dynexit         uninit   0x1fff'474c     0x198  <Block tail>
  CSTACK                          0x1fff'48e8    0x2000  <Block>
    CSTACK               uninit   0x1fff'48e8    0x2000  <Block tail>
  HEAP                            0x1fff'68e8    0x4000  <Block>
    HEAP                 uninit   0x1fff'68e8    0x4000  <Block tail>
                                - 0x1fff'a8e8    0x61a8

"P3", part 4 of 4:                               0xbb84
  .bss                   zero     0x2000'0000    0x4e28  SDcardoperation.o [49]
  .bss                   zero     0x2000'4e28    0x2738  APIProcessing.o [5]
  .bss                   zero     0x2000'7560    0x2710  ConfigAPIProcess.o [9]
  .bss                   zero     0x2000'9c70     0x6f8  RobotOperation.o [43]
  .bss                   zero     0x2000'a368     0x5a0  RobotOperation.o [43]
  .bss                   zero     0x2000'a908     0x3f8  ZigbeeUart.o [13]
  .bss                   zero     0x2000'ad00     0x208  RobotMain.o [3]
  .bss                   zero     0x2000'af08     0x1d8  dlmalloc.o [56]
  .bss                   zero     0x2000'b0e0      0xf0  RobotOperation.o [43]
  .bss                   zero     0x2000'b1d0      0xd0  DigiLogger.o [55]
  .bss                   zero     0x2000'b2a0      0xc8  APIProcessing.o [5]
  .bss                   zero     0x2000'b368      0xc8  RobotOperation.o [43]
  .bss                   zero     0x2000'b430      0x8c  fsl_flash.o [2]
  .bss                   zero     0x2000'b4bc      0x3c  FaultProcess.o [46]
  .bss                   zero     0x2000'b4f8      0x60  ZigbeeAPI.o [55]
  .bss                   zero     0x2000'b558      0x58  FaultProcess.o [46]
  .bss                   zero     0x2000'b5b0      0x58  ZigbeeAPIMode.o [12]
  .bss                   zero     0x2000'b608      0x48  APIProcessing.o [5]
  .bss                   zero     0x2000'b650      0x38  bat_i2c.o [25]
  .bss                   zero     0x2000'b688      0x38  MotCurrentFaultCommon.o [47]
  .bss                   zero     0x2000'b6c0      0x2c  adc.o [4]
  .bss                   zero     0x2000'b6ec      0x2c  i2c_init.o [20]
  .bss                   zero     0x2000'b718      0x2c  XBee.o [55]
  .bss                   zero     0x2000'b744      0x28  RobotOperation.o [43]
  .bss                   zero     0x2000'b76c      0x24  APIProcessing.o [5]
  .bss                   zero     0x2000'b790      0x24  APIProcessing.o [5]
  .bss                   zero     0x2000'b7b4      0x24  DefaultValues.o [16]
  .bss                   zero     0x2000'b7d8      0x24  RobotControl.o [41]
  .bss                   zero     0x2000'b7fc      0x24  RobotControl.o [41]
  .bss                   zero     0x2000'b820      0x20  MotCurrentFaultCommon.o [47]
  .bss                   zero     0x2000'b840      0x1d  CycleMode.o [45]
  .bss                   zero     0x2000'b85d       0x6  spi.o [50]
  .bss                   zero     0x2000'b863       0x1  BrushMotorControl_hal.o [26]
  .bss                   zero     0x2000'b864      0x1c  CycleMode.o [45]
  .bss                   zero     0x2000'b880      0x1c  fsl_uart.o [2]
  .bss                   zero     0x2000'b89c      0x1c  RobotControl.o [41]
  .bss                   zero     0x2000'b8b8      0x1c  RobotControl.o [41]
  .bss                   zero     0x2000'b8d4      0x1c  RobotOperation.o [43]
  .bss                   zero     0x2000'b8f0      0x1c  RobotOperation.o [43]
  .bss                   zero     0x2000'b90c      0x1c  ZigbeeAPIHAL.o [55]
  .bss                   zero     0x2000'b928      0x18  LTC4015_main.o [25]
  .bss                   zero     0x2000'b940      0x18  RobotOperation.o [43]
  .bss                   zero     0x2000'b958      0x18  dlmalloc.o [56]
  .bss                   zero     0x2000'b970      0x14  fsl_i2c.o [2]
  .bss                   zero     0x2000'b984      0x14  LTC4015.o [25]
  .bss                   zero     0x2000'b998      0x10  BrushControl.o [42]
  .bss                   zero     0x2000'b9a8      0x10  Mot1CurrentFault.o [47]
  .bss                   zero     0x2000'b9b8      0x10  Mot2CurrentFault.o [47]
  .bss                   zero     0x2000'b9c8      0x10  Mot3CurrentFault.o [47]
  .bss                   zero     0x2000'b9d8      0x10  MotCurrentFaultCommon.o [47]
  .bss                   zero     0x2000'b9e8      0x10  ResponseAPIProcess.o [5]
  .bss                   zero     0x2000'b9f8      0x10  temp_sensors.o [52]
  .bss                   zero     0x2000'ba08       0xc  BrushControl.o [42]
  .bss                   zero     0x2000'ba14       0xc  BrushControl.o [42]
  .bss                   zero     0x2000'ba20       0xc  fsl_dspi.o [2]
  .bss                   zero     0x2000'ba2c       0xc  fsl_dspi.o [2]
  .bss                   zero     0x2000'ba38       0xc  MotCurrentFaultCommon.o [47]
  .bss                   zero     0x2000'ba44       0xc  proximity.o [36]
  .bss                   zero     0x2000'ba50       0xc  QuadDecoder.o [48]
  .bss                   zero     0x2000'ba5c       0xc  RotateSense1.o [48]
  .bss                   zero     0x2000'ba68       0xc  RotateSense2.o [48]
  .bss                   zero     0x2000'ba74       0xc  SDcardoperation.o [49]
  .bss                   zero     0x2000'ba80       0xc  SDcardoperation.o [49]
  .bss                   zero     0x2000'ba8c       0x4  APIProcessing.o [5]
  .bss                   zero     0x2000'ba90       0x8  APIProcessing.o [5]
  .bss                   zero     0x2000'ba98       0x8  AutoSchedule.o [44]
  .bss                   zero     0x2000'baa0       0x8  CommCommon.o [6]
  .bss                   zero     0x2000'baa8       0x8  delay.o [15]
  .bss                   zero     0x2000'bab0       0x8  EdgeSense1.o [18]
  .bss                   zero     0x2000'bab8       0x8  EdgeSense2.o [18]
  .bss                   zero     0x2000'bac0       0x8  ff.o [49]
  .bss                   zero     0x2000'bac8       0x8  fsl_flash.o [2]
  .bss                   zero     0x2000'bad0       0x8  fsl_io.o [54]
  .bss                   zero     0x2000'bad8       0x8  Led1.o [22]
  .bss                   zero     0x2000'bae0       0x8  Led3.o [24]
  .bss                   zero     0x2000'bae8       0x8  LPTimer.o [33]
  .bss                   zero     0x2000'baf0       0x8  MotCurrentFaultCommon.o [47]
  .bss                   zero     0x2000'baf8       0x8  MotCurrentFaultCommon.o [47]
  .bss                   zero     0x2000'bb00       0x8  rfid.o [38]
  .bss                   zero     0x2000'bb08       0x8  RobotControl.o [41]
  .bss                   zero     0x2000'bb10       0x8  RobotOperation.o [43]
  .bss                   zero     0x2000'bb18       0x8  SDcardoperation.o [49]
  .bss                   zero     0x2000'bb20       0x8  temp_sensors.o [52]
  .bss                   zero     0x2000'bb28       0x4  APIProcessing.o [5]
  .bss                   zero     0x2000'bb2c       0x4  APIProcessing.o [5]
  .bss                   zero     0x2000'bb30       0x4  APIProcessing.o [5]
  .bss                   zero     0x2000'bb34       0x4  ConfigUart.o [8]
  .bss                   zero     0x2000'bb38       0x4  eeprom.o [17]
  .bss                   zero     0x2000'bb3c       0x4  eepromStore.o [17]
  .bss                   zero     0x2000'bb40       0x4  i2c_init.o [20]
  .bss                   zero     0x2000'bb44       0x4  MotCurrentFaultCommon.o [47]
  .bss                   zero     0x2000'bb48       0x4  MotCurrentFaultCommon.o [47]
  .bss                   zero     0x2000'bb4c       0x4  MotCurrentFaultCommon.o [47]
  .bss                   zero     0x2000'bb50       0x4  QuadDecoder.o [48]
  .bss                   zero     0x2000'bb54       0x4  RobotMain.o [3]
  .bss                   zero     0x2000'bb58       0x4  WDTimer.o [35]
  .bss                   zero     0x2000'bb5c       0x4  Timer.o [55]
  .bss                   zero     0x2000'bb60       0x4  cppinit.o [56]
  .bss                   zero     0x2000'bb64       0x4  cppinit.o [56]
  .bss                   zero     0x2000'bb68       0x4  new.o [57]
  .bss                   zero     0x2000'bb6c       0x4  xfail_s.o [56]
  .bss                   zero     0x2000'bb70       0x4  xgetmemchunk.o [56]
  .bss                   zero     0x2000'bb74       0x2  APIProcessing.o [5]
  .bss                   zero     0x2000'bb76       0x1  BrushPwm.o [27]
  .bss                   zero     0x2000'bb77       0x1  BrushPwm.o [27]
  .bss                   zero     0x2000'bb78       0x1  FaultProcess.o [46]
  .bss                   zero     0x2000'bb79       0x1  Motor1Control_hal.o [28]
  .bss                   zero     0x2000'bb7a       0x1  Motor2Control_hal.o [30]
  .bss                   zero     0x2000'bb7b       0x1  Pwm2.o [31]
  .bss                   zero     0x2000'bb7c       0x1  Pwm2.o [31]
  .bss                   zero     0x2000'bb7d       0x1  QuadDecoder.o [48]
  .bss                   zero     0x2000'bb7e       0x1  ResponseAPIProcess.o [5]
  .bss                   zero     0x2000'bb7f       0x1  rfid.o [38]
  .bss                   zero     0x2000'bb80       0x1  Rtc.o [39]
  .bss                   zero     0x2000'bb81       0x1  SDcardoperation.o [49]
  .bss                   zero     0x2000'bb82       0x1  switch.o [51]
  .bss                   zero     0x2000'bb83       0x1  ApiFrame.o [55]
                                - 0x2000'bb84    0xbb84

Unused ranges:

         From           To      Size
         ----           --      ----
     0x2'0620     0xf'ffff  0xd'f9e0
  0x1fff'a8e8  0x1fff'ffff    0x5718
  0x2000'bb84  0x2000'ffff    0x447c


*******************************************************************************
*** INIT TABLE
***

          Address      Size
          -------      ----
Zero (__iar_zero_init3)
    2 destination ranges, total size 0xf4bc:
          0x1fff'0e08  0x3938
          0x2000'0000  0xbb84

Copy/lz77 (__iar_lz77_init3)
    1 source range, total size 0x4f8 (35% of destination):
             0x2'0128   0x4f8
    1 destination range, total size 0xe08:
          0x1fff'0000   0xe08

Extra (__iar_cstart_call_ctors)



*******************************************************************************
*** MODULE SUMMARY
***

    Module                    ro code  ro data  rw data
    ------                    -------  -------  -------
command line/config:
    ---------------------------------------------------
    Total:

F:\PROJECTS\GANGES\2023\27.07.2023\PHASE 3\Solar Cleaner & Track Changer\CODE_G3_TC_08.06.2023\TRACKCHANGER_G3\iar\release\obj\board: [1]
    clock_config.o                124
    pin_mux.o                     538      140
    ---------------------------------------------------
    Total:                        662      140

F:\PROJECTS\GANGES\2023\27.07.2023\PHASE 3\Solar Cleaner & Track Changer\CODE_G3_TC_08.06.2023\TRACKCHANGER_G3\iar\release\obj\drivers: [2]
    fsl_clock.o                 1'440      138       16
    fsl_dspi.o                    200      192       24
    fsl_flash.o                 1'468               148
    fsl_ftm.o                   1'848      132
    fsl_gpio.o                    196      192
    fsl_i2c.o                   1'564      376       20
    fsl_lptmr.o                   220      196
    fsl_rtc.o                     936      132
    fsl_uart.o                  1'012      788       28
    fsl_wdog.o                    228      132
    ---------------------------------------------------
    Total:                      9'112    2'278      236

F:\PROJECTS\GANGES\2023\27.07.2023\PHASE 3\Solar Cleaner & Track Changer\CODE_G3_TC_08.06.2023\TRACKCHANGER_G3\iar\release\obj\source: [3]
    RobotMain.o                 1'672      235      816
    ---------------------------------------------------
    Total:                      1'672      235      816

F:\PROJECTS\GANGES\2023\27.07.2023\PHASE 3\Solar Cleaner & Track Changer\CODE_G3_TC_08.06.2023\TRACKCHANGER_G3\iar\release\obj\source\ADC: [4]
    adc.o                         332      140       44
    ---------------------------------------------------
    Total:                        332      140       44

F:\PROJECTS\GANGES\2023\27.07.2023\PHASE 3\Solar Cleaner & Track Changer\CODE_G3_TC_08.06.2023\TRACKCHANGER_G3\iar\release\obj\source\API Processing: [5]
    APIProcessing.o            28'216    3'820   12'282
    ResponseAPIProcess.o          656       43       37
    ValuesValidate.o              224
    ---------------------------------------------------
    Total:                     29'096    3'863   12'319

F:\PROJECTS\GANGES\2023\27.07.2023\PHASE 3\Solar Cleaner & Track Changer\CODE_G3_TC_08.06.2023\TRACKCHANGER_G3\iar\release\obj\source\Communication: [6]
    CommCommon.o                  160                 9
    ---------------------------------------------------
    Total:                        160                 9

F:\PROJECTS\GANGES\2023\27.07.2023\PHASE 3\Solar Cleaner & Track Changer\CODE_G3_TC_08.06.2023\TRACKCHANGER_G3\iar\release\obj\source\Communication\BmsUart: [7]
    BmsUart.o                     336             2'016
    ---------------------------------------------------
    Total:                        336             2'016

F:\PROJECTS\GANGES\2023\27.07.2023\PHASE 3\Solar Cleaner & Track Changer\CODE_G3_TC_08.06.2023\TRACKCHANGER_G3\iar\release\obj\source\Communication\ConfigUart: [8]
    ConfigUart.o                  604            10'520
    ---------------------------------------------------
    Total:                        604            10'520

F:\PROJECTS\GANGES\2023\27.07.2023\PHASE 3\Solar Cleaner & Track Changer\CODE_G3_TC_08.06.2023\TRACKCHANGER_G3\iar\release\obj\source\Communication\ConfigUart\ConfigUart API Process: [9]
    ConfigAPIProcess.o            712            10'000
    ---------------------------------------------------
    Total:                        712            10'000

F:\PROJECTS\GANGES\2023\27.07.2023\PHASE 3\Solar Cleaner & Track Changer\CODE_G3_TC_08.06.2023\TRACKCHANGER_G3\iar\release\obj\source\Communication\ConfigUart\ConfigUart API Process\JSON Parser: [10]
    fun_json.o                    868
    json.o                        544       48
    ---------------------------------------------------
    Total:                      1'412       48

F:\PROJECTS\GANGES\2023\27.07.2023\PHASE 3\Solar Cleaner & Track Changer\CODE_G3_TC_08.06.2023\TRACKCHANGER_G3\iar\release\obj\source\Communication\DebugUart: [11]
    DebugUart.o                   484             2'016
    ---------------------------------------------------
    Total:                        484             2'016

F:\PROJECTS\GANGES\2023\27.07.2023\PHASE 3\Solar Cleaner & Track Changer\CODE_G3_TC_08.06.2023\TRACKCHANGER_G3\iar\release\obj\source\Communication\ZigbeeAPIMode: [12]
    ZigbeeAPIMode.o             1'624      381      124
    ---------------------------------------------------
    Total:                      1'624      381      124

F:\PROJECTS\GANGES\2023\27.07.2023\PHASE 3\Solar Cleaner & Track Changer\CODE_G3_TC_08.06.2023\TRACKCHANGER_G3\iar\release\obj\source\Communication\ZigbeeUart: [13]
    ZigbeeUart.o                  614        9    1'040
    ---------------------------------------------------
    Total:                        614        9    1'040

F:\PROJECTS\GANGES\2023\27.07.2023\PHASE 3\Solar Cleaner & Track Changer\CODE_G3_TC_08.06.2023\TRACKCHANGER_G3\iar\release\obj\source\DEBUG: [14]
    serial_debug.o                  6
    ---------------------------------------------------
    Total:                          6

F:\PROJECTS\GANGES\2023\27.07.2023\PHASE 3\Solar Cleaner & Track Changer\CODE_G3_TC_08.06.2023\TRACKCHANGER_G3\iar\release\obj\source\DELAY: [15]
    delay.o                        64                 8
    ---------------------------------------------------
    Total:                         64                 8

F:\PROJECTS\GANGES\2023\27.07.2023\PHASE 3\Solar Cleaner & Track Changer\CODE_G3_TC_08.06.2023\TRACKCHANGER_G3\iar\release\obj\source\DefaultValues: [16]
    DefaultValues.o               808                36
    ---------------------------------------------------
    Total:                        808                36

F:\PROJECTS\GANGES\2023\27.07.2023\PHASE 3\Solar Cleaner & Track Changer\CODE_G3_TC_08.06.2023\TRACKCHANGER_G3\iar\release\obj\source\EEPROM: [17]
    EepromMain.o                  488
    eeprom.o                      860                 4
    eepromStdtoHalDriver.o         64
    eepromStore.o               6'536                 4
    usr_flash.o                   700      329       92
    ---------------------------------------------------
    Total:                      8'648      329      100

F:\PROJECTS\GANGES\2023\27.07.2023\PHASE 3\Solar Cleaner & Track Changer\CODE_G3_TC_08.06.2023\TRACKCHANGER_G3\iar\release\obj\source\EdgeSensor: [18]
    EdgeSense1.o                  170                 8
    EdgeSense2.o                  170                 8
    EdgeSenseCommon.o             114        1        1
    ---------------------------------------------------
    Total:                        454        1       17

F:\PROJECTS\GANGES\2023\27.07.2023\PHASE 3\Solar Cleaner & Track Changer\CODE_G3_TC_08.06.2023\TRACKCHANGER_G3\iar\release\obj\source\EventLogger: [19]
    EventLogger.o                  10
    EventLoggerFlash.o            472       45       16
    ---------------------------------------------------
    Total:                        482       45       16

F:\PROJECTS\GANGES\2023\27.07.2023\PHASE 3\Solar Cleaner & Track Changer\CODE_G3_TC_08.06.2023\TRACKCHANGER_G3\iar\release\obj\source\I2C: [20]
    i2c_init.o                    444                48
    ---------------------------------------------------
    Total:                        444                48

F:\PROJECTS\GANGES\2023\27.07.2023\PHASE 3\Solar Cleaner & Track Changer\CODE_G3_TC_08.06.2023\TRACKCHANGER_G3\iar\release\obj\source\LED: [21]
    LedCommon.o                    54
    ---------------------------------------------------
    Total:                         54

F:\PROJECTS\GANGES\2023\27.07.2023\PHASE 3\Solar Cleaner & Track Changer\CODE_G3_TC_08.06.2023\TRACKCHANGER_G3\iar\release\obj\source\LED\LED1: [22]
    Led1.o                        438       29       92
    ---------------------------------------------------
    Total:                        438       29       92

F:\PROJECTS\GANGES\2023\27.07.2023\PHASE 3\Solar Cleaner & Track Changer\CODE_G3_TC_08.06.2023\TRACKCHANGER_G3\iar\release\obj\source\LED\LED2: [23]
    Led2.o                        450       26       76
    ---------------------------------------------------
    Total:                        450       26       76

F:\PROJECTS\GANGES\2023\27.07.2023\PHASE 3\Solar Cleaner & Track Changer\CODE_G3_TC_08.06.2023\TRACKCHANGER_G3\iar\release\obj\source\LED\LED3: [24]
    Led3.o                        478       30       92
    ---------------------------------------------------
    Total:                        478       30       92

F:\PROJECTS\GANGES\2023\27.07.2023\PHASE 3\Solar Cleaner & Track Changer\CODE_G3_TC_08.06.2023\TRACKCHANGER_G3\iar\release\obj\source\LTC4015: [25]
    LTC4015.o                     204                20
    LTC4015_main.o              1'272       44       24
    bat_i2c.o                     706                56
    store_soc.o                   212
    ---------------------------------------------------
    Total:                      2'394       44      100

F:\PROJECTS\GANGES\2023\27.07.2023\PHASE 3\Solar Cleaner & Track Changer\CODE_G3_TC_08.06.2023\TRACKCHANGER_G3\iar\release\obj\source\MotorControl\BrushMotor: [26]
    BrushMotorControl.o           300        4       12
    BrushMotorControl_hal.o       156                 1
    ---------------------------------------------------
    Total:                        456        4       13

F:\PROJECTS\GANGES\2023\27.07.2023\PHASE 3\Solar Cleaner & Track Changer\CODE_G3_TC_08.06.2023\TRACKCHANGER_G3\iar\release\obj\source\MotorControl\BrushMotor\BrushPwm: [27]
    BrushPwm.o                    120                 2
    ---------------------------------------------------
    Total:                        120                 2

F:\PROJECTS\GANGES\2023\27.07.2023\PHASE 3\Solar Cleaner & Track Changer\CODE_G3_TC_08.06.2023\TRACKCHANGER_G3\iar\release\obj\source\MotorControl\Motor1: [28]
    Motor1Control.o               296        4       12
    Motor1Control_hal.o           250                 1
    ---------------------------------------------------
    Total:                        546        4       13

F:\PROJECTS\GANGES\2023\27.07.2023\PHASE 3\Solar Cleaner & Track Changer\CODE_G3_TC_08.06.2023\TRACKCHANGER_G3\iar\release\obj\source\MotorControl\Motor1\Pwm1: [29]
    Pwm1.o                        452       14       41
    ---------------------------------------------------
    Total:                        452       14       41

F:\PROJECTS\GANGES\2023\27.07.2023\PHASE 3\Solar Cleaner & Track Changer\CODE_G3_TC_08.06.2023\TRACKCHANGER_G3\iar\release\obj\source\MotorControl\Motor2: [30]
    Motor2Control.o               308        5       12
    Motor2Control_hal.o           176                 1
    ---------------------------------------------------
    Total:                        484        5       13

F:\PROJECTS\GANGES\2023\27.07.2023\PHASE 3\Solar Cleaner & Track Changer\CODE_G3_TC_08.06.2023\TRACKCHANGER_G3\iar\release\obj\source\MotorControl\Motor2\Pwm2: [31]
    Pwm2.o                        112                 2
    ---------------------------------------------------
    Total:                        112                 2

F:\PROJECTS\GANGES\2023\27.07.2023\PHASE 3\Solar Cleaner & Track Changer\CODE_G3_TC_08.06.2023\TRACKCHANGER_G3\iar\release\obj\source\OTHER: [32]
    NumStrConversion.o            816
    ---------------------------------------------------
    Total:                        816

F:\PROJECTS\GANGES\2023\27.07.2023\PHASE 3\Solar Cleaner & Track Changer\CODE_G3_TC_08.06.2023\TRACKCHANGER_G3\iar\release\obj\source\OTHER\LPTimer: [33]
    LPTimer.o                     240      140        8
    ---------------------------------------------------
    Total:                        240      140        8

F:\PROJECTS\GANGES\2023\27.07.2023\PHASE 3\Solar Cleaner & Track Changer\CODE_G3_TC_08.06.2023\TRACKCHANGER_G3\iar\release\obj\source\OTHER\VBatREG: [34]
    VBatReg.o                      16
    ---------------------------------------------------
    Total:                         16

F:\PROJECTS\GANGES\2023\27.07.2023\PHASE 3\Solar Cleaner & Track Changer\CODE_G3_TC_08.06.2023\TRACKCHANGER_G3\iar\release\obj\source\OTHER\WDTimer: [35]
    WDTimer.o                     164                 4
    ---------------------------------------------------
    Total:                        164                 4

F:\PROJECTS\GANGES\2023\27.07.2023\PHASE 3\Solar Cleaner & Track Changer\CODE_G3_TC_08.06.2023\TRACKCHANGER_G3\iar\release\obj\source\PROXIMITY: [36]
    cleanerdetect1.o               66
    cleanerdetect2.o               66
    cleanerdetectcommon.o          52
    proximity.o                   214                12
    ---------------------------------------------------
    Total:                        398                12

F:\PROJECTS\GANGES\2023\27.07.2023\PHASE 3\Solar Cleaner & Track Changer\CODE_G3_TC_08.06.2023\TRACKCHANGER_G3\iar\release\obj\source\PortInterrupt: [37]
    PortInterrupt.o               144
    ---------------------------------------------------
    Total:                        144

F:\PROJECTS\GANGES\2023\27.07.2023\PHASE 3\Solar Cleaner & Track Changer\CODE_G3_TC_08.06.2023\TRACKCHANGER_G3\iar\release\obj\source\RFID: [38]
    rfid.o                      1'404       30       90
    ---------------------------------------------------
    Total:                      1'404       30       90

F:\PROJECTS\GANGES\2023\27.07.2023\PHASE 3\Solar Cleaner & Track Changer\CODE_G3_TC_08.06.2023\TRACKCHANGER_G3\iar\release\obj\source\RTC: [39]
    Rtc.o                         828        1        3
    ---------------------------------------------------
    Total:                        828        1        3

F:\PROJECTS\GANGES\2023\27.07.2023\PHASE 3\Solar Cleaner & Track Changer\CODE_G3_TC_08.06.2023\TRACKCHANGER_G3\iar\release\obj\source\Relay: [40]
    Relay.o                       196        3        8
    ---------------------------------------------------
    Total:                        196        3        8

F:\PROJECTS\GANGES\2023\27.07.2023\PHASE 3\Solar Cleaner & Track Changer\CODE_G3_TC_08.06.2023\TRACKCHANGER_G3\iar\release\obj\source\RobotControl: [41]
    RobotControl.o              2'928       99      168
    ---------------------------------------------------
    Total:                      2'928       99      168

F:\PROJECTS\GANGES\2023\27.07.2023\PHASE 3\Solar Cleaner & Track Changer\CODE_G3_TC_08.06.2023\TRACKCHANGER_G3\iar\release\obj\source\RobotControl\BrushControl: [42]
    BrushControl.o              1'196       49       76
    ---------------------------------------------------
    Total:                      1'196       49       76

F:\PROJECTS\GANGES\2023\27.07.2023\PHASE 3\Solar Cleaner & Track Changer\CODE_G3_TC_08.06.2023\TRACKCHANGER_G3\iar\release\obj\source\RobotOperation: [43]
    RobotOperation.o            7'300    1'328    3'884
    ---------------------------------------------------
    Total:                      7'300    1'328    3'884

F:\PROJECTS\GANGES\2023\27.07.2023\PHASE 3\Solar Cleaner & Track Changer\CODE_G3_TC_08.06.2023\TRACKCHANGER_G3\iar\release\obj\source\RobotOperation\AutoSchedule: [44]
    AutoSchedule.o                168                 8
    ---------------------------------------------------
    Total:                        168                 8

F:\PROJECTS\GANGES\2023\27.07.2023\PHASE 3\Solar Cleaner & Track Changer\CODE_G3_TC_08.06.2023\TRACKCHANGER_G3\iar\release\obj\source\RobotOperation\CycleMode: [45]
    CycleMode.o                   376                57
    ---------------------------------------------------
    Total:                        376                57

F:\PROJECTS\GANGES\2023\27.07.2023\PHASE 3\Solar Cleaner & Track Changer\CODE_G3_TC_08.06.2023\TRACKCHANGER_G3\iar\release\obj\source\RobotOperation\FaultProcess: [46]
    FaultProcess.o              1'176       36      149
    ---------------------------------------------------
    Total:                      1'176       36      149

F:\PROJECTS\GANGES\2023\27.07.2023\PHASE 3\Solar Cleaner & Track Changer\CODE_G3_TC_08.06.2023\TRACKCHANGER_G3\iar\release\obj\source\RobotOperation\FaultProcess\OverCurrentFault: [47]
    Mot1CurrentFault.o            104                16
    Mot2CurrentFault.o            104                16
    Mot3CurrentFault.o            104                16
    MotCurrentFaultCommon.o       144               144
    ---------------------------------------------------
    Total:                        456               192

F:\PROJECTS\GANGES\2023\27.07.2023\PHASE 3\Solar Cleaner & Track Changer\CODE_G3_TC_08.06.2023\TRACKCHANGER_G3\iar\release\obj\source\RotateSense: [48]
    QuadDecoder.o                 316                17
    RotateSense1.o                242                12
    RotateSense2.o                230                12
    RotateSenseCommon.o           268
    ---------------------------------------------------
    Total:                      1'056                41

F:\PROJECTS\GANGES\2023\27.07.2023\PHASE 3\Solar Cleaner & Track Changer\CODE_G3_TC_08.06.2023\TRACKCHANGER_G3\iar\release\obj\source\SDFAT: [49]
    SDcardoperation.o           3'700      254   20'657
    diskio.o                    1'672                 2
    ff.o                        4'560                 8
    ---------------------------------------------------
    Total:                      9'932      254   20'667

F:\PROJECTS\GANGES\2023\27.07.2023\PHASE 3\Solar Cleaner & Track Changer\CODE_G3_TC_08.06.2023\TRACKCHANGER_G3\iar\release\obj\source\SPI: [50]
    spi.o                         330                 6
    ---------------------------------------------------
    Total:                        330                 6

F:\PROJECTS\GANGES\2023\27.07.2023\PHASE 3\Solar Cleaner & Track Changer\CODE_G3_TC_08.06.2023\TRACKCHANGER_G3\iar\release\obj\source\SWITCH: [51]
    switch.o                       70                 1
    ---------------------------------------------------
[...]
pv_curr                 0x1fff'08f4     0x4  Data  Gb  RobotMain.o [3]
pv_curr_arr             0x1fff'0970     0xc  Data  Gb  RobotMain.o [3]
pv_power                0x1fff'08f8     0x4  Data  Gb  RobotMain.o [3]
pv_power_arr            0x1fff'097c     0xc  Data  Gb  RobotMain.o [3]
pv_vol                  0x1fff'08f0     0x4  Data  Gb  RobotMain.o [3]
pv_vol_arr              0x1fff'0964     0xc  Data  Gb  RobotMain.o [3]
pv_work_status          0x1fff'0908     0x4  Data  Gb  RobotMain.o [3]
pwm1Ch1DutyCycle        0x2000'bb76     0x1  Data  Lc  BrushPwm.o [27]
pwm1Ch1DutyCycle        0x1fff'0e06     0x1  Data  Lc  Pwm1.o [29]
pwm1Ch2DutyCycle        0x2000'bb77     0x1  Data  Lc  BrushPwm.o [27]
pwm1ChangeValue         0x1fff'0d64     0x4  Data  Lc  RobotControl.o [41]
pwm2Ch1DutyCycle        0x2000'bb7b     0x1  Data  Lc  Pwm2.o [31]
pwm2Ch2DutyCycle        0x2000'bb7c     0x1  Data  Lc  Pwm2.o [31]
pwm2ChangeValue         0x1fff'0d68     0x4  Data  Lc  RobotControl.o [41]
pwmChangeValue          0x1fff'0d2c     0x4  Data  Lc  BrushControl.o [42]
pwm_ChangeTimeCount     0x1fff'0d34     0x4  Data  Lc  BrushControl.o [42]
pwm_ChangeTimeCount     0x1fff'0d74     0x4  Data  Lc  RobotControl.o [41]
pxFile                  0x1fff'0884     0x4  Data  Gb  SDcardoperation.o [49]
quadDecodeCount         0x2000'ba50     0x4  Data  Lc  QuadDecoder.o [48]
quadDecodeNegative      0x2000'ba58     0x4  Data  Lc  QuadDecoder.o [48]
quadDecodePositive      0x2000'ba54     0x4  Data  Lc  QuadDecoder.o [48]
quadDecodeTime          0x2000'bb50     0x4  Data  Lc  QuadDecoder.o [48]
rcvr_datablock             0x1'54d5    0x4a  Code  Lc  diskio.o [49]
read_rfid               0x1fff'0a8a     0x1  Data  Gb  RobotOperation.o [43]
read_rfid_Fail          0x1fff'0a8b     0x1  Data  Gb  RobotOperation.o [43]
receivedMACAddr         0x2000'ba90     0x8  Data  Gb  APIProcessing.o [5]
relayOpState            0x1fff'0df4     0x1  Data  Lc  Relay.o [40]
relayStatus             0x1fff'0df5     0x1  Data  Lc  Relay.o [40]
relayTargetStatus       0x1fff'0df6     0x1  Data  Lc  Relay.o [40]
relayTimeOver           0x1fff'0df7     0x1  Data  Lc  Relay.o [40]
relay_timecount         0x1fff'0df8     0x4  Data  Lc  Relay.o [40]
remove_chain                 0xf909    0x5e  Code  Lc  ff.o [49]
reportState             0x1fff'0a81     0x1  Data  Gb  RobotOperation.o [43]
responseCommandParams   0x1fff'0d7c    0x10  Data  Gb  ResponseAPIProcess.o [5]
rfidDataReceived        0x1fff'0be4     0x1  Data  Gb  rfid.o [38]
rfidTime                0x1fff'0c10     0x4  Data  Gb  rfid.o [38]
rfidTimer_ms            0x1fff'0c14     0x4  Data  Gb  rfid.o [38]
rfidUartReceive         0x1fff'0be8    0x10  Data  Gb  rfid.o [38]
rfid_sense_TimeOver     0x1fff'0a89     0x1  Data  Lc  RobotOperation.o [43]
rfid_sense_timecount    0x1fff'0ac4     0x4  Data  Lc  RobotOperation.o [43]
rmemcpy(unsigned char *, unsigned char const *, unsigned short)
                           0x1'9ffb    0x18  Code  Gb  Utils.o [55]
robotCommand            0x1fff'0a79     0x1  Data  Lc  RobotOperation.o [43]
robotState              0x1fff'0d5c     0x1  Data  Lc  RobotControl.o [41]
rotateCount             0x2000'ba60     0x4  Data  Lc  RotateSense1.o [48]
rotateCount             0x2000'ba6c     0x4  Data  Lc  RotateSense2.o [48]
rotateSense1TimeOver    0x2000'ba5c     0x1  Data  Lc  RotateSense1.o [48]
rotateSense1_timecount  0x2000'ba64     0x4  Data  Lc  RotateSense1.o [48]
rotateSense2TimeOver    0x2000'ba68     0x1  Data  Lc  RotateSense2.o [48]
rotateSense2_timecount  0x2000'ba70     0x4  Data  Lc  RotateSense2.o [48]
round                      0x1'9e15          Code  Gb  round.o [58]
roundl                     0x1'9e15          Code  Gb  round.o [58]
rowLengthData           0x2000'a368   0x5a0  Data  Gb  RobotOperation.o [43]
row_detected            0x2000'ba46     0x2  Data  Gb  proximity.o [36]
rowdaycount             0x1fff'0ab8     0x4  Data  Gb  RobotOperation.o [43]
rowsActuallyCleaned     0x1fff'0ab4     0x4  Data  Gb  RobotOperation.o [43]
rtcSecondsUpdatedFlag   0x2000'bb80     0x1  Data  Lc  Rtc.o [39]
rxDataBuffer            0x2000'ad14   0x1f4  Data  Gb  RobotMain.o [3]
rxIndex                 0x1fff'0c04     0x2  Data  Gb  rfid.o [38]
s_debugConsoleIO        0x2000'bad0     0x8  Data  Lc  fsl_io.o [54]
s_dspiMasterIsr         0x2000'ba30     0x4  Data  Lc  fsl_dspi.o [2]
s_dspiSlaveIsr          0x2000'ba34     0x4  Data  Lc  fsl_dspi.o [2]
s_dummyData             0x2000'ba2c     0x4  Data  Gb  fsl_dspi.o [2]
s_fastIrcFreq           0x1fff'0dbc     0x4  Data  Lc  fsl_clock.o [2]
s_flashCommonBitOperation
                        0x2000'b47c    0x40  Data  Lc  fsl_flash.o [2]
s_flashCommonBitOperationFunctionCode
                           0x1'bf64    0x1c  Data  Lc  fsl_flash.o [2]
s_flashDriver           0x1fff'0af4    0x34  Data  Lc  usr_flash.o [17]
s_flashExecuteInRamFunctionInfo
                        0x2000'b430     0xc  Data  Lc  fsl_flash.o [2]
s_flashRunCommand       0x2000'b43c    0x40  Data  Lc  fsl_flash.o [2]
s_flashRunCommandFunctionCode
                           0x1'bf58     0xc  Data  Lc  fsl_flash.o [2]
s_ftmClocks                0x1'8738    0x10  Data  Lc  fsl_ftm.o [2]
s_i2cClocks                0x1'7f80     0xc  Data  Lc  fsl_i2c.o [2]
s_i2cDividerTable          0x1'db08    0x80  Data  Lc  fsl_i2c.o [2]
s_i2cHandle             0x2000'b970     0xc  Data  Lc  fsl_i2c.o [2]
s_i2cIrqs                  0x1'800c     0x4  Data  Lc  fsl_i2c.o [2]
s_i2cMasterIsr          0x2000'b97c     0x4  Data  Lc  fsl_i2c.o [2]
s_i2cSlaveIsr           0x2000'b980     0x4  Data  Lc  fsl_i2c.o [2]
s_lptmrClocks              0x1'6510     0x4  Data  Lc  fsl_lptmr.o [2]
s_portBases                0x1'2e38    0x14  Data  Lc  fsl_gpio.o [2]
s_slowIrcFreq           0x1fff'0db8     0x4  Data  Lc  fsl_clock.o [2]
s_uartClock                0x1'431c    0x18  Data  Lc  fsl_uart.o [2]
s_uartHandle            0x2000'b880    0x18  Data  Lc  fsl_uart.o [2]
s_uartIsr               0x2000'b898     0x4  Data  Lc  fsl_uart.o [2]
scalbln                    0x1'c241          Code  Gb  ldexp.o [58]
scalblnf                   0x1'4ce5          Code  Gb  ldexpf.o [58]
scalblnl                   0x1'c241          Code  Gb  ldexp.o [58]
scalbn                     0x1'c241          Code  Gb  ldexp.o [58]
scalbnf                    0x1'4ce5          Code  Gb  ldexpf.o [58]
scalbnl                    0x1'c241          Code  Gb  ldexp.o [58]
scheduleTime            0x2000'ba98     0x2  Data  Lc  AutoSchedule.o [44]
schedule_log            0x1fff'46dc    0x64  Data  Gb  APIProcessing.o [5]
sd_continue_read        0x1fff'0621     0x1  Data  Gb  SDcardoperation.o [49]
sec_hand                0x2000'bb6c     0x4  Data  Lc  xfail_s.o [56]
sectorErasing              0x1'8e1f    0x58  Code  Gb  usr_flash.o [17]
securityStatus          0x1fff'0ae4     0x4  Data  Gb  usr_flash.o [17]
segment_holding            0x1'a4f9    0x1c  Code  Lc  dlmalloc.o [56]
send_cmd                   0x1'5567    0xa4  Code  Lc  diskio.o [49]
setBatMinSOC            0x2000'bb78     0x1  Data  Lc  FaultProcess.o [46]
simConfig_BOARD_BootClockRUN
                           0x1'cc68     0x8  Data  Gb  clock_config.o [1]
smbalert                0x2000'b928     0x1  Data  Gb  LTC4015_main.o [25]
snprintf                     0x96e5    0x44  Code  Gb  snprintf.o [56]
spidataread             0x2000'b860     0x1  Data  Gb  spi.o [50]
spidataread1            0x2000'b861     0x1  Data  Gb  spi.o [50]
std::_NomemoryNothrow()
                           0x1'a4f5     0x4  Code  Gb  nomemory.o [57]
std::__iar_New_hand     0x2000'bb68     0x4  Data  Gb  new.o [57]
storeRfidData           0x2000'b0e0    0xf0  Data  Gb  RobotOperation.o [43]
storedLastOpStatus      0x2000'b8b8    0x1c  Data  Lc  RobotControl.o [41]
strcat                       0xbad9    0x1e  Code  Gb  strcat.o [56]
strchr                     0x1'6711          Code  Gb  strchr.o [59]
strcpy                     0x1'0935          Code  Gb  strcpy.o [59]
strlen                       0x9729          Code  Gb  strlen.o [59]
strncmp                    0x1'9321    0x28  Code  Gb  strncmp.o [56]
strncpy                    0x1'3e49          Code  Gb  strncpy.o [59]
strstr                     0x1'547d    0x2c  Code  Gb  strstr.o [56]
strtof                       0xe77d     0x6  Code  Gb  strto32.o [58]
strtol                       0x7605     0x4  Code  Gb  iar_Stolx.o [56]
strtoul                      0x954d     0x2  Code  Gb  iar_Stoulx.o [56]
strtoull                     0xe521     0x2  Code  Gb  iar_Stoullx.o [56]
sum                     0x2000'bb30     0x4  Data  Gb  APIProcessing.o [5]
switchState             0x2000'bb82     0x1  Data  Gb  switch.o [51]
sync_fs                      0xf6bf    0x6a  Code  Lc  ff.o [49]
sync_window                  0xf63d    0x4e  Code  Lc  ff.o [49]
tc_count                0x1fff'0ab0     0x4  Data  Gb  RobotOperation.o [43]
tcendtime                    0x70fd    0x3a  Code  Gb  APIProcessing.o [5]
tcstarttime                  0x70b1    0x4c  Code  Gb  APIProcessing.o [5]
tempSense1_ptime        0x2000'ba00     0x4  Data  Lc  temp_sensors.o [52]
tempSense1_pvalue       0x2000'b9f8     0x4  Data  Lc  temp_sensors.o [52]
tempSense2_ptime        0x2000'ba04     0x4  Data  Lc  temp_sensors.o [52]
tempSense2_pvalue       0x2000'b9fc     0x4  Data  Lc  temp_sensors.o [52]
tempSetTrackOpData      0x2000'9c70   0x6f8  Data  Gb  RobotOperation.o [43]
tolower                    0x1'10a1    0x14  Code  Gb  tolower.o [56]
trackChangerError       0x1fff'0a7d     0x1  Data  Gb  RobotOperation.o [43]
trackChangerState       0x1fff'0a7f     0x1  Data  Gb  RobotOperation.o [43]
trackData               0x2000'b368    0xc8  Data  Gb  RobotOperation.o [43]
trackchangercount       0x1fff'0aac     0x4  Data  Gb  RobotOperation.o [43]
txAckBuff               0x2000'b2a0    0xc8  Data  Lc  APIProcessing.o [5]
txBuff                  0x2000'4e28  0x2710  Data  Lc  APIProcessing.o [5]
txBuff                  0x2000'7560  0x2710  Data  Lc  ConfigAPIProcess.o [9]
uartType                0x1fff'0e04     0x1  Data  Lc  CommCommon.o [6]
validate                   0x1'01b1    0x2a  Code  Lc  ff.o [49]
value                   0x1fff'0c08     0x8  Data  Gb  rfid.o [38]
vsnprintf                  0x1'a4b9    0x3c  Code  Gb  vsnprint.o [56]
wait_ready                 0x1'54a9    0x2c  Code  Lc  diskio.o [49]
write_flash                0x1'8e95    0x82  Code  Gb  usr_flash.o [17]
xbee                    0x2000'b4f8    0x60  Data  Gb  ZigbeeAPI.o [55]
xmit_datablock             0x1'551f    0x48  Code  Lc  diskio.o [49]
zigbeeConfigChangeFlag  0x1fff'0d39     0x1  Data  Lc  ZigbeeAPIMode.o [12]
zigbeeConfigValues      0x2000'b5b0    0x58  Data  Lc  ZigbeeAPIMode.o [12]
zigbeeInitStatus        0x1fff'0d3b     0x1  Data  Lc  ZigbeeAPIMode.o [12]
zigbeeNetworkResetFlag  0x1fff'0d3a     0x1  Data  Lc  ZigbeeAPIMode.o [12]
zigbeeRxDataReadInProgress
                        0x1fff'0d90     0x1  Data  Lc  ZigbeeUart.o [13]
zigbeeUartRx            0x2000'a908   0x1fc  Data  Lc  ZigbeeUart.o [13]
zigbeeUartRxMacAddress  0x1fff'0d98     0x8  Data  Lc  ZigbeeUart.o [13]
zigbeeUartTx            0x2000'ab04   0x1fc  Data  Lc  ZigbeeUart.o [13]


[1] = F:\PROJECTS\GANGES\2023\27.07.2023\PHASE 3\Solar Cleaner & Track Changer\CODE_G3_TC_08.06.2023\TRACKCHANGER_G3\iar\release\obj\board
[2] = F:\PROJECTS\GANGES\2023\27.07.2023\PHASE 3\Solar Cleaner & Track Changer\CODE_G3_TC_08.06.2023\TRACKCHANGER_G3\iar\release\obj\drivers
[3] = F:\PROJECTS\GANGES\2023\27.07.2023\PHASE 3\Solar Cleaner & Track Changer\CODE_G3_TC_08.06.2023\TRACKCHANGER_G3\iar\release\obj\source
[4] = F:\PROJECTS\GANGES\2023\27.07.2023\PHASE 3\Solar Cleaner & Track Changer\CODE_G3_TC_08.06.2023\TRACKCHANGER_G3\iar\release\obj\source\ADC
[5] = F:\PROJECTS\GANGES\2023\27.07.2023\PHASE 3\Solar Cleaner & Track Changer\CODE_G3_TC_08.06.2023\TRACKCHANGER_G3\iar\release\obj\source\API Processing
[6] = F:\PROJECTS\GANGES\2023\27.07.2023\PHASE 3\Solar Cleaner & Track Changer\CODE_G3_TC_08.06.2023\TRACKCHANGER_G3\iar\release\obj\source\Communication
[7] = F:\PROJECTS\GANGES\2023\27.07.2023\PHASE 3\Solar Cleaner & Track Changer\CODE_G3_TC_08.06.2023\TRACKCHANGER_G3\iar\release\obj\source\Communication\BmsUart
[8] = F:\PROJECTS\GANGES\2023\27.07.2023\PHASE 3\Solar Cleaner & Track Changer\CODE_G3_TC_08.06.2023\TRACKCHANGER_G3\iar\release\obj\source\Communication\ConfigUart
[9] = F:\PROJECTS\GANGES\2023\27.07.2023\PHASE 3\Solar Cleaner & Track Changer\CODE_G3_TC_08.06.2023\TRACKCHANGER_G3\iar\release\obj\source\Communication\ConfigUart\ConfigUart API Process
[10] = F:\PROJECTS\GANGES\2023\27.07.2023\PHASE 3\Solar Cleaner & Track Changer\CODE_G3_TC_08.06.2023\TRACKCHANGER_G3\iar\release\obj\source\Communication\ConfigUart\ConfigUart API Process\JSON Parser
[11] = F:\PROJECTS\GANGES\2023\27.07.2023\PHASE 3\Solar Cleaner & Track Changer\CODE_G3_TC_08.06.2023\TRACKCHANGER_G3\iar\release\obj\source\Communication\DebugUart
[12] = F:\PROJECTS\GANGES\2023\27.07.2023\PHASE 3\Solar Cleaner & Track Changer\CODE_G3_TC_08.06.2023\TRACKCHANGER_G3\iar\release\obj\source\Communication\ZigbeeAPIMode
[13] = F:\PROJECTS\GANGES\2023\27.07.2023\PHASE 3\Solar Cleaner & Track Changer\CODE_G3_TC_08.06.2023\TRACKCHANGER_G3\iar\release\obj\source\Communication\ZigbeeUart
[14] = F:\PROJECTS\GANGES\2023\27.07.2023\PHASE 3\Solar Cleaner & Track Changer\CODE_G3_TC_08.06.2023\TRACKCHANGER_G3\iar\release\obj\source\DEBUG
[15] = F:\PROJECTS\GANGES\2023\27.07.2023\PHASE 3\Solar Cleaner & Track Changer\CODE_G3_TC_08.06.2023\TRACKCHANGER_G3\iar\release\obj\source\DELAY
[16] = F:\PROJECTS\GANGES\2023\27.07.2023\PHASE 3\Solar Cleaner & Track Changer\CODE_G3_TC_08.06.2023\TRACKCHANGER_G3\iar\release\obj\source\DefaultValues
[17] = F:\PROJECTS\GANGES\2023\27.07.2023\PHASE 3\Solar Cleaner & Track Changer\CODE_G3_TC_08.06.2023\TRACKCHANGER_G3\iar\release\obj\source\EEPROM
[18] = F:\PROJECTS\GANGES\2023\27.07.2023\PHASE 3\Solar Cleaner & Track Changer\CODE_G3_TC_08.06.2023\TRACKCHANGER_G3\iar\release\obj\source\EdgeSensor
[19] = F:\PROJECTS\GANGES\2023\27.07.2023\PHASE 3\Solar Cleaner & Track Changer\CODE_G3_TC_08.06.2023\TRACKCHANGER_G3\iar\release\obj\source\EventLogger
[20] = F:\PROJECTS\GANGES\2023\27.07.2023\PHASE 3\Solar Cleaner & Track Changer\CODE_G3_TC_08.06.2023\TRACKCHANGER_G3\iar\release\obj\source\I2C
[21] = F:\PROJECTS\GANGES\2023\27.07.2023\PHASE 3\Solar Cleaner & Track Changer\CODE_G3_TC_08.06.2023\TRACKCHANGER_G3\iar\release\obj\source\LED
[22] = F:\PROJECTS\GANGES\2023\27.07.2023\PHASE 3\Solar Cleaner & Track Changer\CODE_G3_TC_08.06.2023\TRACKCHANGER_G3\iar\release\obj\source\LED\LED1
[23] = F:\PROJECTS\GANGES\2023\27.07.2023\PHASE 3\Solar Cleaner & Track Changer\CODE_G3_TC_08.06.2023\TRACKCHANGER_G3\iar\release\obj\source\LED\LED2
[24] = F:\PROJECTS\GANGES\2023\27.07.2023\PHASE 3\Solar Cleaner & Track Changer\CODE_G3_TC_08.06.2023\TRACKCHANGER_G3\iar\release\obj\source\LED\LED3
[25] = F:\PROJECTS\GANGES\2023\27.07.2023\PHASE 3\Solar Cleaner & Track Changer\CODE_G3_TC_08.06.2023\TRACKCHANGER_G3\iar\release\obj\source\LTC4015
[26] = F:\PROJECTS\GANGES\2023\27.07.2023\PHASE 3\Solar Cleaner & Track Changer\CODE_G3_TC_08.06.2023\TRACKCHANGER_G3\iar\release\obj\source\MotorControl\BrushMotor
[27] = F:\PROJECTS\GANGES\2023\27.07.2023\PHASE 3\Solar Cleaner & Track Changer\CODE_G3_TC_08.06.2023\TRACKCHANGER_G3\iar\release\obj\source\MotorControl\BrushMotor\BrushPwm
[28] = F:\PROJECTS\GANGES\2023\27.07.2023\PHASE 3\Solar Cleaner & Track Changer\CODE_G3_TC_08.06.2023\TRACKCHANGER_G3\iar\release\obj\source\MotorControl\Motor1
[29] = F:\PROJECTS\GANGES\2023\27.07.2023\PHASE 3\Solar Cleaner & Track Changer\CODE_G3_TC_08.06.2023\TRACKCHANGER_G3\iar\release\obj\source\MotorControl\Motor1\Pwm1
[30] = F:\PROJECTS\GANGES\2023\27.07.2023\PHASE 3\Solar Cleaner & Track Changer\CODE_G3_TC_08.06.2023\TRACKCHANGER_G3\iar\release\obj\source\MotorControl\Motor2
[31] = F:\PROJECTS\GANGES\2023\27.07.2023\PHASE 3\Solar Cleaner & Track Changer\CODE_G3_TC_08.06.2023\TRACKCHANGER_G3\iar\release\obj\source\MotorControl\Motor2\Pwm2
[32] = F:\PROJECTS\GANGES\2023\27.07.2023\PHASE 3\Solar Cleaner & Track Changer\CODE_G3_TC_08.06.2023\TRACKCHANGER_G3\iar\release\obj\source\OTHER
[33] = F:\PROJECTS\GANGES\2023\27.07.2023\PHASE 3\Solar Cleaner & Track Changer\CODE_G3_TC_08.06.2023\TRACKCHANGER_G3\iar\release\obj\source\OTHER\LPTimer
[34] = F:\PROJECTS\GANGES\2023\27.07.2023\PHASE 3\Solar Cleaner & Track Changer\CODE_G3_TC_08.06.2023\TRACKCHANGER_G3\iar\release\obj\source\OTHER\VBatREG
[35] = F:\PROJECTS\GANGES\2023\27.07.2023\PHASE 3\Solar Cleaner & Track Changer\CODE_G3_TC_08.06.2023\TRACKCHANGER_G3\iar\release\obj\source\OTHER\WDTimer
[36] = F:\PROJECTS\GANGES\2023\27.07.2023\PHASE 3\Solar Cleaner & Track Changer\CODE_G3_TC_08.06.2023\TRACKCHANGER_G3\iar\release\obj\source\PROXIMITY
[37] = F:\PROJECTS\GANGES\2023\27.07.2023\PHASE 3\Solar Cleaner & Track Changer\CODE_G3_TC_08.06.2023\TRACKCHANGER_G3\iar\release\obj\source\PortInterrupt
[38] = F:\PROJECTS\GANGES\2023\27.07.2023\PHASE 3\Solar Cleaner & Track Changer\CODE_G3_TC_08.06.2023\TRACKCHANGER_G3\iar\release\obj\source\RFID
[39] = F:\PROJECTS\GANGES\2023\27.07.2023\PHASE 3\Solar Cleaner & Track Changer\CODE_G3_TC_08.06.2023\TRACKCHANGER_G3\iar\release\obj\source\RTC
[40] = F:\PROJECTS\GANGES\2023\27.07.2023\PHASE 3\Solar Cleaner & Track Changer\CODE_G3_TC_08.06.2023\TRACKCHANGER_G3\iar\release\obj\source\Relay
[41] = F:\PROJECTS\GANGES\2023\27.07.2023\PHASE 3\Solar Cleaner & Track Changer\CODE_G3_TC_08.06.2023\TRACKCHANGER_G3\iar\release\obj\source\RobotControl
[42] = F:\PROJECTS\GANGES\2023\27.07.2023\PHASE 3\Solar Cleaner & Track Changer\CODE_G3_TC_08.06.2023\TRACKCHANGER_G3\iar\release\obj\source\RobotControl\BrushControl
[43] = F:\PROJECTS\GANGES\2023\27.07.2023\PHASE 3\Solar Cleaner & Track Changer\CODE_G3_TC_08.06.2023\TRACKCHANGER_G3\iar\release\obj\source\RobotOperation
[44] = F:\PROJECTS\GANGES\2023\27.07.2023\PHASE 3\Solar Cleaner & Track Changer\CODE_G3_TC_08.06.2023\TRACKCHANGER_G3\iar\release\obj\source\RobotOperation\AutoSchedule
[45] = F:\PROJECTS\GANGES\2023\27.07.2023\PHASE 3\Solar Cleaner & Track Changer\CODE_G3_TC_08.06.2023\TRACKCHANGER_G3\iar\release\obj\source\RobotOperation\CycleMode
[46] = F:\PROJECTS\GANGES\2023\27.07.2023\PHASE 3\Solar Cleaner & Track Changer\CODE_G3_TC_08.06.2023\TRACKCHANGER_G3\iar\release\obj\source\RobotOperation\FaultProcess
[47] = F:\PROJECTS\GANGES\2023\27.07.2023\PHASE 3\Solar Cleaner & Track Changer\CODE_G3_TC_08.06.2023\TRACKCHANGER_G3\iar\release\obj\source\RobotOperation\FaultProcess\OverCurrentFault
[48] = F:\PROJECTS\GANGES\2023\27.07.2023\PHASE 3\Solar Cleaner & Track Changer\CODE_G3_TC_08.06.2023\TRACKCHANGER_G3\iar\release\obj\source\RotateSense
[49] = F:\PROJECTS\GANGES\2023\27.07.2023\PHASE 3\Solar Cleaner & Track Changer\CODE_G3_TC_08.06.2023\TRACKCHANGER_G3\iar\release\obj\source\SDFAT
[50] = F:\PROJECTS\GANGES\2023\27.07.2023\PHASE 3\Solar Cleaner & Track Changer\CODE_G3_TC_08.06.2023\TRACKCHANGER_G3\iar\release\obj\source\SPI
[51] = F:\PROJECTS\GANGES\2023\27.07.2023\PHASE 3\Solar Cleaner & Track Changer\CODE_G3_TC_08.06.2023\TRACKCHANGER_G3\iar\release\obj\source\SWITCH
[52] = F:\PROJECTS\GANGES\2023\27.07.2023\PHASE 3\Solar Cleaner & Track Changer\CODE_G3_TC_08.06.2023\TRACKCHANGER_G3\iar\release\obj\source\TEMP SENSOR
[53] = F:\PROJECTS\GANGES\2023\27.07.2023\PHASE 3\Solar Cleaner & Track Changer\CODE_G3_TC_08.06.2023\TRACKCHANGER_G3\iar\release\obj\startup
[54] = F:\PROJECTS\GANGES\2023\27.07.2023\PHASE 3\Solar Cleaner & Track Changer\CODE_G3_TC_08.06.2023\TRACKCHANGER_G3\iar\release\obj\utilities
[55] = XbeeZigbeeAPI.a
[56] = dl7M_tlf.a
[57] = dlpprt7M_tl_fc.a
[58] = m7M_tls.a
[59] = rt7M_tl.a

  119'545 bytes of readonly  code memory
   13'095 bytes of readonly  data memory
   91'240 bytes of readwrite data memory

Errors: none
Warnings: none
