###############################################################################
#
# IAR ELF Linker V9.20.2.320/W64 for ARM                  27/Jul/2023  14:29:33
# Copyright 2007-2021 IAR Systems AB.
#
#    Output file  =
#        F:\PROJECTS\GANGES\2023\27.07.2023\PHASE 3\Solar Cleaner & Track
#        Changer\CODE_G3_SC_08.06.2023\SOLAR CLEANER
#        G3\iar\buildoutput\Solar_Robot_Board_Test1.out
#    Map file     =
#        F:\PROJECTS\GANGES\2023\27.07.2023\PHASE 3\Solar Cleaner & Track
#        Changer\CODE_G3_SC_08.06.2023\SOLAR CLEANER
#        G3\iar\release\list\Solar_Robot_Board_Test1.map
#    Command line =
#        -f "F:\PROJECTS\GANGES\2023\27.07.2023\PHASE 3\Solar Cleaner & Track
#        Changer\CODE_G3_SC_08.06.2023\SOLAR CLEANER
#        G3\iar\buildoutput\Solar_Robot_Board_Test1.out.rsp"
#        ("F:\PROJECTS\GANGES\2023\27.07.2023\PHASE 3\Solar Cleaner & Track
#        Changer\CODE_G3_SC_08.06.2023\SOLAR CLEANER
#        G3\iar\release\obj\source\ADC\adc.o"
#        "F:\PROJECTS\GANGES\2023\27.07.2023\PHASE 3\Solar Cleaner & Track
#        Changer\CODE_G3_SC_08.06.2023\SOLAR CLEANER
#        G3\iar\release\obj\source\API Processing\APIProcessing.o"
#        "F:\PROJECTS\GANGES\2023\27.07.2023\PHASE 3\Solar Cleaner & Track
#        Changer\CODE_G3_SC_08.06.2023\SOLAR CLEANER
#        G3\iar\release\obj\source\RobotOperation\AutoSchedule\AutoSchedule.o"
#        "F:\PROJECTS\GANGES\2023\27.07.2023\PHASE 3\Solar Cleaner & Track
#        Changer\CODE_G3_SC_08.06.2023\SOLAR CLEANER
#        G3\iar\release\obj\source\LTC4015\bat_i2c.o"
#        "F:\PROJECTS\GANGES\2023\27.07.2023\PHASE 3\Solar Cleaner & Track
#        Changer\CODE_G3_SC_08.06.2023\SOLAR CLEANER
#        G3\iar\release\obj\board\board.o"
#        "F:\PROJECTS\GANGES\2023\27.07.2023\PHASE 3\Solar Cleaner & Track
#        Changer\CODE_G3_SC_08.06.2023\SOLAR CLEANER
#        G3\iar\release\obj\source\RobotControl\BrushControl\BrushControl.o"
#        "F:\PROJECTS\GANGES\2023\27.07.2023\PHASE 3\Solar Cleaner & Track
#        Changer\CODE_G3_SC_08.06.2023\SOLAR CLEANER
#        G3\iar\release\obj\source\MotorControl\BrushMotor\BrushMotorControl.o"
#        "F:\PROJECTS\GANGES\2023\27.07.2023\PHASE 3\Solar Cleaner & Track
#        Changer\CODE_G3_SC_08.06.2023\SOLAR CLEANER
#        G3\iar\release\obj\source\MotorControl\BrushMotor\BrushMotorControl_hal.o"
#        "F:\PROJECTS\GANGES\2023\27.07.2023\PHASE 3\Solar Cleaner & Track
#        Changer\CODE_G3_SC_08.06.2023\SOLAR CLEANER
#        G3\iar\release\obj\source\MotorControl\BrushMotor\BrushPwm\BrushPwm.o"
#        "F:\PROJECTS\GANGES\2023\27.07.2023\PHASE 3\Solar Cleaner & Track
#        Changer\CODE_G3_SC_08.06.2023\SOLAR CLEANER
#        G3\iar\release\obj\board\clock_config.o"
#        "F:\PROJECTS\GANGES\2023\27.07.2023\PHASE 3\Solar Cleaner & Track
#        Changer\CODE_G3_SC_08.06.2023\SOLAR CLEANER
#        G3\iar\release\obj\source\Communication\CommCommon.o"
#        "F:\PROJECTS\GANGES\2023\27.07.2023\PHASE 3\Solar Cleaner & Track
#        Changer\CODE_G3_SC_08.06.2023\SOLAR CLEANER
#        G3\iar\release\obj\source\Communication\ConfigUart\ConfigUart API
#        Process\ConfigAPIProcess.o" "F:\PROJECTS\GANGES\2023\27.07.2023\PHASE
#        3\Solar Cleaner & Track Changer\CODE_G3_SC_08.06.2023\SOLAR CLEANER
#        G3\iar\release\obj\source\Communication\ConfigUart\ConfigUart.o"
#        "F:\PROJECTS\GANGES\2023\27.07.2023\PHASE 3\Solar Cleaner & Track
#        Changer\CODE_G3_SC_08.06.2023\SOLAR CLEANER
#        G3\iar\release\obj\source\RobotOperation\CycleMode\CycleMode.o"
#        "F:\PROJECTS\GANGES\2023\27.07.2023\PHASE 3\Solar Cleaner & Track
#        Changer\CODE_G3_SC_08.06.2023\SOLAR CLEANER
#        G3\iar\release\obj\source\Communication\DebugUart\DebugUart.o"
#        "F:\PROJECTS\GANGES\2023\27.07.2023\PHASE 3\Solar Cleaner & Track
#        Changer\CODE_G3_SC_08.06.2023\SOLAR CLEANER
#        G3\iar\release\obj\source\DefaultValues\DefaultValues.o"
#        "F:\PROJECTS\GANGES\2023\27.07.2023\PHASE 3\Solar Cleaner & Track
#        Changer\CODE_G3_SC_08.06.2023\SOLAR CLEANER
#        G3\iar\release\obj\source\DELAY\delay.o"
#        "F:\PROJECTS\GANGES\2023\27.07.2023\PHASE 3\Solar Cleaner & Track
#        Changer\CODE_G3_SC_08.06.2023\SOLAR CLEANER
#        G3\iar\release\obj\source\SDFAT\diskio.o"
#        "F:\PROJECTS\GANGES\2023\27.07.2023\PHASE 3\Solar Cleaner & Track
#        Changer\CODE_G3_SC_08.06.2023\SOLAR CLEANER
#        G3\iar\release\obj\source\EdgeSensor\EdgeSense1.o"
#        "F:\PROJECTS\GANGES\2023\27.07.2023\PHASE 3\Solar Cleaner & Track
#        Changer\CODE_G3_SC_08.06.2023\SOLAR CLEANER
#        G3\iar\release\obj\source\EdgeSensor\EdgeSense2.o"
#        "F:\PROJECTS\GANGES\2023\27.07.2023\PHASE 3\Solar Cleaner & Track
#        Changer\CODE_G3_SC_08.06.2023\SOLAR CLEANER
#        G3\iar\release\obj\source\EdgeSensor\EdgeSenseCommon.o"
#        "F:\PROJECTS\GANGES\2023\27.07.2023\PHASE 3\Solar Cleaner & Track
#        Changer\CODE_G3_SC_08.06.2023\SOLAR CLEANER
#        G3\iar\release\obj\source\EEPROM\eeprom.o"
#        "F:\PROJECTS\GANGES\2023\27.07.2023\PHASE 3\Solar Cleaner & Track
#        Changer\CODE_G3_SC_08.06.2023\SOLAR CLEANER
#        G3\iar\release\obj\source\EEPROM\EepromMain.o"
#        "F:\PROJECTS\GANGES\2023\27.07.2023\PHASE 3\Solar Cleaner & Track
#        Changer\CODE_G3_SC_08.06.2023\SOLAR CLEANER
#        G3\iar\release\obj\source\EEPROM\eepromStdtoHalDriver.o"
#        "F:\PROJECTS\GANGES\2023\27.07.2023\PHASE 3\Solar Cleaner & Track
#        Changer\CODE_G3_SC_08.06.2023\SOLAR CLEANER
#        G3\iar\release\obj\source\EEPROM\eepromStore.o"
#        "F:\PROJECTS\GANGES\2023\27.07.2023\PHASE 3\Solar Cleaner & Track
#        Changer\CODE_G3_SC_08.06.2023\SOLAR CLEANER
#        G3\iar\release\obj\source\EventLogger\EventLogger.o"
#        "F:\PROJECTS\GANGES\2023\27.07.2023\PHASE 3\Solar Cleaner & Track
#        Changer\CODE_G3_SC_08.06.2023\SOLAR CLEANER
#        G3\iar\release\obj\source\EventLogger\EventLoggerFlash.o"
#        "F:\PROJECTS\GANGES\2023\27.07.2023\PHASE 3\Solar Cleaner & Track
#        Changer\CODE_G3_SC_08.06.2023\SOLAR CLEANER
#        G3\iar\release\obj\source\RobotOperation\FaultProcess\FaultProcess.o"
#        "F:\PROJECTS\GANGES\2023\27.07.2023\PHASE 3\Solar Cleaner & Track
#        Changer\CODE_G3_SC_08.06.2023\SOLAR CLEANER
#        G3\iar\release\obj\source\SDFAT\ff.o"
#        "F:\PROJECTS\GANGES\2023\27.07.2023\PHASE 3\Solar Cleaner & Track
#        Changer\CODE_G3_SC_08.06.2023\SOLAR CLEANER
#        G3\iar\release\obj\drivers\fsl_adc16.o"
#        "F:\PROJECTS\GANGES\2023\27.07.2023\PHASE 3\Solar Cleaner & Track
#        Changer\CODE_G3_SC_08.06.2023\SOLAR CLEANER
#        G3\iar\release\obj\utilities\fsl_assert.o"
#        "F:\PROJECTS\GANGES\2023\27.07.2023\PHASE 3\Solar Cleaner & Track
#        Changer\CODE_G3_SC_08.06.2023\SOLAR CLEANER
#        G3\iar\release\obj\drivers\fsl_clock.o"
#        "F:\PROJECTS\GANGES\2023\27.07.2023\PHASE 3\Solar Cleaner & Track
#        Changer\CODE_G3_SC_08.06.2023\SOLAR CLEANER
#        G3\iar\release\obj\drivers\fsl_common.o"
#        "F:\PROJECTS\GANGES\2023\27.07.2023\PHASE 3\Solar Cleaner & Track
#        Changer\CODE_G3_SC_08.06.2023\SOLAR CLEANER
#        G3\iar\release\obj\utilities\fsl_debug_console.o"
#        "F:\PROJECTS\GANGES\2023\27.07.2023\PHASE 3\Solar Cleaner & Track
#        Changer\CODE_G3_SC_08.06.2023\SOLAR CLEANER
#        G3\iar\release\obj\drivers\fsl_dspi.o"
#        "F:\PROJECTS\GANGES\2023\27.07.2023\PHASE 3\Solar Cleaner & Track
#        Changer\CODE_G3_SC_08.06.2023\SOLAR CLEANER
#        G3\iar\release\obj\drivers\fsl_flash.o"
#        "F:\PROJECTS\GANGES\2023\27.07.2023\PHASE 3\Solar Cleaner & Track
#        Changer\CODE_G3_SC_08.06.2023\SOLAR CLEANER
#        G3\iar\release\obj\drivers\fsl_ftm.o"
#        "F:\PROJECTS\GANGES\2023\27.07.2023\PHASE 3\Solar Cleaner & Track
#        Changer\CODE_G3_SC_08.06.2023\SOLAR CLEANER
#        G3\iar\release\obj\drivers\fsl_gpio.o"
#        "F:\PROJECTS\GANGES\2023\27.07.2023\PHASE 3\Solar Cleaner & Track
#        Changer\CODE_G3_SC_08.06.2023\SOLAR CLEANER
#        G3\iar\release\obj\drivers\fsl_i2c.o"
#        "F:\PROJECTS\GANGES\2023\27.07.2023\PHASE 3\Solar Cleaner & Track
#        Changer\CODE_G3_SC_08.06.2023\SOLAR CLEANER
#        G3\iar\release\obj\utilities\fsl_io.o"
#        "F:\PROJECTS\GANGES\2023\27.07.2023\PHASE 3\Solar Cleaner & Track
#        Changer\CODE_G3_SC_08.06.2023\SOLAR CLEANER
#        G3\iar\release\obj\utilities\fsl_log.o"
#        "F:\PROJECTS\GANGES\2023\27.07.2023\PHASE 3\Solar Cleaner & Track
#        Changer\CODE_G3_SC_08.06.2023\SOLAR CLEANER
#        G3\iar\release\obj\drivers\fsl_lptmr.o"
#        "F:\PROJECTS\GANGES\2023\27.07.2023\PHASE 3\Solar Cleaner & Track
#        Changer\CODE_G3_SC_08.06.2023\SOLAR CLEANER
#        G3\iar\release\obj\drivers\fsl_rcm.o"
#        "F:\PROJECTS\GANGES\2023\27.07.2023\PHASE 3\Solar Cleaner & Track
#        Changer\CODE_G3_SC_08.06.2023\SOLAR CLEANER
#        G3\iar\release\obj\drivers\fsl_rtc.o"
#        "F:\PROJECTS\GANGES\2023\27.07.2023\PHASE 3\Solar Cleaner & Track
#        Changer\CODE_G3_SC_08.06.2023\SOLAR CLEANER
#        G3\iar\release\obj\drivers\fsl_smc.o"
#        "F:\PROJECTS\GANGES\2023\27.07.2023\PHASE 3\Solar Cleaner & Track
#        Changer\CODE_G3_SC_08.06.2023\SOLAR CLEANER
#        G3\iar\release\obj\utilities\fsl_str.o"
#        "F:\PROJECTS\GANGES\2023\27.07.2023\PHASE 3\Solar Cleaner & Track
#        Changer\CODE_G3_SC_08.06.2023\SOLAR CLEANER
#        G3\iar\release\obj\drivers\fsl_uart.o"
#        "F:\PROJECTS\GANGES\2023\27.07.2023\PHASE 3\Solar Cleaner & Track
#        Changer\CODE_G3_SC_08.06.2023\SOLAR CLEANER
#        G3\iar\release\obj\drivers\fsl_vref.o"
#        "F:\PROJECTS\GANGES\2023\27.07.2023\PHASE 3\Solar Cleaner & Track
#        Changer\CODE_G3_SC_08.06.2023\SOLAR CLEANER
#        G3\iar\release\obj\drivers\fsl_wdog.o"
#        "F:\PROJECTS\GANGES\2023\27.07.2023\PHASE 3\Solar Cleaner & Track
#        Changer\CODE_G3_SC_08.06.2023\SOLAR CLEANER
#        G3\iar\release\obj\source\Communication\ConfigUart\ConfigUart API
#        Process\JSON Parser\fun_json.o"
#        "F:\PROJECTS\GANGES\2023\27.07.2023\PHASE 3\Solar Cleaner & Track
#        Changer\CODE_G3_SC_08.06.2023\SOLAR CLEANER
#        G3\iar\release\obj\source\I2C\i2c_init.o"
#        "F:\PROJECTS\GANGES\2023\27.07.2023\PHASE 3\Solar Cleaner & Track
#        Changer\CODE_G3_SC_08.06.2023\SOLAR CLEANER
#        G3\iar\release\obj\source\Communication\ConfigUart\ConfigUart API
#        Process\JSON Parser\json.o" "F:\PROJECTS\GANGES\2023\27.07.2023\PHASE
#        3\Solar Cleaner & Track Changer\CODE_G3_SC_08.06.2023\SOLAR CLEANER
#        G3\iar\release\obj\source\LED\LED1\Led1.o"
#        "F:\PROJECTS\GANGES\2023\27.07.2023\PHASE 3\Solar Cleaner & Track
#        Changer\CODE_G3_SC_08.06.2023\SOLAR CLEANER
#        G3\iar\release\obj\source\LED\LED2\Led2.o"
#        "F:\PROJECTS\GANGES\2023\27.07.2023\PHASE 3\Solar Cleaner & Track
#        Changer\CODE_G3_SC_08.06.2023\SOLAR CLEANER
#        G3\iar\release\obj\source\LED\LED3\Led3.o"
#        "F:\PROJECTS\GANGES\2023\27.07.2023\PHASE 3\Solar Cleaner & Track
#        Changer\CODE_G3_SC_08.06.2023\SOLAR CLEANER
#        G3\iar\release\obj\source\LED\LedCommon.o"
#        "F:\PROJECTS\GANGES\2023\27.07.2023\PHASE 3\Solar Cleaner & Track
#        Changer\CODE_G3_SC_08.06.2023\SOLAR CLEANER
#        G3\iar\release\obj\source\OTHER\LPTimer\LPTimer.o"
#        "F:\PROJECTS\GANGES\2023\27.07.2023\PHASE 3\Solar Cleaner & Track
#        Changer\CODE_G3_SC_08.06.2023\SOLAR CLEANER
#        G3\iar\release\obj\source\LTC4015\LTC4015.o"
#        "F:\PROJECTS\GANGES\2023\27.07.2023\PHASE 3\Solar Cleaner & Track
#        Changer\CODE_G3_SC_08.06.2023\SOLAR CLEANER
#        G3\iar\release\obj\source\LTC4015\LTC4015_main.o"
#        "F:\PROJECTS\GANGES\2023\27.07.2023\PHASE 3\Solar Cleaner & Track
#        Changer\CODE_G3_SC_08.06.2023\SOLAR CLEANER
#        G3\iar\release\obj\source\RobotOperation\FaultProcess\OverCurrentFault\Mot1CurrentFault.o"
#        "F:\PROJECTS\GANGES\2023\27.07.2023\PHASE 3\Solar Cleaner & Track
#        Changer\CODE_G3_SC_08.06.2023\SOLAR CLEANER
#        G3\iar\release\obj\source\RobotOperation\FaultProcess\OverCurrentFault\Mot2CurrentFault.o"
#        "F:\PROJECTS\GANGES\2023\27.07.2023\PHASE 3\Solar Cleaner & Track
#        Changer\CODE_G3_SC_08.06.2023\SOLAR CLEANER
#        G3\iar\release\obj\source\RobotOperation\FaultProcess\OverCurrentFault\Mot3CurrentFault.o"
#        "F:\PROJECTS\GANGES\2023\27.07.2023\PHASE 3\Solar Cleaner & Track
#        Changer\CODE_G3_SC_08.06.2023\SOLAR CLEANER
#        G3\iar\release\obj\source\RobotOperation\FaultProcess\OverCurrentFault\MotCurrentFaultCommon.o"
#        "F:\PROJECTS\GANGES\2023\27.07.2023\PHASE 3\Solar Cleaner & Track
#        Changer\CODE_G3_SC_08.06.2023\SOLAR CLEANER
#        G3\iar\release\obj\source\MotorControl\Motor1\Motor1Control.o"
#        "F:\PROJECTS\GANGES\2023\27.07.2023\PHASE 3\Solar Cleaner & Track
#        Changer\CODE_G3_SC_08.06.2023\SOLAR CLEANER
#        G3\iar\release\obj\source\MotorControl\Motor1\Motor1Control_hal.o"
#        "F:\PROJECTS\GANGES\2023\27.07.2023\PHASE 3\Solar Cleaner & Track
#        Changer\CODE_G3_SC_08.06.2023\SOLAR CLEANER
#        G3\iar\release\obj\source\MotorControl\Motor2\Motor2Control.o"
#        "F:\PROJECTS\GANGES\2023\27.07.2023\PHASE 3\Solar Cleaner & Track
#        Changer\CODE_G3_SC_08.06.2023\SOLAR CLEANER
#        G3\iar\release\obj\source\MotorControl\Motor2\Motor2Control_hal.o"
#        "F:\PROJECTS\GANGES\2023\27.07.2023\PHASE 3\Solar Cleaner & Track
#        Changer\CODE_G3_SC_08.06.2023\SOLAR CLEANER
#        G3\iar\release\obj\source\OTHER\NumStrConversion.o"
#        "F:\PROJECTS\GANGES\2023\27.07.2023\PHASE 3\Solar Cleaner & Track
#        Changer\CODE_G3_SC_08.06.2023\SOLAR CLEANER
#        G3\iar\release\obj\board\pin_mux.o"
#        "F:\PROJECTS\GANGES\2023\27.07.2023\PHASE 3\Solar Cleaner & Track
#        Changer\CODE_G3_SC_08.06.2023\SOLAR CLEANER
#        G3\iar\release\obj\source\PortInterrupt\PortInterrupt.o"
#        "F:\PROJECTS\GANGES\2023\27.07.2023\PHASE 3\Solar Cleaner & Track
#        Changer\CODE_G3_SC_08.06.2023\SOLAR CLEANER
#        G3\iar\release\obj\source\MotorControl\Motor1\Pwm1\Pwm1.o"
#        "F:\PROJECTS\GANGES\2023\27.07.2023\PHASE 3\Solar Cleaner & Track
#        Changer\CODE_G3_SC_08.06.2023\SOLAR CLEANER
#        G3\iar\release\obj\source\MotorControl\Motor2\Pwm2\Pwm2.o"
#        "F:\PROJECTS\GANGES\2023\27.07.2023\PHASE 3\Solar Cleaner & Track
#        Changer\CODE_G3_SC_08.06.2023\SOLAR CLEANER
#        G3\iar\release\obj\source\SPI\PwmDriveSpi.o"
#        "F:\PROJECTS\GANGES\2023\27.07.2023\PHASE 3\Solar Cleaner & Track
#        Changer\CODE_G3_SC_08.06.2023\SOLAR CLEANER
#        G3\iar\release\obj\source\Relay\Relay.o"
#        "F:\PROJECTS\GANGES\2023\27.07.2023\PHASE 3\Solar Cleaner & Track
#        Changer\CODE_G3_SC_08.06.2023\SOLAR CLEANER
#        G3\iar\release\obj\source\RobotControl\RobotControl.o"
#        "F:\PROJECTS\GANGES\2023\27.07.2023\PHASE 3\Solar Cleaner & Track
#        Changer\CODE_G3_SC_08.06.2023\SOLAR CLEANER
#        G3\iar\release\obj\source\RobotMain.o"
#        "F:\PROJECTS\GANGES\2023\27.07.2023\PHASE 3\Solar Cleaner & Track
#        Changer\CODE_G3_SC_08.06.2023\SOLAR CLEANER
#        G3\iar\release\obj\source\RobotOperation\RobotOperation.o"
#        "F:\PROJECTS\GANGES\2023\27.07.2023\PHASE 3\Solar Cleaner & Track
#        Changer\CODE_G3_SC_08.06.2023\SOLAR CLEANER
#        G3\iar\release\obj\source\RotateSense\RotateSense1.o"
#        "F:\PROJECTS\GANGES\2023\27.07.2023\PHASE 3\Solar Cleaner & Track
#        Changer\CODE_G3_SC_08.06.2023\SOLAR CLEANER
#        G3\iar\release\obj\source\RotateSense\RotateSense2.o"
#        "F:\PROJECTS\GANGES\2023\27.07.2023\PHASE 3\Solar Cleaner & Track
#        Changer\CODE_G3_SC_08.06.2023\SOLAR CLEANER
#        G3\iar\release\obj\source\RotateSense\RotateSenseCommon.o"
#        "F:\PROJECTS\GANGES\2023\27.07.2023\PHASE 3\Solar Cleaner & Track
#        Changer\CODE_G3_SC_08.06.2023\SOLAR CLEANER
#        G3\iar\release\obj\source\RTC\Rtc.o"
#        "F:\PROJECTS\GANGES\2023\27.07.2023\PHASE 3\Solar Cleaner & Track
#        Changer\CODE_G3_SC_08.06.2023\SOLAR CLEANER
#        G3\iar\release\obj\source\SDFAT\SDcardoperation.o"
#        "F:\PROJECTS\GANGES\2023\27.07.2023\PHASE 3\Solar Cleaner & Track
#        Changer\CODE_G3_SC_08.06.2023\SOLAR CLEANER
#        G3\iar\release\obj\source\DEBUG\serial_debug.o"
#        "F:\PROJECTS\GANGES\2023\27.07.2023\PHASE 3\Solar Cleaner & Track
#        Changer\CODE_G3_SC_08.06.2023\SOLAR CLEANER
#        G3\iar\release\obj\source\SPI\spi.o"
#        "F:\PROJECTS\GANGES\2023\27.07.2023\PHASE 3\Solar Cleaner & Track
#        Changer\CODE_G3_SC_08.06.2023\SOLAR CLEANER
#        G3\iar\release\obj\startup\startup_MK22FA12.o"
#        "F:\PROJECTS\GANGES\2023\27.07.2023\PHASE 3\Solar Cleaner & Track
#        Changer\CODE_G3_SC_08.06.2023\SOLAR CLEANER
#        G3\iar\release\obj\source\LTC4015\store_soc.o"
#        "F:\PROJECTS\GANGES\2023\27.07.2023\PHASE 3\Solar Cleaner & Track
#        Changer\CODE_G3_SC_08.06.2023\SOLAR CLEANER
#        G3\iar\release\obj\source\SWITCH\switch.o"
#        "F:\PROJECTS\GANGES\2023\27.07.2023\PHASE 3\Solar Cleaner & Track
#        Changer\CODE_G3_SC_08.06.2023\SOLAR CLEANER
#        G3\iar\release\obj\startup\system_MK22FA12.o"
#        "F:\PROJECTS\GANGES\2023\27.07.2023\PHASE 3\Solar Cleaner & Track
#        Changer\CODE_G3_SC_08.06.2023\SOLAR CLEANER
#        G3\iar\release\obj\source\TEMP SENSOR\temp_sensors.o"
#        "F:\PROJECTS\GANGES\2023\27.07.2023\PHASE 3\Solar Cleaner & Track
#        Changer\CODE_G3_SC_08.06.2023\SOLAR CLEANER
#        G3\iar\release\obj\source\TempVariables.o"
#        "F:\PROJECTS\GANGES\2023\27.07.2023\PHASE 3\Solar Cleaner & Track
#        Changer\CODE_G3_SC_08.06.2023\SOLAR CLEANER
#        G3\iar\release\obj\source\EEPROM\usr_flash.o"
#        "F:\PROJECTS\GANGES\2023\27.07.2023\PHASE 3\Solar Cleaner & Track
#        Changer\CODE_G3_SC_08.06.2023\SOLAR CLEANER
#        G3\iar\release\obj\source\API Processing\ValuesValidate.o"
#        "F:\PROJECTS\GANGES\2023\27.07.2023\PHASE 3\Solar Cleaner & Track
#        Changer\CODE_G3_SC_08.06.2023\SOLAR CLEANER
#        G3\iar\release\obj\source\OTHER\VBatREG\VBatReg.o"
#        "F:\PROJECTS\GANGES\2023\27.07.2023\PHASE 3\Solar Cleaner & Track
#        Changer\CODE_G3_SC_08.06.2023\SOLAR CLEANER
#        G3\iar\release\obj\source\OTHER\WDTimer\WDTimer.o"
#        "F:\PROJECTS\GANGES\2023\27.07.2023\PHASE 3\Solar Cleaner & Track
#        Changer\CODE_G3_SC_08.06.2023\SOLAR CLEANER
#        G3\ZigbeeAPILibrary\XbeeZigbeeAPI.a"
#        "F:\PROJECTS\GANGES\2023\27.07.2023\PHASE 3\Solar Cleaner & Track
#        Changer\CODE_G3_SC_08.06.2023\SOLAR CLEANER
#        G3\iar\release\obj\source\Communication\ZigbeeAPIMode\ZigbeeAPIMode.o"
#        "F:\PROJECTS\GANGES\2023\27.07.2023\PHASE 3\Solar Cleaner & Track
#        Changer\CODE_G3_SC_08.06.2023\SOLAR CLEANER
#        G3\iar\release\obj\source\Communication\ZigbeeUart\ZigbeeUart.o"
#        --redirect _Printf=_PrintfSmallNoMb --redirect _Scanf=_ScanfSmallNoMb
#        --no_out_extension -o "F:\PROJECTS\GANGES\2023\27.07.2023\PHASE
#        3\Solar Cleaner & Track Changer\CODE_G3_SC_08.06.2023\SOLAR CLEANER
#        G3\iar\buildoutput\Solar_Robot_Board_Test1.out" --map
#        "F:\PROJECTS\GANGES\2023\27.07.2023\PHASE 3\Solar Cleaner & Track
#        Changer\CODE_G3_SC_08.06.2023\SOLAR CLEANER
#        G3\iar\release\list\Solar_Robot_Board_Test1.map" --config "C:\Program
#        Files\IAR Systems\Embedded Workbench
#        9.0\arm\config\linker\NXP\MK22xN1M_12.icf" --entry __iar_program_start
#        --inline --vfe --text_out locale)
#
###############################################################################

*******************************************************************************
*** RUNTIME MODEL ATTRIBUTES
***

CppFlavor                     = *
__CPP_Exceptions              = Disabled
__CPP_Language                = C++14
__CPP_Library                 = *
__CPP_Runtime                 = 1
__Heap_Handler                = DLMalloc
__SystemLibrary               = DLib
__dlib_dynamic_initialization = normal
__dlib_version                = 6


*******************************************************************************
*** HEAP SELECTION
***

The advanced heap was selected because the application calls memory
allocation functions outside of system library functions, and there
are calls to deallocation functions in the application.


*******************************************************************************
*** PLACEMENT SUMMARY
***

"A0":  place at address 0x0 { ro section .intvec };
"P1":  place in [from 0x400 to 0x40f] { section FlashConfig };
"P2":  place in [from 0x0 to 0x3ff] |
                [from 0x410 to 0xf'ffff] { ro };
define block CSTACK with size = 8K, alignment = 8 { };
define block HEAP with size = 16K, alignment = 8 { };
"P3":  place in [from 0x1fff'0000 to 0x1fff'ffff repeat 2] {
          rw, block CSTACK, block HEAP };
initialize by copy { rw };

  Section                Kind         Address      Size  Object
  -------                ----         -------      ----  ------
"A0":                                             0x400
  .intvec                ro code          0x0     0x400  startup_MK22FA12.o [50]
                                      - 0x400     0x400

"P1":                                              0x10
  FlashConfig            ro code        0x400      0x10  startup_MK22FA12.o [50]
                                      - 0x410      0x10

"P2":                                          0x1'eee9
  .text                  ro code        0x410    0x66cc  APIProcessing.o [5]
  .text                  ro code       0x6adc      0x62  serial_debug.o [13]
  .text                  ro code       0x6b3e      0x1a  xsnprout.o [53]
  .text                  ro code       0x6b58     0x470  RobotOperation.o [40]
  .text                  ro code       0x6fc8     0x330  NumStrConversion.o [31]
  .text                  ro code       0x72f8      0x90  iar_Stolx.o [53]
  .text                  ro code       0x7388     0x170  ValuesValidate.o [5]
  .text                  ro code       0x74f8      0xd8  MotCurrentFaultCommon.o [44]
  .text                  ro code       0x75d0    0x16ec  eepromStore.o [16]
  .text                  ro code       0x8cbc     0x194  CycleMode.o [42]
  .text                  ro code       0x8e50     0x698  FaultProcess.o [43]
  .text                  ro code       0x94e8      0x78  RotateSenseCommon.o [45]
  .text                  ro code       0x9560      0xa6  ABImemcpy.o [56]
  .rodata                const         0x9606       0x2  xlocale_c.o [53]
  .text                  ro code       0x9608      0x44  snprintf.o [53]
  .text                  ro code       0x964c     0x4b0  BrushControl.o [39]
  .text                  ro code       0x9afc      0xd6  BrushMotorControl_hal.o [25]
  .rodata                const         0x9bd2       0x2  xlocale_c.o [53]
  .text                  ro code       0x9bd4      0xdc  AutoSchedule.o [41]
  .text                  ro code       0x9cb0      0x72  EdgeSenseCommon.o [17]
  .text                  ro code       0x9d22       0x2  startup_MK22FA12.o [50]
  .text                  ro code       0x9d24     0x14c  iar_Stoulx.o [53]
  .text                  ro code       0x9e70     0x334  Rtc.o [36]
  .text                  ro code       0xa1a4     0x388  DefaultValues.o [15]
  .text                  ro code       0xa52c      0x36  strlen.o [56]
  .text                  ro code       0xa562       0x2  startup_MK22FA12.o [50]
  .text                  ro code       0xa564     0x274  strto32.o [55]
  .text                  ro code       0xa7d8     0x118  CommCommon.o [6]
  .text                  ro code       0xa8f0     0xf30  RobotControl.o [38]
  .text                  ro code       0xb820      0x1e  math_wrappers64.o [55]
  .text                  ro code       0xb83e       0x2  startup_MK22FA12.o [50]
  .text                  ro code       0xb840      0x68  DblToFlt.o [55]
  .text                  ro code       0xb8a8     0x658  ZigbeeAPIMode.o [11]
  .text                  ro code       0xbf00     0xacc  LTC4015_main.o [24]
  .text                  ro code       0xc9cc      0x1e  strcat.o [53]
  .text                  ro code       0xc9ea       0x2  startup_MK22FA12.o [50]
  .text                  ro code       0xc9ec      0xba  EdgeSense2.o [17]
  .text                  ro code       0xcaa6       0x2  startup_MK22FA12.o [50]
  .text                  ro code       0xcaa8      0xba  EdgeSense1.o [17]
  .text                  ro code       0xcb62       0x2  startup_MK22FA12.o [50]
  .text                  ro code       0xcb64     0x106  RotateSense2.o [45]
  .text                  ro code       0xcc6a       0x2  startup_MK22FA12.o [50]
  .text                  ro code       0xcc6c     0x126  RotateSense1.o [45]
  .text                  ro code       0xcd92       0x2  startup_MK22FA12.o [50]
  .text                  ro code       0xcd94      0x46  switch.o [48]
  .text                  ro code       0xcdda       0x2  startup_MK22FA12.o [50]
  .text                  ro code       0xcddc     0x40c  adc.o [4]
  .text                  ro code       0xd1e8       0x6  ABImemclr4.o [56]
  .rodata                const         0xd1ee       0x1  xlocale_c.o [53]
  .text                  ro code       0xd1f0      0x14  temp_sensors.o [49]
  .text                  ro code       0xd204     0x1b8  EventLogger.o [18]
  .text                  ro code       0xd3bc     0x2c8  ConfigAPIProcess.o [8]
  .text                  ro code       0xd684     0x1b2  iar_Stoullx.o [53]
  .text                  ro code       0xd838       0x6  ABImemclr.o [56]
  .text                  ro code       0xd840     0xd64  SDcardoperation.o [46]
  .text                  ro code       0xe5a4    0x11a8  ff.o [46]
  .text                  ro code       0xf74c      0x18  strcpy.o [56]
  .text                  ro code       0xf764      0x36  DblToS32.o [55]
  .text                  ro code       0xf79c     0x1d0  DebugUart.o [10]
  .text                  ro code       0xf96c     0x132  Relay.o [37]
  .text                  ro code       0xfaa0      0x66  ABImemset.o [56]
  .text                  ro code       0xfb08      0x22  S32ToDbl.o [55]
  .text                  ro code       0xfb2c      0x48  FltToDbl.o [55]
  .text                  ro code       0xfb74     0x1aa  DblMul.o [55]
  .text                  ro code       0xfd1e      0x14  isspace.o [53]
  .text                  ro code       0xfd34     0x124  Mot1CurrentFault.o [44]
  .text                  ro code       0xfe58     0x120  Mot2CurrentFault.o [44]
  .text                  ro code       0xff78     0x120  Mot3CurrentFault.o [44]
  .text                  ro code     0x1'0098     0x1e8  EepromMain.o [16]
  .text                  ro code     0x1'0280     0x501  xprintfsmall_nomb.o [53]
  .text                  ro code     0x1'0784     0x130  BrushMotorControl.o [25]
  .text                  ro code     0x1'08b4     0x18c  BrushPwm.o [26]
  .text                  ro code     0x1'0a40      0xc4  fsl_gpio.o [2]
  .text                  ro code     0x1'0b04      0x14  tolower.o [53]
  .text                  ro code     0x1'0b18      0x58  memchr.o [56]
  .text                  ro code     0x1'0b70     0x3a8  fsl_rtc.o [2]
  .text                  ro code     0x1'0f18      0x10  VBatReg.o [33]
  .text                  ro code     0x1'0f28      0xd6  Motor1Control_hal.o [27]
  .text                  ro code     0x1'1000      0xea  Motor2Control_hal.o [29]
  .text                  ro code     0x1'10ec      0x48  frexpf.o [55]
  .text                  ro code     0x1'1134      0xc4  ldexpf.o [55]
  .text                  ro code     0x1'11f8     0x122  iar_Stopfx.o [53]
  .text                  ro code     0x1'131c     0x1b8  iar_Stoflt.o [53]
  .text                  ro code     0x1'14d4     0x208  iar_Stoxflt.o [53]
  .text                  ro code     0x1'16dc     0x25c  ConfigUart.o [7]
  .text                  ro code     0x1'1938     0x140  Motor1Control.o [27]
  .text                  ro code     0x1'1a78     0x140  Motor2Control.o [29]
  .text                  ro code     0x1'1bb8     0x35c  strto64.o [55]
  .text                  ro code     0x1'1f14     0x644  pow64.o [55]
  .text                  ro code     0x1'2558     0x308  ZigbeeAPI.o [52]
  .text                  ro code     0x1'2860     0x266  ZigbeeUart.o [12]
  .text                  ro code     0x1'2ac8     0x2c2  bat_i2c.o [24]
  .text                  ro code     0x1'2d8c      0xcc  LTC4015.o [24]
  .text                  ro code     0x1'2e58      0x40  delay.o [14]
  .text                  ro code     0x1'2e98     0x100  store_soc.o [24]
  .text                  ro code     0x1'2f98      0x84  PortInterrupt.o [35]
  .text                  ro code     0x1'301c      0x1c  U32ToDbl.o [55]
  .text                  ro code     0x1'3038     0x246  DblDiv.o [55]
  .text                  ro code     0x1'3280      0x18  fsl_assert.o [51]
  .text                  ro code     0x1'3298      0xbc  fsl_vref.o [2]
  .text                  ro code     0x1'3354     0x24c  fsl_adc16.o [2]
  .text                  ro code     0x1'35a0     0x230  I64DivMod.o [56]
  .text                  ro code     0x1'37d0      0x48  U64ToFlt.o [55]
  .text                  ro code     0x1'3818     0x25e  DblAddSub.o [55]
  .text                  ro code     0x1'3a78      0x32  ABImemset48.o [56]
  .text                  ro code     0x1'3aac     0x374  EventLoggerFlash.o [18]
  .text                  ro code     0x1'3e20      0x70  strncpy.o [56]
  .text                  ro code     0x1'3e90     0x220  json.o [9]
  .text                  ro code     0x1'40b0     0x146  spi.o [47]
  .text                  ro code     0x1'41f8      0xa4  WDTimer.o [34]
  .text                  ro code     0x1'429c      0x2c  strstr.o [53]
  .text                  ro code     0x1'42c8     0x688  diskio.o [46]
  .text                  ro code     0x1'4950     0x42c  fsl_uart.o [2]
  .text                  ro code     0x1'4d7c     0x5a0  fsl_clock.o [2]
  .text                  ro code     0x1'531c      0x4c  xlocale_c.o [53]
  .text                  ro code     0x1'5368      0x40  eepromStdtoHalDriver.o [16]
  .text                  ro code     0x1'53a8     0x35c  eeprom.o [16]
  .text                  ro code     0x1'5704      0x16  strchr.o [56]
  .text                  ro code     0x1'571c      0x40  xfail_s.o [53]
  .text                  ro code     0x1'575c     0x570  fsl_ftm.o [2]
  .text                  ro code     0x1'5ccc      0x62  round.o [55]
  .text                  ro code     0x1'5d30     0x180  Pwm1.o [28]
  .text                  ro code     0x1'5eb0     0x17c  Pwm2.o [30]
  .text                  ro code     0x1'602c      0x14  isalpha.o [53]
  .text                  ro code     0x1'6040      0x70  frexp.o [55]
  .text                  ro code     0x1'60b0     0x13a  ldexp.o [55]
  .text                  ro code     0x1'61ec      0x20  DblCmpEq.o [55]
  .text                  ro code     0x1'620c      0x34  DblCmpLe.o [55]
  .text                  ro code     0x1'6240      0x34  DblCmpGe.o [55]
  .text                  ro code     0x1'6274     0x2d4  iar_Exp64.o [55]
  .text                  ro code     0x1'6548     0x4d8  XBeeZB.o [52]
  .text                  ro code     0x1'6a20       0xa  cxxabi.o [54]
  .text                  ro code     0x1'6a2c     0x910  XBee.o [52]
  .text                  ro code     0x1'733c      0x26  RemoteXBee.o [52]
  .text                  ro code     0x1'7364      0x4e  DigiLogger.o [52]
  .text                  ro code     0x1'73b4      0x8c  ZigbeeAPIHAL.o [52]
  .text                  ro code     0x1'7440      0x64  Timer.o [52]
  .text                  ro code     0x1'74a4      0x24  newop_0.o [54]
  .text                  ro code     0x1'74c8      0x2e  DigiLoggerSerial.o [52]
  .text                  ro code     0x1'74f8      0xc8  RadioConfig.o [52]
  .text                  ro code     0x1'75c0     0x61c  fsl_i2c.o [2]
  .text                  ro code     0x1'7bdc      0x60  fsl_debug_console.o [51]
  .text                  ro code     0x1'7c3c       0x2  I64DivZer.o [56]
  .text                  ro code     0x1'7c40     0x2bc  usr_flash.o [16]
  .text                  ro code     0x1'7efc     0x364  fun_json.o [9]
  .text                  ro code     0x1'8260      0x28  strncmp.o [53]
  .text                  ro code     0x1'8288      0xe4  fsl_wdog.o [2]
  .text                  ro code     0x1'836c      0xec  LPTimer.o [32]
  .text                  ro code     0x1'8458       0x6  abort.o [53]
  .text                  ro code     0x1'8460     0x18e  AtCommands.o [52]
  .text                  ro code     0x1'85ee      0x48  Utils.o [52]
  .text                  ro code     0x1'8636      0x6a  ZigbeeFrames.o [52]
  .text                  ro code     0x1'86a0     0x11c  ApiFrame.o [52]
  .text                  ro code     0x1'87bc      0x8a  FH_RxPacketZB.o [52]
  .text                  ro code     0x1'8848       0x6  FH_IoDataSampleZB.o [52]
  .text                  ro code     0x1'8850      0xa0  cppinit.o [53]
  .text                  ro code     0x1'88f0     0x1ac  FrameBuffer.o [52]
  .text                  ro code     0x1'8a9c       0xe  RawSerial.o [52]
  .text                  ro code     0x1'8aac      0x3c  vsnprint.o [53]
  .text                  ro code     0x1'8ae8       0x4  nomemory.o [54]
  .text                  ro code     0x1'8aec    0x14d4  dlmalloc.o [53]
  .text                  ro code     0x1'9fc0      0x16  ZigbeeApi_serial_debug.o [52]
  .text                  ro code     0x1'9fd8     0x254  fsl_str.o [51]
  .text                  ro code     0x1'a22c      0x4c  fsl_log.o [51]
  .text                  ro code     0x1'a278     0x5bc  fsl_flash.o [2]
  .text                  ro code     0x1'a834      0xdc  fsl_lptmr.o [2]
  .text                  ro code     0x1'a910      0x36  LedCommon.o [20]
  .text                  ro code     0x1'a948     0x150  i2c_init.o [19]
  .text                  ro code     0x1'aa98     0x6b4  RobotMain.o [3]
  .text                  ro code     0x1'b14c       0xc  XXexit.o [56]
  .text                  ro code     0x1'b158     0x168  AtCmdFrame.o [52]
  .text                  ro code     0x1'b2c0       0x4  delaop_0.o [54]
  .text                  ro code     0x1'b2c4       0x4  newaop_0.o [54]
  .text                  ro code     0x1'b2c8       0x4  delop4_0.o [54]
  .text                  ro code     0x1'b2cc       0x4  FrameHandler.o [52]
  .text                  ro code     0x1'b2d0      0x2c  xgetmemchunk.o [53]
  .text                  ro code     0x1'b2fc      0x38  fsl_io.o [51]
  .text                  ro code     0x1'b334     0x1b6  Led1.o [21]
  .text                  ro code     0x1'b4ec     0x1c2  Led2.o [22]
  .text                  ro code     0x1'b6b0     0x1de  Led3.o [23]
  .text                  ro code     0x1'b890     0x222  pin_mux.o [1]
  .text                  ro code     0x1'bab4      0x7c  clock_config.o [1]
  .text                  ro code     0x1'bb30       0xa  delop_0.o [54]
  .text                  ro code     0x1'bb3a       0x4  heaptramp0.o [53]
  .rodata                const       0x1'bb40     0x420  pow64.o [55]
  .rodata                const       0x1'bf60     0x314  fsl_uart.o [2]
  .text                  ro code     0x1'c274     0x1f0  lz77_init.o [56]
  .rodata                const       0x1'c464     0x178  fsl_i2c.o [2]
  .rodata                const       0x1'c5dc     0x128  usr_flash.o [16]
  .rodata                const       0x1'c704     0x11c  APIProcessing.o [5]
  .rodata                const       0x1'c820     0x10c  APIProcessing.o [5]
  .rodata                const       0x1'c92c      0xec  ZigbeeAPIMode.o [11]
  .rodata                const       0x1'ca18      0xe0  APIProcessing.o [5]
  .rodata                const       0x1'caf8      0xd4  XBeeZB.o [52]
  .text                  ro code     0x1'cbcc      0xc8  fsl_dspi.o [2]
  .rodata                const       0x1'cc94      0xc4  fsl_adc16.o [2]
  .rodata                const       0x1'cd58      0xc4  fsl_lptmr.o [2]
  .rodata                const       0x1'ce1c      0xc0  fsl_dspi.o [2]
  .rodata                const       0x1'cedc      0xc0  fsl_gpio.o [2]
  .rodata                const       0x1'cf9c      0xc0  fsl_vref.o [2]
  .rodata                const       0x1'd05c      0xb4  APIProcessing.o [5]
  .rodata                const       0x1'd110      0xac  APIProcessing.o [5]
  .rodata                const       0x1'd1bc      0xa8  FrameBuffer.o [52]
  .rodata                const       0x1'd264      0xa4  APIProcessing.o [5]
  .rodata                const       0x1'd308      0xa0  ApiFrame.o [52]
  .rodata                const       0x1'd3a8      0xa0  AtCmdFrame.o [52]
  .rodata                const       0x1'd448      0x9c  APIProcessing.o [5]
  .rodata                const       0x1'd4e4      0x9c  EventLoggerFlash.o [18]
  .rodata                const       0x1'd580      0x9c  ZigbeeAPI.o [52]
  .rodata                const       0x1'd61c      0x98  LTC4015_main.o [24]
  .rodata                const       0x1'd6b4      0x98  XBee.o [52]
  .rodata                const       0x1'd74c      0x94  APIProcessing.o [5]
  .rodata                const       0x1'd7e0      0x8c  adc.o [4]
  .rodata                const       0x1'd86c      0x8c  EventLoggerFlash.o [18]
  .rodata                const       0x1'd8f8      0x8c  LPTimer.o [32]
  .rodata                const       0x1'd984      0x8c  pin_mux.o [1]
  .rodata                const       0x1'da10      0x88  APIProcessing.o [5]
  .rodata                const       0x1'da98      0x88  fsl_log.o [51]
  .rodata                const       0x1'db20      0x84  fsl_clock.o [2]
  .rodata                const       0x1'dba4      0x84  fsl_ftm.o [2]
  .rodata                const       0x1'dc28      0x84  fsl_rtc.o [2]
  .rodata                const       0x1'dcac      0x84  fsl_wdog.o [2]
  .rodata                const       0x1'dd30      0x80  APIProcessing.o [5]
  .rodata                const       0x1'ddb0      0x7c  LTC4015_main.o [24]
  .rodata                const       0x1'de2c      0x70  APIProcessing.o [5]
  .rodata                const       0x1'de9c      0x70  APIProcessing.o [5]
  .rodata                const       0x1'df0c      0x70  APIProcessing.o [5]
  .rodata                const       0x1'df7c      0x70  APIProcessing.o [5]
  .rodata                const       0x1'dfec      0x70  RobotMain.o [3]
  .rodata                const       0x1'e05c      0x64  XBeeZB.o [52]
  .rodata                const       0x1'e0c0      0x60  ZigbeeAPI.o [52]
  .rodata                const       0x1'e120      0x60  ZigbeeAPI.o [52]
  .rodata                const       0x1'e180      0x5c  Mot1CurrentFault.o [44]
  .rodata                const       0x1'e1dc      0x5c  Mot2CurrentFault.o [44]
  .rodata                const       0x1'e238      0x5c  Mot3CurrentFault.o [44]
  .rodata                const       0x1'e294      0x58  APIProcessing.o [5]
  .rodata                const       0x1'e2ec      0x58  RobotControl.o [38]
  .rodata                const       0x1'e344      0x50  iar_Stoulx.o [53]
  .rodata                const       0x1'e394      0x50  iar_Stoullx.o [53]
  .rodata                const       0x1'e3e4      0x4c  APIProcessing.o [5]
  .rodata                const       0x1'e430      0x4c  APIProcessing.o [5]
  .rodata                const       0x1'e47c      0x48  APIProcessing.o [5]
  .rodata                const       0x1'e4c4      0x48  ZigbeeAPIMode.o [11]
  .rodata                const       0x1'e50c      0x48  XBee.o [52]
  .rodata                const       0x1'e554      0x48  XBeeZB.o [52]
  .rodata                const       0x1'e59c      0x44  APIProcessing.o [5]
  .rodata                const       0x1'e5e0      0x48  strto64.o [55]
  .rodata                const       0x1'e628      0x44  XBeeZB.o [52]
  .rodata                const       0x1'e66c      0x3c  ZigbeeAPIMode.o [11]
  .rodata                const       0x1'e6a8      0x38  ZigbeeAPI.o [52]
  .text                  ro code     0x1'e6e0      0x38  zero_init3.o [56]
  .rodata                const       0x1'e718      0x34  APIProcessing.o [5]
  .rodata                const       0x1'e74c      0x34  APIProcessing.o [5]
  .rodata                const       0x1'e780      0x30  APIProcessing.o [5]
  .rodata                const       0x1'e7b0      0x30  json.o [9]
  .rodata                const       0x1'e7e0      0x30  XBee.o [52]
  .rodata                const       0x1'e810      0x30  XBee.o [52]
  .rodata                const       0x1'e840      0x30  XBeeZB.o [52]
  .rodata                const       0x1'e870      0x30  XBeeZB.o [52]
  .rodata                const       0x1'e8a0      0x2c  FaultProcess.o [43]
  .rodata                const       0x1'e8cc      0x2c  fsl_assert.o [51]
  .rodata                const       0x1'e8f8      0x2c  LTC4015_main.o [24]
  .rodata                const       0x1'e924      0x2c  XBee.o [52]
  .rodata                const       0x1'e950      0x28  EventLoggerFlash.o [18]
  .rodata                const       0x1'e978      0x28  RobotMain.o [3]
  .rodata                const       0x1'e9a0      0x28  XBee.o [52]
  .rodata                const       0x1'e9c8      0x28  XBeeZB.o [52]
  .text                  ro code     0x1'e9f0      0x28  startup_MK22FA12.o [50]
  .text                  ro code     0x1'ea18      0x28  system_MK22FA12.o [50]
  .text                  ro code     0x1'ea40      0x28  data_init.o [56]
  .rodata                const       0x1'ea68      0x24  APIProcessing.o [5]
  .rodata                const       0x1'ea8c      0x24  APIProcessing.o [5]
  .rodata                const       0x1'eab0      0x24  APIProcessing.o [5]
  .rodata                const       0x1'ead4      0x24  APIProcessing.o [5]
  .rodata                const       0x1'eaf8      0x24  APIProcessing.o [5]
  .rodata                const       0x1'eb1c      0x24  APIProcessing.o [5]
  .rodata                const       0x1'eb40      0x24  APIProcessing.o [5]
  .rodata                const       0x1'eb64      0x24  BrushControl.o [39]
  .rodata                const       0x1'eb88      0x24  FaultProcess.o [43]
  .rodata                const       0x1'ebac      0x24  RobotMain.o [3]
  .rodata                const       0x1'ebd0      0x24  SDcardoperation.o [46]
  .rodata                const       0x1'ebf4      0x24  XBeeZB.o [52]
  .rodata                const       0x1'ec18      0x24  AtCommands.o [52]
  .text                  ro code     0x1'ec3c      0x22  fpinit_M.o [55]
  .iar.init_table        const       0x1'ec60      0x38  - Linker created -
  .text                  ro code     0x1'ec98      0x20  cmain_call_ctors.o [56]
  .text                  ro code     0x1'ecb8      0x1e  cmain.o [56]
  .text                  ro code     0x1'ecd6       0x4  exit.o [53]
  .text                  ro code     0x1'ecdc       0xe  cexit.o [56]
  .text                  ro code     0x1'ecec      0x1c  cstartup_M.o [56]
  .rodata                const       0x1'ed08      0x14  DigiLogger.o [52]
  .rodata                const       0x1'ed1c      0x14  DigiLoggerSerial.o [52]
  .rodata                const       0x1'ed30      0x14  FH_RxPacketZB.o [52]
  .text                  ro code     0x1'ed44       0x8  startup_MK22FA12.o [50]
  .text                  ro code     0x1'ed4c       0x8  startup_MK22FA12.o [50]
  .text                  ro code     0x1'ed54       0x8  startup_MK22FA12.o [50]
  .text                  ro code     0x1'ed5c       0x8  startup_MK22FA12.o [50]
  .text                  ro code     0x1'ed64       0x8  startup_MK22FA12.o [50]
  .text                  ro code     0x1'ed6c       0x8  startup_MK22FA12.o [50]
  .text                  ro code     0x1'ed74       0x8  startup_MK22FA12.o [50]
  .text                  ro code     0x1'ed7c       0x8  startup_MK22FA12.o [50]
  .text                  ro code     0x1'ed84       0x8  startup_MK22FA12.o [50]
  .text                  ro code     0x1'ed8c       0x8  startup_MK22FA12.o [50]
  .text                  ro code     0x1'ed94       0x8  startup_MK22FA12.o [50]
  .text                  ro code     0x1'ed9c       0x8  startup_MK22FA12.o [50]
  .text                  ro code     0x1'eda4       0x8  startup_MK22FA12.o [50]
  .text                  ro code     0x1'edac       0x8  startup_MK22FA12.o [50]
  .text                  ro code     0x1'edb4       0x8  startup_MK22FA12.o [50]
  .text                  ro code     0x1'edbc       0x8  startup_MK22FA12.o [50]
  .text                  ro code     0x1'edc4       0x8  startup_MK22FA12.o [50]
  .text                  ro code     0x1'edcc       0x8  startup_MK22FA12.o [50]
  .text                  ro code     0x1'edd4       0x8  startup_MK22FA12.o [50]
  .text                  ro code     0x1'eddc       0x8  startup_MK22FA12.o [50]
  .text                  ro code     0x1'ede4       0x8  startup_MK22FA12.o [50]
  .text                  ro code     0x1'edec       0x8  startup_MK22FA12.o [50]
  .text                  ro code     0x1'edf4       0x8  startup_MK22FA12.o [50]
  .text                  ro code     0x1'edfc       0x8  startup_MK22FA12.o [50]
  .text                  ro code     0x1'ee04       0x8  startup_MK22FA12.o [50]
  .text                  ro code     0x1'ee0c       0x8  startup_MK22FA12.o [50]
  .text                  ro code     0x1'ee14       0x8  startup_MK22FA12.o [50]
  .text                  ro code     0x1'ee1c       0x8  startup_MK22FA12.o [50]
  .text                  ro code     0x1'ee24       0x8  startup_MK22FA12.o [50]
  .text                  ro code     0x1'ee2c       0x8  startup_MK22FA12.o [50]
  .text                  ro code     0x1'ee34       0x8  startup_MK22FA12.o [50]
  .text                  ro code     0x1'ee3c       0x8  startup_MK22FA12.o [50]
  .text                  ro code     0x1'ee44       0x8  startup_MK22FA12.o [50]
  .text                  ro code     0x1'ee4c       0x8  startup_MK22FA12.o [50]
  .text                  ro code     0x1'ee54       0x8  startup_MK22FA12.o [50]
  .text                  ro code     0x1'ee5c       0x8  startup_MK22FA12.o [50]
  .text                  ro code     0x1'ee64       0x8  startup_MK22FA12.o [50]
  .text                  ro code     0x1'ee6c       0x8  startup_MK22FA12.o [50]
  .text                  ro code     0x1'ee74       0x8  startup_MK22FA12.o [50]
  .text                  ro code     0x1'ee7c       0x8  startup_MK22FA12.o [50]
  .text                  ro code     0x1'ee84       0x8  startup_MK22FA12.o [50]
  SHT$$PREINIT_ARRAY                 0x1'ee8c       0x0  <Block>
  SHT$$INIT_ARRAY                    0x1'ee8c       0x8  <Block>
    .init_array          const       0x1'ee8c       0x4  ZigbeeAPI.o [52]
    .init_array          const       0x1'ee90       0x4  XBee.o [52]
  __iar_tls$$INIT_ARRAY              0x1'ee94       0x0  <Block>
  .text                  ro code     0x1'ee94       0x4  startup_MK22FA12.o [50]
  .text                  ro code     0x1'ee98       0x0  cstart_call_dtors.o [56]
  .rodata                const       0x1'ee98       0x0  zero_init3.o [56]
  .rodata                const       0x1'ee98       0x0  lz77_init.o [56]
  Initializer bytes      const       0x1'ee98     0x461  <for P3 s0>
                                   - 0x1'f2f9  0x1'eee9

"P3", part 1 of 5:                                0xdf8
  P3 s0                           0x1fff'0000     0xdf8  <Init block>
    .data                inited   0x1fff'0000     0x500  APIProcessing.o [5]
    .data                inited   0x1fff'0500     0x268  SDcardoperation.o [46]
    .data                inited   0x1fff'0768     0x1e8  APIProcessing.o [5]
    .data                inited   0x1fff'0950     0x124  RobotMain.o [3]
    .data                inited   0x1fff'0a74      0x6c  APIProcessing.o [5]
    .data                inited   0x1fff'0ae0      0x5c  usr_flash.o [16]
    .data                inited   0x1fff'0b3c      0x54  Led1.o [21]
    .data                inited   0x1fff'0b90      0x54  Led3.o [23]
    .data                inited   0x1fff'0be4      0x48  xlocale_c.o [53]
    .data                inited   0x1fff'0c2c      0x44  Led2.o [22]
    .data                inited   0x1fff'0c70      0x44  RobotControl.o [38]
    .data                inited   0x1fff'0cb4      0x38  xlocale_c.o [53]
    .data                inited   0x1fff'0cec      0x28  BrushControl.o [39]
    .data                inited   0x1fff'0d14      0x24  adc.o [4]
    .data                inited   0x1fff'0d38      0x24  ZigbeeAPIMode.o [11]
    .data                inited   0x1fff'0d5c      0x1c  RobotOperation.o [40]
    .data                inited   0x1fff'0d78      0x18  ZigbeeUart.o [12]
    .data                inited   0x1fff'0d90      0x10  EventLoggerFlash.o [18]
    .data                inited   0x1fff'0da0      0x10  fsl_clock.o [2]
    .data                inited   0x1fff'0db0       0xc  BrushMotorControl.o [25]
    .data                inited   0x1fff'0dbc       0xc  Motor1Control.o [27]
    .data                inited   0x1fff'0dc8       0xc  Motor2Control.o [29]
    .data                inited   0x1fff'0dd4       0x8  Led2.o [22]
    .data                inited   0x1fff'0ddc       0x8  Relay.o [37]
    .data                inited   0x1fff'0de4       0x8  RobotMain.o [3]
    .data                inited   0x1fff'0dec       0x4  system_MK22FA12.o [50]
    .data                inited   0x1fff'0df0       0x2  diskio.o [46]
    .data                inited   0x1fff'0df2       0x2  Rtc.o [36]
    .data                inited   0x1fff'0df4       0x1  CommCommon.o [6]
    .data                inited   0x1fff'0df5       0x1  EdgeSenseCommon.o [17]
    .data                inited   0x1fff'0df6       0x1  RobotOperation.o [40]
    .data                inited   0x1fff'0df7       0x1  RotateSenseCommon.o [45]
                                - 0x1fff'0df8     0xdf8

"P3", part 2 of 5:                               0xcbec
  .bss                   zero     0x1fff'0df8    0x4e28  SDcardoperation.o [46]
  .bss                   zero     0x1fff'5c20    0x2914  ConfigUart.o [7]
  .bss                   zero     0x1fff'8534    0x2738  APIProcessing.o [5]
  .bss                   zero     0x1fff'ac6c    0x2710  ConfigAPIProcess.o [8]
  .bss                   zero     0x1fff'd37c     0x460  RobotOperation.o [40]
  .bss                   zero     0x1fff'd7dc     0x208  RobotMain.o [3]
                                - 0x1fff'd9e4    0xcbec

"P3", part 3 of 5:                               0x21a4
  .iar.dynexit                    0x1fff'd9e4     0x1a4  <Block>
    .iar.dynexit         uninit   0x1fff'd9e4       0xc  cppinit.o [53]
    .iar.dynexit         uninit   0x1fff'd9f0     0x198  <Block tail>
  CSTACK                          0x1fff'db88    0x2000  <Block>
    CSTACK               uninit   0x1fff'db88    0x2000  <Block tail>
                                - 0x1fff'fb88    0x21a4

"P3", part 4 of 5:                               0x18c4
  .bss                   zero     0x2000'0000     0x7e0  DebugUart.o [10]
  .bss                   zero     0x2000'07e0     0x3f8  ZigbeeUart.o [12]
  .bss                   zero     0x2000'0bd8     0x1d8  dlmalloc.o [53]
  .bss                   zero     0x2000'0db0     0x140  EventLogger.o [18]
  .bss                   zero     0x2000'0ef0      0xd0  DigiLogger.o [52]
  .bss                   zero     0x2000'0fc0      0xc8  APIProcessing.o [5]
  .bss                   zero     0x2000'1088      0x8c  FaultProcess.o [43]
  .bss                   zero     0x2000'1114      0x8c  fsl_flash.o [2]
  .bss                   zero     0x2000'11a0      0x6c  APIProcessing.o [5]
  .bss                   zero     0x2000'1210      0x60  ZigbeeAPI.o [52]
  .bss                   zero     0x2000'1270      0x58  ZigbeeAPIMode.o [11]
  .bss                   zero     0x2000'12c8      0x48  APIProcessing.o [5]
  .bss                   zero     0x2000'1310      0x40  AutoSchedule.o [41]
  .bss                   zero     0x2000'1350      0x38  bat_i2c.o [24]
  .bss                   zero     0x2000'1388      0x38  MotCurrentFaultCommon.o [44]
  .bss                   zero     0x2000'13c0      0x34  serial_debug.o [13]
  .bss                   zero     0x2000'13f4      0x2c  adc.o [4]
  .bss                   zero     0x2000'1420      0x2c  i2c_init.o [19]
  .bss                   zero     0x2000'144c      0x2c  RobotControl.o [38]
  .bss                   zero     0x2000'1478      0x2c  RobotControl.o [38]
  .bss                   zero     0x2000'14a4      0x2c  XBee.o [52]
  .bss                   zero     0x2000'14d0      0x24  APIProcessing.o [5]
  .bss                   zero     0x2000'14f4      0x24  APIProcessing.o [5]
  .bss                   zero     0x2000'1518      0x24  CycleMode.o [42]
  .bss                   zero     0x2000'153c      0x24  CycleMode.o [42]
  .bss                   zero     0x2000'1560      0x24  DefaultValues.o [15]
  .bss                   zero     0x2000'1584      0x24  RobotOperation.o [40]
  .bss                   zero     0x2000'15a8      0x24  RobotOperation.o [40]
  .bss                   zero     0x2000'15cc      0x20  MotCurrentFaultCommon.o [44]
  .bss                   zero     0x2000'15ec      0x1c  CommCommon.o [6]
  .bss                   zero     0x2000'1608      0x1c  fsl_uart.o [2]
  .bss                   zero     0x2000'1624      0x1c  RobotControl.o [38]
  .bss                   zero     0x2000'1640      0x1c  RobotControl.o [38]
  .bss                   zero     0x2000'165c      0x1c  ZigbeeAPIHAL.o [52]
  .bss                   zero     0x2000'1678      0x18  LTC4015_main.o [24]
  .bss                   zero     0x2000'1690      0x18  dlmalloc.o [53]
  .bss                   zero     0x2000'16a8      0x14  APIProcessing.o [5]
  .bss                   zero     0x2000'16bc      0x14  BrushControl.o [39]
  .bss                   zero     0x2000'16d0      0x14  fsl_i2c.o [2]
  .bss                   zero     0x2000'16e4      0x14  LTC4015.o [24]
  .bss                   zero     0x2000'16f8      0x14  RotateSense1.o [45]
  .bss                   zero     0x2000'170c      0x10  AutoSchedule.o [41]
  .bss                   zero     0x2000'171c      0x10  BrushControl.o [39]
  .bss                   zero     0x2000'172c      0x10  BrushControl.o [39]
  .bss                   zero     0x2000'173c      0x10  Mot1CurrentFault.o [44]
  .bss                   zero     0x2000'174c      0x10  Mot2CurrentFault.o [44]
  .bss                   zero     0x2000'175c      0x10  Mot3CurrentFault.o [44]
  .bss                   zero     0x2000'176c      0x10  MotCurrentFaultCommon.o [44]
  .bss                   zero     0x2000'177c      0x10  RotateSense2.o [45]
  .bss                   zero     0x2000'178c       0xc  fsl_dspi.o [2]
  .bss                   zero     0x2000'1798       0xc  fsl_dspi.o [2]
  .bss                   zero     0x2000'17a4       0xc  MotCurrentFaultCommon.o [44]
  .bss                   zero     0x2000'17b0       0xc  MotCurrentFaultCommon.o [44]
  .bss                   zero     0x2000'17bc       0xc  SDcardoperation.o [46]
  .bss                   zero     0x2000'17c8       0xc  SDcardoperation.o [46]
  .bss                   zero     0x2000'17d4       0xc  SDcardoperation.o [46]
  .bss                   zero     0x2000'17e0       0x8  APIProcessing.o [5]
  .bss                   zero     0x2000'17e8       0x8  delay.o [14]
  .bss                   zero     0x2000'17f0       0x8  EdgeSense1.o [17]
  .bss                   zero     0x2000'17f8       0x8  EdgeSense2.o [17]
  .bss                   zero     0x2000'1800       0x8  FaultProcess.o [43]
  .bss                   zero     0x2000'1808       0x8  ff.o [46]
  .bss                   zero     0x2000'1810       0x8  fsl_flash.o [2]
  .bss                   zero     0x2000'1818       0x8  fsl_io.o [51]
  .bss                   zero     0x2000'1820       0x8  Led1.o [21]
  .bss                   zero     0x2000'1828       0x8  Led3.o [23]
  .bss                   zero     0x2000'1830       0x8  LPTimer.o [32]
  .bss                   zero     0x2000'1838       0x8  MotCurrentFaultCommon.o [44]
  .bss                   zero     0x2000'1840       0x8  RobotControl.o [38]
  .bss                   zero     0x2000'1848       0x8  SDcardoperation.o [46]
  .bss                   zero     0x2000'1850       0x8  temp_sensors.o [49]
  .bss                   zero     0x2000'1858       0x6  spi.o [47]
  .bss                   zero     0x2000'185e       0x2  APIProcessing.o [5]
  .bss                   zero     0x2000'1860       0x4  APIProcessing.o [5]
  .bss                   zero     0x2000'1864       0x4  APIProcessing.o [5]
  .bss                   zero     0x2000'1868       0x4  APIProcessing.o [5]
  .bss                   zero     0x2000'186c       0x4  ConfigUart.o [7]
  .bss                   zero     0x2000'1870       0x4  eeprom.o [16]
  .bss                   zero     0x2000'1874       0x4  eepromStore.o [16]
  .bss                   zero     0x2000'1878       0x4  eepromStore.o [16]
  .bss                   zero     0x2000'187c       0x4  i2c_init.o [19]
  .bss                   zero     0x2000'1880       0x4  MotCurrentFaultCommon.o [44]
  .bss                   zero     0x2000'1884       0x4  MotCurrentFaultCommon.o [44]
  .bss                   zero     0x2000'1888       0x4  MotCurrentFaultCommon.o [44]
  .bss                   zero     0x2000'188c       0x4  RobotMain.o [3]
  .bss                   zero     0x2000'1890       0x4  store_soc.o [24]
  .bss                   zero     0x2000'1894       0x4  WDTimer.o [34]
  .bss                   zero     0x2000'1898       0x4  Timer.o [52]
  .bss                   zero     0x2000'189c       0x4  cppinit.o [53]
  .bss                   zero     0x2000'18a0       0x4  cppinit.o [53]
  .bss                   zero     0x2000'18a4       0x4  new.o [54]
  .bss                   zero     0x2000'18a8       0x4  xfail_s.o [53]
  .bss                   zero     0x2000'18ac       0x4  xgetmemchunk.o [53]
  .bss                   zero     0x2000'18b0       0x2  APIProcessing.o [5]
  .bss                   zero     0x2000'18b2       0x2  BrushPwm.o [26]
  .bss                   zero     0x2000'18b4       0x2  EventLogger.o [18]
  .bss                   zero     0x2000'18b6       0x2  Pwm1.o [28]
  .bss                   zero     0x2000'18b8       0x2  Pwm2.o [30]
  .bss                   zero     0x2000'18ba       0x1  AutoSchedule.o [41]
  .bss                   zero     0x2000'18bb       0x1  BrushMotorControl_hal.o [25]
  .bss                   zero     0x2000'18bc       0x1  CycleMode.o [42]
  .bss                   zero     0x2000'18bd       0x1  CycleMode.o [42]
  .bss                   zero     0x2000'18be       0x1  Motor1Control_hal.o [27]
  .bss                   zero     0x2000'18bf       0x1  Motor2Control_hal.o [29]
  .bss                   zero     0x2000'18c0       0x1  RobotOperation.o [40]
  .bss                   zero     0x2000'18c1       0x1  Rtc.o [36]
  .bss                   zero     0x2000'18c2       0x1  switch.o [48]
  .bss                   zero     0x2000'18c3       0x1  ApiFrame.o [52]
                                - 0x2000'18c4    0x18c4

"P3", part 5 of 5:                               0x4000
  HEAP                            0x2000'18c8    0x4000  <Block>
    HEAP                 uninit   0x2000'18c8    0x4000  <Block tail>
                                - 0x2000'58c8    0x4000

Unused ranges:

         From           To      Size
         ----           --      ----
     0x1'f2f9     0xf'ffff  0xe'0d07
  0x1fff'fb88  0x1fff'ffff     0x478
  0x2000'18c4  0x2000'18c7       0x4
  0x2000'58c8  0x2000'ffff    0xa738


*******************************************************************************
*** INIT TABLE
***

          Address      Size
          -------      ----
Zero (__iar_zero_init3)
    2 destination ranges, total size 0xe4b0:
          0x1fff'0df8  0xcbec
          0x2000'0000  0x18c4

Copy/lz77 (__iar_lz77_init3)
    1 source range, total size 0x461 (31% of destination):
             0x1'ee98   0x461
    1 destination range, total size 0xdf8:
          0x1fff'0000   0xdf8

Extra (__iar_cstart_call_ctors)



*******************************************************************************
*** MODULE SUMMARY
***

    Module                    ro code  ro data  rw data
    ------                    -------  -------  -------
command line/config:
    ---------------------------------------------------
    Total:

F:\PROJECTS\GANGES\2023\27.07.2023\PHASE 3\Solar Cleaner & Track Changer\CODE_G3_SC_08.06.2023\SOLAR CLEANER G3\iar\release\obj\board: [1]
    clock_config.o                124
    pin_mux.o                     546      140
    ---------------------------------------------------
    Total:                        670      140

F:\PROJECTS\GANGES\2023\27.07.2023\PHASE 3\Solar Cleaner & Track Changer\CODE_G3_SC_08.06.2023\SOLAR CLEANER G3\iar\release\obj\drivers: [2]
    fsl_adc16.o                   588      196
    fsl_clock.o                 1'440      137       16
    fsl_dspi.o                    200      192       24
    fsl_flash.o                 1'468               148
    fsl_ftm.o                   1'392      132
    fsl_gpio.o                    196      192
    fsl_i2c.o                   1'564      376       20
    fsl_lptmr.o                   220      196
    fsl_rtc.o                     936      132
    fsl_uart.o                  1'068      788       28
    fsl_vref.o                    188      192
    fsl_wdog.o                    228      132
    ---------------------------------------------------
    Total:                      9'488    2'665      236

F:\PROJECTS\GANGES\2023\27.07.2023\PHASE 3\Solar Cleaner & Track Changer\CODE_G3_SC_08.06.2023\SOLAR CLEANER G3\iar\release\obj\source: [3]
    RobotMain.o                 1'716      282      824
    ---------------------------------------------------
    Total:                      1'716      282      824

F:\PROJECTS\GANGES\2023\27.07.2023\PHASE 3\Solar Cleaner & Track Changer\CODE_G3_SC_08.06.2023\SOLAR CLEANER G3\iar\release\obj\source\ADC: [4]
    adc.o                       1'036      151       80
    ---------------------------------------------------
    Total:                      1'036      151       80

F:\PROJECTS\GANGES\2023\27.07.2023\PHASE 3\Solar Cleaner & Track Changer\CODE_G3_SC_08.06.2023\SOLAR CLEANER G3\iar\release\obj\source\API Processing: [5]
    APIProcessing.o            26'316    3'680   12'412
    ValuesValidate.o              368
    ---------------------------------------------------
    Total:                     26'684    3'680   12'412

F:\PROJECTS\GANGES\2023\27.07.2023\PHASE 3\Solar Cleaner & Track Changer\CODE_G3_SC_08.06.2023\SOLAR CLEANER G3\iar\release\obj\source\Communication: [6]
    CommCommon.o                  280        1       29
    ---------------------------------------------------
    Total:                        280        1       29

F:\PROJECTS\GANGES\2023\27.07.2023\PHASE 3\Solar Cleaner & Track Changer\CODE_G3_SC_08.06.2023\SOLAR CLEANER G3\iar\release\obj\source\Communication\ConfigUart: [7]
    ConfigUart.o                  604            10'520
    ---------------------------------------------------
    Total:                        604            10'520

F:\PROJECTS\GANGES\2023\27.07.2023\PHASE 3\Solar Cleaner & Track Changer\CODE_G3_SC_08.06.2023\SOLAR CLEANER G3\iar\release\obj\source\Communication\ConfigUart\ConfigUart API Process: [8]
    ConfigAPIProcess.o            712            10'000
    ---------------------------------------------------
    Total:                        712            10'000

F:\PROJECTS\GANGES\2023\27.07.2023\PHASE 3\Solar Cleaner & Track Changer\CODE_G3_SC_08.06.2023\SOLAR CLEANER G3\iar\release\obj\source\Communication\ConfigUart\ConfigUart API Process\JSON Parser: [9]
    fun_json.o                    868
    json.o                        544       48
    ---------------------------------------------------
    Total:                      1'412       48

F:\PROJECTS\GANGES\2023\27.07.2023\PHASE 3\Solar Cleaner & Track Changer\CODE_G3_SC_08.06.2023\SOLAR CLEANER G3\iar\release\obj\source\Communication\DebugUart: [10]
    DebugUart.o                   464             2'016
    ---------------------------------------------------
    Total:                        464             2'016

F:\PROJECTS\GANGES\2023\27.07.2023\PHASE 3\Solar Cleaner & Track Changer\CODE_G3_SC_08.06.2023\SOLAR CLEANER G3\iar\release\obj\source\Communication\ZigbeeAPIMode: [11]
    ZigbeeAPIMode.o             1'624      380      124
    ---------------------------------------------------
    Total:                      1'624      380      124

F:\PROJECTS\GANGES\2023\27.07.2023\PHASE 3\Solar Cleaner & Track Changer\CODE_G3_SC_08.06.2023\SOLAR CLEANER G3\iar\release\obj\source\Communication\ZigbeeUart: [12]
    ZigbeeUart.o                  614        8    1'040
    ---------------------------------------------------
    Total:                        614        8    1'040

F:\PROJECTS\GANGES\2023\27.07.2023\PHASE 3\Solar Cleaner & Track Changer\CODE_G3_SC_08.06.2023\SOLAR CLEANER G3\iar\release\obj\source\DEBUG: [13]
    serial_debug.o                 98                52
    ---------------------------------------------------
    Total:                         98                52

F:\PROJECTS\GANGES\2023\27.07.2023\PHASE 3\Solar Cleaner & Track Changer\CODE_G3_SC_08.06.2023\SOLAR CLEANER G3\iar\release\obj\source\DELAY: [14]
    delay.o                        64                 8
    ---------------------------------------------------
    Total:                         64                 8

F:\PROJECTS\GANGES\2023\27.07.2023\PHASE 3\Solar Cleaner & Track Changer\CODE_G3_SC_08.06.2023\SOLAR CLEANER G3\iar\release\obj\source\DefaultValues: [15]
    DefaultValues.o               904                36
    ---------------------------------------------------
    Total:                        904                36

F:\PROJECTS\GANGES\2023\27.07.2023\PHASE 3\Solar Cleaner & Track Changer\CODE_G3_SC_08.06.2023\SOLAR CLEANER G3\iar\release\obj\source\EEPROM: [16]
    EepromMain.o                  488
    eeprom.o                      860                 4
    eepromStdtoHalDriver.o         64
    eepromStore.o               5'868                 8
    usr_flash.o                   700      325       92
    ---------------------------------------------------
    Total:                      7'980      325      104

F:\PROJECTS\GANGES\2023\27.07.2023\PHASE 3\Solar Cleaner & Track Changer\CODE_G3_SC_08.06.2023\SOLAR CLEANER G3\iar\release\obj\source\EdgeSensor: [17]
    EdgeSense1.o                  186                 8
    EdgeSense2.o                  186                 8
    EdgeSenseCommon.o             114                 1
    ---------------------------------------------------
    Total:                        486                17

F:\PROJECTS\GANGES\2023\27.07.2023\PHASE 3\Solar Cleaner & Track Changer\CODE_G3_SC_08.06.2023\SOLAR CLEANER G3\iar\release\obj\source\EventLogger: [18]
    EventLogger.o                 440               322
    EventLoggerFlash.o            884      341       16
    ---------------------------------------------------
    Total:                      1'324      341      338

F:\PROJECTS\GANGES\2023\27.07.2023\PHASE 3\Solar Cleaner & Track Changer\CODE_G3_SC_08.06.2023\SOLAR CLEANER G3\iar\release\obj\source\I2C: [19]
    i2c_init.o                    336                48
    ---------------------------------------------------
    Total:                        336                48

F:\PROJECTS\GANGES\2023\27.07.2023\PHASE 3\Solar Cleaner & Track Changer\CODE_G3_SC_08.06.2023\SOLAR CLEANER G3\iar\release\obj\source\LED: [20]
    LedCommon.o                    54
    ---------------------------------------------------
    Total:                         54

F:\PROJECTS\GANGES\2023\27.07.2023\PHASE 3\Solar Cleaner & Track Changer\CODE_G3_SC_08.06.2023\SOLAR CLEANER G3\iar\release\obj\source\LED\LED1: [21]
    Led1.o                        438       26       92
    ---------------------------------------------------
    Total:                        438       26       92

F:\PROJECTS\GANGES\2023\27.07.2023\PHASE 3\Solar Cleaner & Track Changer\CODE_G3_SC_08.06.2023\SOLAR CLEANER G3\iar\release\obj\source\LED\LED2: [22]
    Led2.o                        450       25       76
    ---------------------------------------------------
    Total:                        450       25       76

F:\PROJECTS\GANGES\2023\27.07.2023\PHASE 3\Solar Cleaner & Track Changer\CODE_G3_SC_08.06.2023\SOLAR CLEANER G3\iar\release\obj\source\LED\LED3: [23]
    Led3.o                        478       27       92
    ---------------------------------------------------
    Total:                        478       27       92

F:\PROJECTS\GANGES\2023\27.07.2023\PHASE 3\Solar Cleaner & Track Changer\CODE_G3_SC_08.06.2023\SOLAR CLEANER G3\iar\release\obj\source\LTC4015: [24]
    LTC4015.o                     204                20
    LTC4015_main.o              2'764      320       24
    bat_i2c.o                     706                56
    store_soc.o                   256                 4
    ---------------------------------------------------
    Total:                      3'930      320      104

F:\PROJECTS\GANGES\2023\27.07.2023\PHASE 3\Solar Cleaner & Track Changer\CODE_G3_SC_08.06.2023\SOLAR CLEANER G3\iar\release\obj\source\MotorControl\BrushMotor: [25]
    BrushMotorControl.o           304        4       12
    BrushMotorControl_hal.o       214                 1
    ---------------------------------------------------
    Total:                        518        4       13

F:\PROJECTS\GANGES\2023\27.07.2023\PHASE 3\Solar Cleaner & Track Changer\CODE_G3_SC_08.06.2023\SOLAR CLEANER G3\iar\release\obj\source\MotorControl\BrushMotor\BrushPwm: [26]
    BrushPwm.o                    396                 2
    ---------------------------------------------------
    Total:                        396                 2

F:\PROJECTS\GANGES\2023\27.07.2023\PHASE 3\Solar Cleaner & Track Changer\CODE_G3_SC_08.06.2023\SOLAR CLEANER G3\iar\release\obj\source\MotorControl\Motor1: [27]
    Motor1Control.o               320        3       12
    Motor1Control_hal.o           214                 1
    ---------------------------------------------------
    Total:                        534        3       13

F:\PROJECTS\GANGES\2023\27.07.2023\PHASE 3\Solar Cleaner & Track Changer\CODE_G3_SC_08.06.2023\SOLAR CLEANER G3\iar\release\obj\source\MotorControl\Motor1\Pwm1: [28]
    Pwm1.o                        384                 2
    ---------------------------------------------------
    Total:                        384                 2

F:\PROJECTS\GANGES\2023\27.07.2023\PHASE 3\Solar Cleaner & Track Changer\CODE_G3_SC_08.06.2023\SOLAR CLEANER G3\iar\release\obj\source\MotorControl\Motor2: [29]
    Motor2Control.o               320        4       12
    Motor2Control_hal.o           234                 1
    ---------------------------------------------------
    Total:                        554        4       13

F:\PROJECTS\GANGES\2023\27.07.2023\PHASE 3\Solar Cleaner & Track Changer\CODE_G3_SC_08.06.2023\SOLAR CLEANER G3\iar\release\obj\source\MotorControl\Motor2\Pwm2: [30]
    Pwm2.o                        380                 2
    ---------------------------------------------------
    Total:                        380                 2

F:\PROJECTS\GANGES\2023\27.07.2023\PHASE 3\Solar Cleaner & Track Changer\CODE_G3_SC_08.06.2023\SOLAR CLEANER G3\iar\release\obj\source\OTHER: [31]
    NumStrConversion.o            816
    ---------------------------------------------------
    Total:                        816

F:\PROJECTS\GANGES\2023\27.07.2023\PHASE 3\Solar Cleaner & Track Changer\CODE_G3_SC_08.06.2023\SOLAR CLEANER G3\iar\release\obj\source\OTHER\LPTimer: [32]
    LPTimer.o                     236      140        8
    ---------------------------------------------------
    Total:                        236      140        8

F:\PROJECTS\GANGES\2023\27.07.2023\PHASE 3\Solar Cleaner & Track Changer\CODE_G3_SC_08.06.2023\SOLAR CLEANER G3\iar\release\obj\source\OTHER\VBatREG: [33]
    VBatReg.o                      16
    ---------------------------------------------------
    Total:                         16

F:\PROJECTS\GANGES\2023\27.07.2023\PHASE 3\Solar Cleaner & Track Changer\CODE_G3_SC_08.06.2023\SOLAR CLEANER G3\iar\release\obj\source\OTHER\WDTimer: [34]
    WDTimer.o                     164                 4
    ---------------------------------------------------
    Total:                        164                 4

F:\PROJECTS\GANGES\2023\27.07.2023\PHASE 3\Solar Cleaner & Track Changer\CODE_G3_SC_08.06.2023\SOLAR CLEANER G3\iar\release\obj\source\PortInterrupt: [35]
    PortInterrupt.o               132
    ---------------------------------------------------
    Total:                        132

F:\PROJECTS\GANGES\2023\27.07.2023\PHASE 3\Solar Cleaner & Track Changer\CODE_G3_SC_08.06.2023\SOLAR CLEANER G3\iar\release\obj\source\RTC: [36]
    Rtc.o                         820                 3
    ---------------------------------------------------
    Total:                        820                 3

F:\PROJECTS\GANGES\2023\27.07.2023\PHASE 3\Solar Cleaner & Track Changer\CODE_G3_SC_08.06.2023\SOLAR CLEANER G3\iar\release\obj\source\Relay: [37]
    Relay.o                       306        2        8
    ---------------------------------------------------
    Total:                        306        2        8

F:\PROJECTS\GANGES\2023\27.07.2023\PHASE 3\Solar Cleaner & Track Changer\CODE_G3_SC_08.06.2023\SOLAR CLEANER G3\iar\release\obj\source\RobotControl: [38]
    RobotControl.o              3'888      109      220
    ---------------------------------------------------
    Total:                      3'888      109      220

F:\PROJECTS\GANGES\2023\27.07.2023\PHASE 3\Solar Cleaner & Track Changer\CODE_G3_SC_08.06.2023\SOLAR CLEANER G3\iar\release\obj\source\RobotControl\BrushControl: [39]
    BrushControl.o              1'200       49       92
    ---------------------------------------------------
    Total:                      1'200       49       92

F:\PROJECTS\GANGES\2023\27.07.2023\PHASE 3\Solar Cleaner & Track Changer\CODE_G3_SC_08.06.2023\SOLAR CLEANER G3\iar\release\obj\source\RobotOperation: [40]
    RobotOperation.o            1'136        8    1'222
    ---------------------------------------------------
    Total:                      1'136        8    1'222

F:\PROJECTS\GANGES\2023\27.07.2023\PHASE 3\Solar Cleaner & Track Changer\CODE_G3_SC_08.06.2023\SOLAR CLEANER G3\iar\release\obj\source\RobotOperation\AutoSchedule: [41]
    AutoSchedule.o                220                81
    ---------------------------------------------------
    Total:                        220                81

F:\PROJECTS\GANGES\2023\27.07.2023\PHASE 3\Solar Cleaner & Track Changer\CODE_G3_SC_08.06.2023\SOLAR CLEANER G3\iar\release\obj\source\RobotOperation\CycleMode: [42]
    CycleMode.o                   404                74
    ---------------------------------------------------
    Total:                        404                74

F:\PROJECTS\GANGES\2023\27.07.2023\PHASE 3\Solar Cleaner & Track Changer\CODE_G3_SC_08.06.2023\SOLAR CLEANER G3\iar\release\obj\source\RobotOperation\FaultProcess: [43]
    FaultProcess.o              1'688       80      148
    ---------------------------------------------------
    Total:                      1'688       80      148

F:\PROJECTS\GANGES\2023\27.07.2023\PHASE 3\Solar Cleaner & Track Changer\CODE_G3_SC_08.06.2023\SOLAR CLEANER G3\iar\release\obj\source\RobotOperation\FaultProcess\OverCurrentFault: [44]
    Mot1CurrentFault.o            292       92       16
    Mot2CurrentFault.o            288       92       16
    Mot3CurrentFault.o            288       92       16
    MotCurrentFaultCommon.o       216               148
    ---------------------------------------------------
    Total:                      1'084      276      196

F:\PROJECTS\GANGES\2023\27.07.2023\PHASE 3\Solar Cleaner & Track Changer\CODE_G3_SC_08.06.2023\SOLAR CLEANER G3\iar\release\obj\source\RotateSense: [45]
    RotateSense1.o                294                20
    RotateSense2.o                262                16
    RotateSenseCommon.o           120        1        1
    ---------------------------------------------------
    Total:                        676        1       37

F:\PROJECTS\GANGES\2023\27.07.2023\PHASE 3\Solar Cleaner & Track Changer\CODE_G3_SC_08.06.2023\SOLAR CLEANER G3\iar\release\obj\source\SDFAT: [46]
    SDcardoperation.o           3'428      229   20'668
    diskio.o                    1'672        1        2
    ff.o                        4'520                 8
    ---------------------------------------------------
    Total:                      9'620      230   20'678

F:\PROJECTS\GANGES\2023\27.07.2023\PHASE 3\Solar Cleaner & Track Changer\CODE_G3_SC_08.06.2023\SOLAR CLEANER G3\iar\release\obj\source\SPI: [47]
    spi.o                         326                 6
    ---------------------------------------------------
    Total:                        326                 6

F:\PROJECTS\GANGES\2023\27.07.2023\PHASE 3\Solar Cleaner & Track Changer\CODE_G3_SC_08.06.2023\SOLAR CLEANER G3\iar\release\obj\source\SWITCH: [48]
    switch.o                       70                 1
    ---------------------------------------------------
    Total:                         70                 1

F:\PROJECTS\GANGES\2023\27.07.2023\PHASE 3\Solar Cleaner & Track Changer\CODE_G3_SC_08.06.2023\SOLAR CLEANER G3\iar\release\obj\source\TEMP SENSOR: [49]
    temp_sensors.o                 20                 8
    ---------------------------------------------------
    Total:                         20                 8

F:\PROJECTS\GANGES\2023\27.07.2023\PHASE 3\Solar Cleaner & Track Changer\CODE_G3_SC_08.06.2023\SOLAR CLEANER G3\iar\release\obj\startup: [50]
    startup_MK22FA12.o          1'430
    system_MK22FA12.o              40        1        4
    ---------------------------------------------------
    Total:                      1'470        1        4

F:\PROJECTS\GANGES\2023\27.07.2023\PHASE 3\Solar Cleaner & Track Changer\CODE_G3_SC_08.06.2023\SOLAR CLEANER G3\iar\release\obj\utilities: [51]
    fsl_assert.o                   24       44
    fsl_debug_console.o            96
    fsl_io.o                       56                 8
    fsl_log.o                      76      136
    fsl_str.o                     596
    ---------------------------------------------------
    Total:                        848      180        8

XbeeZigbeeAPI.a: [52]
    ApiFrame.o                    284      160        1
    AtCmdFrame.o                  360      160
    AtCommands.o                  398       36
    DigiLogger.o                   78       20      208
    DigiLoggerSerial.o             46       20
    FH_IoDataSampleZB.o             6
    FH_RxPacketZB.o               138       20
    FrameBuffer.o                 428      168
    FrameHandler.o                  4
    RadioConfig.o                 200
    RawSerial.o                    14
    RemoteXBee.o                   38
[...]
operator new (unsigned int)
                           0x1'74a5    0x24  Code  Gb  newop_0.o [54]
operator new[] (unsigned int)
                           0x1'b2c5     0x4  Code  Gb  newaop_0.o [54]
oscConfig_BOARD_BootClockRUN
                           0x1'bb28     0x8  Data  Gb  clock_config.o [1]
pauseDelayTimeOver      0x1fff'0d5e     0x1  Data  Lc  RobotOperation.o [40]
pauseDelay_timecount    0x1fff'0d6c     0x4  Data  Lc  RobotOperation.o [40]
pauseState              0x1fff'0d60     0x1  Data  Lc  RobotOperation.o [40]
pflashBlockBase         0x1fff'0af4     0x4  Data  Gb  usr_flash.o [16]
pflashSectorSize        0x1fff'0afc     0x4  Data  Gb  usr_flash.o [16]
pflashTotalSize         0x1fff'0af8     0x4  Data  Gb  usr_flash.o [16]
pos                     0x1fff'0aa0     0x4  Data  Gb  APIProcessing.o [5]
posdistance             0x1fff'0798     0x4  Data  Gb  APIProcessing.o [5]
posdistance_int         0x1fff'07c0     0x4  Data  Gb  APIProcessing.o [5]
pow                        0x1'1f15   0x644  Code  Gb  pow64.o [55]
powl                       0x1'1f15   0x644  Code  Gb  pow64.o [55]
pows                         0xa7c0    0x18  Data  Lc  strto32.o [55]
pows                       0x1'e5e0    0x48  Data  Lc  strto64.o [55]
presentJsonCommandParams
                        0x2000'1860     0x4  Data  Lc  APIProcessing.o [5]
prevCycleModeState      0x1fff'0d62     0x1  Data  Gb  RobotOperation.o [40]
prevPauseState          0x1fff'0d64     0x1  Data  Gb  RobotOperation.o [40]
prevRobotCommand        0x1fff'0d61     0x1  Data  Gb  RobotOperation.o [40]
prevRotateSense1Count   0x1fff'0d70     0x4  Data  Gb  RobotOperation.o [40]
prevRotateSense2Count   0x1fff'0d74     0x4  Data  Gb  RobotOperation.o [40]
prevSOCPercent          0x2000'1684     0x4  Data  Lc  LTC4015_main.o [24]
prev_rotateCount        0x2000'1708     0x4  Data  Gb  RotateSense1.o [45]
pulse_flag              0x1fff'07b0     0x4  Data  Gb  APIProcessing.o [5]
put_fat                      0xe79b    0xfa  Code  Gb  ff.o [46]
pv_curr                 0x1fff'09bc     0x4  Data  Gb  RobotMain.o [3]
pv_curr_arr             0x1fff'0a38     0xc  Data  Gb  RobotMain.o [3]
pv_power                0x1fff'09c0     0x4  Data  Gb  RobotMain.o [3]
pv_power_arr            0x1fff'0a44     0xc  Data  Gb  RobotMain.o [3]
pv_vol                  0x1fff'09b8     0x4  Data  Gb  RobotMain.o [3]
pv_vol_arr              0x1fff'0a2c     0xc  Data  Gb  RobotMain.o [3]
pv_work_status          0x1fff'09d0     0x4  Data  Gb  RobotMain.o [3]
pwm1Ch1DutyCycle        0x2000'18b2     0x1  Data  Lc  BrushPwm.o [26]
pwm1Ch1DutyCycle        0x2000'18b6     0x1  Data  Lc  Pwm1.o [28]
pwm1Ch2DutyCycle        0x2000'18b3     0x1  Data  Lc  BrushPwm.o [26]
pwm1Ch2DutyCycle        0x2000'18b7     0x1  Data  Lc  Pwm1.o [28]
pwm1ChangeValue         0x1fff'0c7c     0x4  Data  Lc  RobotControl.o [38]
pwm2Ch1DutyCycle        0x2000'18b8     0x1  Data  Lc  Pwm2.o [30]
pwm2Ch2DutyCycle        0x2000'18b9     0x1  Data  Lc  Pwm2.o [30]
pwm2ChangeValue         0x1fff'0c80     0x4  Data  Lc  RobotControl.o [38]
pwmChangeValue          0x1fff'0d08     0x4  Data  Lc  BrushControl.o [39]
pwm_ChangeTimeCount     0x1fff'0d10     0x4  Data  Lc  BrushControl.o [39]
pwm_ChangeTimeCount     0x1fff'0c8c     0x4  Data  Lc  RobotControl.o [38]
pxFile                  0x1fff'0764     0x4  Data  Gb  SDcardoperation.o [46]
rcvr_datablock             0x1'42f5    0x4a  Code  Lc  diskio.o [46]
receivedMACAddr         0x2000'17e0     0x8  Data  Gb  APIProcessing.o [5]
relayOpState            0x1fff'0ddc     0x1  Data  Lc  Relay.o [37]
relayStatus             0x1fff'0ddd     0x1  Data  Lc  Relay.o [37]
relayTargetStatus       0x1fff'0dde     0x1  Data  Lc  Relay.o [37]
relayTimeOver           0x1fff'0ddf     0x1  Data  Lc  Relay.o [37]
relay_timecount         0x1fff'0de0     0x4  Data  Lc  Relay.o [37]
remove_chain                 0xe895    0x5e  Code  Lc  ff.o [46]
resumeBit               0x2000'18c0     0x1  Data  Gb  RobotOperation.o [40]
rmemcpy(unsigned char *, unsigned char const *, unsigned short)
                           0x1'85ef    0x18  Code  Gb  Utils.o [52]
robotCommand            0x1fff'0d5d     0x1  Data  Lc  RobotOperation.o [40]
robotState              0x1fff'0c71     0x1  Data  Lc  RobotControl.o [38]
rotateCount             0x2000'16fc     0x4  Data  Lc  RotateSense1.o [45]
rotateCount             0x2000'1780     0x4  Data  Lc  RotateSense2.o [45]
rotateSense1TimeOver    0x2000'16f8     0x1  Data  Lc  RotateSense1.o [45]
rotateSense1_timecount  0x2000'1704     0x4  Data  Lc  RotateSense1.o [45]
rotateSense2TimeOver    0x2000'177c     0x1  Data  Lc  RotateSense2.o [45]
rotateSense2_timecount  0x2000'1788     0x4  Data  Lc  RotateSense2.o [45]
rotatesense_error_code  0x2000'18b1     0x1  Data  Gb  APIProcessing.o [5]
round                      0x1'5cdd          Code  Gb  round.o [55]
roundl                     0x1'5cdd          Code  Gb  round.o [55]
rowLengthData           0x1fff'd37c   0x460  Data  Gb  RobotOperation.o [40]
rtcSecondsUpdatedFlag   0x2000'18c1     0x1  Data  Lc  Rtc.o [36]
rxDataBuffer            0x1fff'd7f0   0x1f4  Data  Gb  RobotMain.o [3]
s_adc16Clocks              0x1'3598     0x8  Data  Lc  fsl_adc16.o [2]
s_debugConsoleIO        0x2000'1818     0x8  Data  Lc  fsl_io.o [51]
s_dspiMasterIsr         0x2000'179c     0x4  Data  Lc  fsl_dspi.o [2]
s_dspiSlaveIsr          0x2000'17a0     0x4  Data  Lc  fsl_dspi.o [2]
s_dummyData             0x2000'1798     0x4  Data  Gb  fsl_dspi.o [2]
s_fastIrcFreq           0x1fff'0da4     0x4  Data  Lc  fsl_clock.o [2]
s_flashCommonBitOperation
                        0x2000'1160    0x40  Data  Lc  fsl_flash.o [2]
s_flashCommonBitOperationFunctionCode
                           0x1'a7f8    0x1c  Data  Lc  fsl_flash.o [2]
s_flashDriver           0x1fff'0b00    0x34  Data  Lc  usr_flash.o [16]
s_flashExecuteInRamFunctionInfo
                        0x2000'1114     0xc  Data  Lc  fsl_flash.o [2]
s_flashRunCommand       0x2000'1120    0x40  Data  Lc  fsl_flash.o [2]
s_flashRunCommandFunctionCode
                           0x1'a7ec     0xc  Data  Lc  fsl_flash.o [2]
s_ftmClocks                0x1'5cbc    0x10  Data  Lc  fsl_ftm.o [2]
s_i2cClocks                0x1'7b4c     0xc  Data  Lc  fsl_i2c.o [2]
s_i2cDividerTable          0x1'c464    0x80  Data  Lc  fsl_i2c.o [2]
s_i2cHandle             0x2000'16d0     0xc  Data  Lc  fsl_i2c.o [2]
s_i2cIrqs                  0x1'7bd8     0x4  Data  Lc  fsl_i2c.o [2]
s_i2cMasterIsr          0x2000'16dc     0x4  Data  Lc  fsl_i2c.o [2]
s_i2cSlaveIsr           0x2000'16e0     0x4  Data  Lc  fsl_i2c.o [2]
s_lptmrClocks              0x1'a90c     0x4  Data  Lc  fsl_lptmr.o [2]
s_portBases                0x1'0af0    0x14  Data  Lc  fsl_gpio.o [2]
s_slowIrcFreq           0x1fff'0da0     0x4  Data  Lc  fsl_clock.o [2]
s_uartClock                0x1'4b94    0x18  Data  Lc  fsl_uart.o [2]
s_uartHandle            0x2000'1608    0x18  Data  Lc  fsl_uart.o [2]
s_uartIsr               0x2000'1620     0x4  Data  Lc  fsl_uart.o [2]
s_vrefClocks               0x1'3350     0x4  Data  Lc  fsl_vref.o [2]
scalbln                    0x1'60b1          Code  Gb  ldexp.o [55]
scalblnf                   0x1'1135          Code  Gb  ldexpf.o [55]
scalblnl                   0x1'60b1          Code  Gb  ldexp.o [55]
scalbn                     0x1'60b1          Code  Gb  ldexp.o [55]
scalbnf                    0x1'1135          Code  Gb  ldexpf.o [55]
scalbnl                    0x1'60b1          Code  Gb  ldexp.o [55]
scheduleTime            0x2000'1310    0x40  Data  Lc  AutoSchedule.o [41]
schedule_BYTE           0x1fff'0768     0x1  Data  Gb  APIProcessing.o [5]
schedule_int            0x2000'1714     0x4  Data  Gb  AutoSchedule.o [41]
schedule_log            0x2000'11a0    0x6c  Data  Gb  APIProcessing.o [5]
schedule_log_21         0x1fff'0850    0x6c  Data  Gb  APIProcessing.o [5]
sd_continue_read        0x1fff'0501     0x1  Data  Gb  SDcardoperation.o [46]
sec_hand                0x2000'18a8     0x4  Data  Lc  xfail_s.o [53]
sectorErasing              0x1'7d5f    0x58  Code  Gb  usr_flash.o [16]
securityStatus          0x1fff'0af0     0x4  Data  Gb  usr_flash.o [16]
segment_holding            0x1'8aed    0x1c  Code  Lc  dlmalloc.o [53]
send_cmd                   0x1'4387    0xa4  Code  Lc  diskio.o [46]
setBatMinSOC            0x2000'1801     0x1  Data  Lc  FaultProcess.o [43]
simConfig_BOARD_BootClockRUN
                           0x1'bb20     0x8  Data  Gb  clock_config.o [1]
smbalert                0x2000'1678     0x1  Data  Gb  LTC4015_main.o [24]
snprintf                     0x9609    0x44  Code  Gb  snprintf.o [53]
spidataread             0x2000'185b     0x1  Data  Gb  spi.o [47]
spidataread1            0x2000'185c     0x1  Data  Gb  spi.o [47]
st_clust                     0xeb25     0x8  Code  Lc  ff.o [46]
std::_NomemoryNothrow()
                           0x1'8ae9     0x4  Code  Gb  nomemory.o [54]
std::__iar_New_hand     0x2000'18a4     0x4  Data  Gb  new.o [54]
storeTime               0x2000'1890     0x4  Data  Gb  store_soc.o [24]
storedLastOpStatus      0x2000'1640    0x1c  Data  Lc  RobotControl.o [38]
strcat                       0xc9cd    0x1e  Code  Gb  strcat.o [53]
strchr                     0x1'5705          Code  Gb  strchr.o [56]
strcpy                       0xf74d          Code  Gb  strcpy.o [56]
strlen                       0xa52d          Code  Gb  strlen.o [56]
strncmp                    0x1'8261    0x28  Code  Gb  strncmp.o [53]
strncpy                    0x1'3e21          Code  Gb  strncpy.o [56]
strstr                     0x1'429d    0x2c  Code  Gb  strstr.o [53]
strtof                       0xa7b9     0x6  Code  Gb  strto32.o [55]
strtol                       0x7385     0x4  Code  Gb  iar_Stolx.o [53]
strtoull                     0xd831     0x2  Code  Gb  iar_Stoullx.o [53]
sum                     0x2000'1864     0x4  Data  Gb  APIProcessing.o [5]
switchState             0x2000'18c2     0x1  Data  Gb  switch.o [48]
sync_fs                      0xe64b    0x6a  Code  Lc  ff.o [46]
sync_window                  0xe5c9    0x4e  Code  Lc  ff.o [46]
timePwm                 0x1fff'0ca8     0x4  Data  Gb  RobotControl.o [38]
tolower                    0x1'0b05    0x14  Code  Gb  tolower.o [53]
track_no                0x1fff'0794     0x2  Data  Gb  APIProcessing.o [5]
txAckBuff               0x2000'0fc0    0xc8  Data  Lc  APIProcessing.o [5]
txBuff                  0x1fff'8534  0x2710  Data  Lc  APIProcessing.o [5]
txBuff                  0x1fff'ac6c  0x2710  Data  Lc  ConfigAPIProcess.o [8]
uartType                0x1fff'0df4     0x1  Data  Lc  CommCommon.o [6]
validate                     0xf115    0x2a  Code  Lc  ff.o [46]
vsnprintf                  0x1'8aad    0x3c  Code  Gb  vsnprint.o [53]
wait_ready                 0x1'42c9    0x2c  Code  Lc  diskio.o [46]
write_flash                0x1'7dd5    0x82  Code  Gb  usr_flash.o [16]
xbee                    0x2000'1210    0x60  Data  Gb  ZigbeeAPI.o [52]
xmit_datablock             0x1'433f    0x48  Code  Lc  diskio.o [46]
zigbeeConfigChangeFlag  0x1fff'0d39     0x1  Data  Lc  ZigbeeAPIMode.o [11]
zigbeeConfigValues      0x2000'1270    0x58  Data  Lc  ZigbeeAPIMode.o [11]
zigbeeInitStatus        0x1fff'0d3b     0x1  Data  Lc  ZigbeeAPIMode.o [11]
zigbeeNetworkResetFlag  0x1fff'0d3a     0x1  Data  Lc  ZigbeeAPIMode.o [11]
zigbeeRxDataReadInProgress
                        0x1fff'0d78     0x1  Data  Lc  ZigbeeUart.o [12]
zigbeeUartRx            0x2000'07e0   0x1fc  Data  Lc  ZigbeeUart.o [12]
zigbeeUartRxMacAddress  0x1fff'0d80     0x8  Data  Lc  ZigbeeUart.o [12]
zigbeeUartTx            0x2000'09dc   0x1fc  Data  Lc  ZigbeeUart.o [12]


[1] = F:\PROJECTS\GANGES\2023\27.07.2023\PHASE 3\Solar Cleaner & Track Changer\CODE_G3_SC_08.06.2023\SOLAR CLEANER G3\iar\release\obj\board
[2] = F:\PROJECTS\GANGES\2023\27.07.2023\PHASE 3\Solar Cleaner & Track Changer\CODE_G3_SC_08.06.2023\SOLAR CLEANER G3\iar\release\obj\drivers
[3] = F:\PROJECTS\GANGES\2023\27.07.2023\PHASE 3\Solar Cleaner & Track Changer\CODE_G3_SC_08.06.2023\SOLAR CLEANER G3\iar\release\obj\source
[4] = F:\PROJECTS\GANGES\2023\27.07.2023\PHASE 3\Solar Cleaner & Track Changer\CODE_G3_SC_08.06.2023\SOLAR CLEANER G3\iar\release\obj\source\ADC
[5] = F:\PROJECTS\GANGES\2023\27.07.2023\PHASE 3\Solar Cleaner & Track Changer\CODE_G3_SC_08.06.2023\SOLAR CLEANER G3\iar\release\obj\source\API Processing
[6] = F:\PROJECTS\GANGES\2023\27.07.2023\PHASE 3\Solar Cleaner & Track Changer\CODE_G3_SC_08.06.2023\SOLAR CLEANER G3\iar\release\obj\source\Communication
[7] = F:\PROJECTS\GANGES\2023\27.07.2023\PHASE 3\Solar Cleaner & Track Changer\CODE_G3_SC_08.06.2023\SOLAR CLEANER G3\iar\release\obj\source\Communication\ConfigUart
[8] = F:\PROJECTS\GANGES\2023\27.07.2023\PHASE 3\Solar Cleaner & Track Changer\CODE_G3_SC_08.06.2023\SOLAR CLEANER G3\iar\release\obj\source\Communication\ConfigUart\ConfigUart API Process
[9] = F:\PROJECTS\GANGES\2023\27.07.2023\PHASE 3\Solar Cleaner & Track Changer\CODE_G3_SC_08.06.2023\SOLAR CLEANER G3\iar\release\obj\source\Communication\ConfigUart\ConfigUart API Process\JSON Parser
[10] = F:\PROJECTS\GANGES\2023\27.07.2023\PHASE 3\Solar Cleaner & Track Changer\CODE_G3_SC_08.06.2023\SOLAR CLEANER G3\iar\release\obj\source\Communication\DebugUart
[11] = F:\PROJECTS\GANGES\2023\27.07.2023\PHASE 3\Solar Cleaner & Track Changer\CODE_G3_SC_08.06.2023\SOLAR CLEANER G3\iar\release\obj\source\Communication\ZigbeeAPIMode
[12] = F:\PROJECTS\GANGES\2023\27.07.2023\PHASE 3\Solar Cleaner & Track Changer\CODE_G3_SC_08.06.2023\SOLAR CLEANER G3\iar\release\obj\source\Communication\ZigbeeUart
[13] = F:\PROJECTS\GANGES\2023\27.07.2023\PHASE 3\Solar Cleaner & Track Changer\CODE_G3_SC_08.06.2023\SOLAR CLEANER G3\iar\release\obj\source\DEBUG
[14] = F:\PROJECTS\GANGES\2023\27.07.2023\PHASE 3\Solar Cleaner & Track Changer\CODE_G3_SC_08.06.2023\SOLAR CLEANER G3\iar\release\obj\source\DELAY
[15] = F:\PROJECTS\GANGES\2023\27.07.2023\PHASE 3\Solar Cleaner & Track Changer\CODE_G3_SC_08.06.2023\SOLAR CLEANER G3\iar\release\obj\source\DefaultValues
[16] = F:\PROJECTS\GANGES\2023\27.07.2023\PHASE 3\Solar Cleaner & Track Changer\CODE_G3_SC_08.06.2023\SOLAR CLEANER G3\iar\release\obj\source\EEPROM
[17] = F:\PROJECTS\GANGES\2023\27.07.2023\PHASE 3\Solar Cleaner & Track Changer\CODE_G3_SC_08.06.2023\SOLAR CLEANER G3\iar\release\obj\source\EdgeSensor
[18] = F:\PROJECTS\GANGES\2023\27.07.2023\PHASE 3\Solar Cleaner & Track Changer\CODE_G3_SC_08.06.2023\SOLAR CLEANER G3\iar\release\obj\source\EventLogger
[19] = F:\PROJECTS\GANGES\2023\27.07.2023\PHASE 3\Solar Cleaner & Track Changer\CODE_G3_SC_08.06.2023\SOLAR CLEANER G3\iar\release\obj\source\I2C
[20] = F:\PROJECTS\GANGES\2023\27.07.2023\PHASE 3\Solar Cleaner & Track Changer\CODE_G3_SC_08.06.2023\SOLAR CLEANER G3\iar\release\obj\source\LED
[21] = F:\PROJECTS\GANGES\2023\27.07.2023\PHASE 3\Solar Cleaner & Track Changer\CODE_G3_SC_08.06.2023\SOLAR CLEANER G3\iar\release\obj\source\LED\LED1
[22] = F:\PROJECTS\GANGES\2023\27.07.2023\PHASE 3\Solar Cleaner & Track Changer\CODE_G3_SC_08.06.2023\SOLAR CLEANER G3\iar\release\obj\source\LED\LED2
[23] = F:\PROJECTS\GANGES\2023\27.07.2023\PHASE 3\Solar Cleaner & Track Changer\CODE_G3_SC_08.06.2023\SOLAR CLEANER G3\iar\release\obj\source\LED\LED3
[24] = F:\PROJECTS\GANGES\2023\27.07.2023\PHASE 3\Solar Cleaner & Track Changer\CODE_G3_SC_08.06.2023\SOLAR CLEANER G3\iar\release\obj\source\LTC4015
[25] = F:\PROJECTS\GANGES\2023\27.07.2023\PHASE 3\Solar Cleaner & Track Changer\CODE_G3_SC_08.06.2023\SOLAR CLEANER G3\iar\release\obj\source\MotorControl\BrushMotor
[26] = F:\PROJECTS\GANGES\2023\27.07.2023\PHASE 3\Solar Cleaner & Track Changer\CODE_G3_SC_08.06.2023\SOLAR CLEANER G3\iar\release\obj\source\MotorControl\BrushMotor\BrushPwm
[27] = F:\PROJECTS\GANGES\2023\27.07.2023\PHASE 3\Solar Cleaner & Track Changer\CODE_G3_SC_08.06.2023\SOLAR CLEANER G3\iar\release\obj\source\MotorControl\Motor1
[28] = F:\PROJECTS\GANGES\2023\27.07.2023\PHASE 3\Solar Cleaner & Track Changer\CODE_G3_SC_08.06.2023\SOLAR CLEANER G3\iar\release\obj\source\MotorControl\Motor1\Pwm1
[29] = F:\PROJECTS\GANGES\2023\27.07.2023\PHASE 3\Solar Cleaner & Track Changer\CODE_G3_SC_08.06.2023\SOLAR CLEANER G3\iar\release\obj\source\MotorControl\Motor2
[30] = F:\PROJECTS\GANGES\2023\27.07.2023\PHASE 3\Solar Cleaner & Track Changer\CODE_G3_SC_08.06.2023\SOLAR CLEANER G3\iar\release\obj\source\MotorControl\Motor2\Pwm2
[31] = F:\PROJECTS\GANGES\2023\27.07.2023\PHASE 3\Solar Cleaner & Track Changer\CODE_G3_SC_08.06.2023\SOLAR CLEANER G3\iar\release\obj\source\OTHER
[32] = F:\PROJECTS\GANGES\2023\27.07.2023\PHASE 3\Solar Cleaner & Track Changer\CODE_G3_SC_08.06.2023\SOLAR CLEANER G3\iar\release\obj\source\OTHER\LPTimer
[33] = F:\PROJECTS\GANGES\2023\27.07.2023\PHASE 3\Solar Cleaner & Track Changer\CODE_G3_SC_08.06.2023\SOLAR CLEANER G3\iar\release\obj\source\OTHER\VBatREG
[34] = F:\PROJECTS\GANGES\2023\27.07.2023\PHASE 3\Solar Cleaner & Track Changer\CODE_G3_SC_08.06.2023\SOLAR CLEANER G3\iar\release\obj\source\OTHER\WDTimer
[35] = F:\PROJECTS\GANGES\2023\27.07.2023\PHASE 3\Solar Cleaner & Track Changer\CODE_G3_SC_08.06.2023\SOLAR CLEANER G3\iar\release\obj\source\PortInterrupt
[36] = F:\PROJECTS\GANGES\2023\27.07.2023\PHASE 3\Solar Cleaner & Track Changer\CODE_G3_SC_08.06.2023\SOLAR CLEANER G3\iar\release\obj\source\RTC
[37] = F:\PROJECTS\GANGES\2023\27.07.2023\PHASE 3\Solar Cleaner & Track Changer\CODE_G3_SC_08.06.2023\SOLAR CLEANER G3\iar\release\obj\source\Relay
[38] = F:\PROJECTS\GANGES\2023\27.07.2023\PHASE 3\Solar Cleaner & Track Changer\CODE_G3_SC_08.06.2023\SOLAR CLEANER G3\iar\release\obj\source\RobotControl
[39] = F:\PROJECTS\GANGES\2023\27.07.2023\PHASE 3\Solar Cleaner & Track Changer\CODE_G3_SC_08.06.2023\SOLAR CLEANER G3\iar\release\obj\source\RobotControl\BrushControl
[40] = F:\PROJECTS\GANGES\2023\27.07.2023\PHASE 3\Solar Cleaner & Track Changer\CODE_G3_SC_08.06.2023\SOLAR CLEANER G3\iar\release\obj\source\RobotOperation
[41] = F:\PROJECTS\GANGES\2023\27.07.2023\PHASE 3\Solar Cleaner & Track Changer\CODE_G3_SC_08.06.2023\SOLAR CLEANER G3\iar\release\obj\source\RobotOperation\AutoSchedule
[42] = F:\PROJECTS\GANGES\2023\27.07.2023\PHASE 3\Solar Cleaner & Track Changer\CODE_G3_SC_08.06.2023\SOLAR CLEANER G3\iar\release\obj\source\RobotOperation\CycleMode
[43] = F:\PROJECTS\GANGES\2023\27.07.2023\PHASE 3\Solar Cleaner & Track Changer\CODE_G3_SC_08.06.2023\SOLAR CLEANER G3\iar\release\obj\source\RobotOperation\FaultProcess
[44] = F:\PROJECTS\GANGES\2023\27.07.2023\PHASE 3\Solar Cleaner & Track Changer\CODE_G3_SC_08.06.2023\SOLAR CLEANER G3\iar\release\obj\source\RobotOperation\FaultProcess\OverCurrentFault
[45] = F:\PROJECTS\GANGES\2023\27.07.2023\PHASE 3\Solar Cleaner & Track Changer\CODE_G3_SC_08.06.2023\SOLAR CLEANER G3\iar\release\obj\source\RotateSense
[46] = F:\PROJECTS\GANGES\2023\27.07.2023\PHASE 3\Solar Cleaner & Track Changer\CODE_G3_SC_08.06.2023\SOLAR CLEANER G3\iar\release\obj\source\SDFAT
[47] = F:\PROJECTS\GANGES\2023\27.07.2023\PHASE 3\Solar Cleaner & Track Changer\CODE_G3_SC_08.06.2023\SOLAR CLEANER G3\iar\release\obj\source\SPI
[48] = F:\PROJECTS\GANGES\2023\27.07.2023\PHASE 3\Solar Cleaner & Track Changer\CODE_G3_SC_08.06.2023\SOLAR CLEANER G3\iar\release\obj\source\SWITCH
[49] = F:\PROJECTS\GANGES\2023\27.07.2023\PHASE 3\Solar Cleaner & Track Changer\CODE_G3_SC_08.06.2023\SOLAR CLEANER G3\iar\release\obj\source\TEMP SENSOR
[50] = F:\PROJECTS\GANGES\2023\27.07.2023\PHASE 3\Solar Cleaner & Track Changer\CODE_G3_SC_08.06.2023\SOLAR CLEANER G3\iar\release\obj\startup
[51] = F:\PROJECTS\GANGES\2023\27.07.2023\PHASE 3\Solar Cleaner & Track Changer\CODE_G3_SC_08.06.2023\SOLAR CLEANER G3\iar\release\obj\utilities
[52] = XbeeZigbeeAPI.a
[53] = dl7M_tlf.a
[54] = dlpprt7M_tl_fc.a
[55] = m7M_tls.a
[56] = rt7M_tl.a

  114'815 bytes of readonly  code memory
   12'922 bytes of readonly  data memory
   87'116 bytes of readwrite data memory

Errors: none
Warnings: none
